ARM Linker, 5.03 [Build 24] [MDK-ARM Professional]

==============================================================================

Section Cross References

    main.o(i.DSP_ABS) refers to arm_abs_f32.o(.text) for arm_abs_f32
    main.o(i.DSP_ABS) refers to f2d.o(.text) for __aeabi_f2d
    main.o(i.DSP_ABS) refers to printfa.o(i.__0printf) for __2printf
    main.o(i.DSP_ABS) refers to arm_abs_q31.o(.text) for arm_abs_q31
    main.o(i.DSP_ABS) refers to arm_abs_q15.o(.text) for arm_abs_q15
    main.o(i.DSP_ABS) refers to arm_abs_q7.o(.text) for arm_abs_q7
    main.o(i.DSP_ABS) refers to main.o(.data) for pSrc
    main.o(i.DSP_Add) refers to arm_add_f32.o(.text) for arm_add_f32
    main.o(i.DSP_Add) refers to f2d.o(.text) for __aeabi_f2d
    main.o(i.DSP_Add) refers to printfa.o(i.__0printf) for __2printf
    main.o(i.DSP_Add) refers to arm_add_q31.o(.text) for arm_add_q31
    main.o(i.DSP_Add) refers to arm_add_q15.o(.text) for arm_add_q15
    main.o(i.DSP_Add) refers to arm_add_q7.o(.text) for arm_add_q7
    main.o(i.DSP_Add) refers to main.o(.data) for pSrcA
    main.o(i.DSP_DotProduct) refers to arm_dot_prod_f32.o(.text) for arm_dot_prod_f32
    main.o(i.DSP_DotProduct) refers to f2d.o(.text) for __aeabi_f2d
    main.o(i.DSP_DotProduct) refers to printfa.o(i.__0printf) for __2printf
    main.o(i.DSP_DotProduct) refers to arm_dot_prod_q31.o(.text) for arm_dot_prod_q31
    main.o(i.DSP_DotProduct) refers to arm_dot_prod_q15.o(.text) for arm_dot_prod_q15
    main.o(i.DSP_DotProduct) refers to arm_dot_prod_q7.o(.text) for arm_dot_prod_q7
    main.o(i.DSP_DotProduct) refers to main.o(.data) for pSrcA
    main.o(i.DSP_Multiplication) refers to arm_mult_f32.o(.text) for arm_mult_f32
    main.o(i.DSP_Multiplication) refers to f2d.o(.text) for __aeabi_f2d
    main.o(i.DSP_Multiplication) refers to printfa.o(i.__0printf) for __2printf
    main.o(i.DSP_Multiplication) refers to arm_mult_q31.o(.text) for arm_mult_q31
    main.o(i.DSP_Multiplication) refers to arm_mult_q15.o(.text) for arm_mult_q15
    main.o(i.DSP_Multiplication) refers to arm_mult_q7.o(.text) for arm_mult_q7
    main.o(i.DSP_Multiplication) refers to main.o(.data) for pSrcA
    main.o(i.DSP_Multiplication) refers to main.o(.bss) for pDst
    main.o(i.PrintfLogo) refers to printfa.o(i.__0printf) for __2printf
    main.o(i.arm_iir_f32_bp) refers to arm_biquad_cascade_df1_init_f32.o(.text) for arm_biquad_cascade_df1_init_f32
    main.o(i.arm_iir_f32_bp) refers to arm_biquad_cascade_df1_f32.o(.text) for arm_biquad_cascade_df1_f32
    main.o(i.arm_iir_f32_bp) refers to main.o(.data) for u8Flag
    main.o(i.arm_iir_f32_bp) refers to main.o(.bss) for IIRStateF32
    main.o(i.arm_iir_f32_bp) refers to main.o(.constdata) for IIRCoeffs32BP
    main.o(i.main) refers to bsp.o(i.bsp_Init) for bsp_Init
    main.o(i.main) refers to main.o(i.PrintfLogo) for PrintfLogo
    main.o(i.main) refers to bsp_timer.o(i.bsp_StartAutoTimer) for bsp_StartAutoTimer
    main.o(i.main) refers to dualtimermasterslave_md.o(i.DualTimer_Init) for DualTimer_Init
    main.o(i.main) refers to arm_sin_f32.o(.text) for arm_sin_f32
    main.o(i.main) refers to main.o(i.arm_iir_f32_bp) for arm_iir_f32_bp
    main.o(i.main) refers to bsp.o(i.bsp_Idle) for bsp_Idle
    main.o(i.main) refers to bsp_timer.o(i.bsp_CheckTimer) for bsp_CheckTimer
    main.o(i.main) refers to bsp_led.o(i.bsp_LedToggle) for bsp_LedToggle
    main.o(i.main) refers to bsp_key.o(i.bsp_GetKey) for bsp_GetKey
    main.o(i.main) refers to main.o(i.DSP_ABS) for DSP_ABS
    main.o(i.main) refers to main.o(i.DSP_Add) for DSP_Add
    main.o(i.main) refers to main.o(i.DSP_DotProduct) for DSP_DotProduct
    main.o(i.main) refers to main.o(i.DSP_Multiplication) for DSP_Multiplication
    main.o(i.main) refers to main.o(.data) for su32Pointer
    main.o(i.main) refers to main.o(.bss) for testInput_f32_50Hz_200Hz
    bsp_key.o(i.IsKeyDown10) refers to bsp_key.o(i.IsKeyDown1) for IsKeyDown1
    bsp_key.o(i.IsKeyDown10) refers to bsp_key.o(i.IsKeyDown2) for IsKeyDown2
    bsp_key.o(i.IsKeyDown9) refers to bsp_key.o(i.IsKeyDown1) for IsKeyDown1
    bsp_key.o(i.IsKeyDown9) refers to bsp_key.o(i.IsKeyDown2) for IsKeyDown2
    bsp_key.o(i.bsp_ClearKey) refers to bsp_key.o(.bss) for s_tKey
    bsp_key.o(i.bsp_DetectKey) refers to bsp_key.o(i.bsp_PutKey) for bsp_PutKey
    bsp_key.o(i.bsp_DetectKey) refers to bsp_key.o(.bss) for s_tBtn
    bsp_key.o(i.bsp_GetKey) refers to bsp_key.o(.bss) for s_tKey
    bsp_key.o(i.bsp_GetKey2) refers to bsp_key.o(.bss) for s_tKey
    bsp_key.o(i.bsp_GetKeyState) refers to bsp_key.o(.bss) for s_tBtn
    bsp_key.o(i.bsp_InitKey) refers to bsp_key.o(i.bsp_InitKeyVar) for bsp_InitKeyVar
    bsp_key.o(i.bsp_InitKey) refers to bsp_key.o(i.bsp_InitKeyHard) for bsp_InitKeyHard
    bsp_key.o(i.bsp_InitKeyHard) refers to stm32f4xx_rcc.o(i.RCC_AHB1PeriphClockCmd) for RCC_AHB1PeriphClockCmd
    bsp_key.o(i.bsp_InitKeyHard) refers to stm32f4xx_gpio.o(i.GPIO_Init) for GPIO_Init
[...]
    ../clib/microlib/longlong.c              0x00000000   Number         0  llushr.o ABSOLUTE
    ../clib/microlib/printf/printf.c         0x00000000   Number         0  printfb.o ABSOLUTE
    ../clib/microlib/printf/printf.c         0x00000000   Number         0  printf0.o ABSOLUTE
    ../clib/microlib/printf/printf.c         0x00000000   Number         0  printf1.o ABSOLUTE
    ../clib/microlib/printf/printf.c         0x00000000   Number         0  printf2.o ABSOLUTE
    ../clib/microlib/printf/printf.c         0x00000000   Number         0  printf3.o ABSOLUTE
    ../clib/microlib/printf/printf.c         0x00000000   Number         0  printf4.o ABSOLUTE
    ../clib/microlib/printf/printf.c         0x00000000   Number         0  printf5.o ABSOLUTE
    ../clib/microlib/printf/printf.c         0x00000000   Number         0  printf6.o ABSOLUTE
    ../clib/microlib/printf/printf.c         0x00000000   Number         0  printf7.o ABSOLUTE
    ../clib/microlib/printf/printf.c         0x00000000   Number         0  printf8.o ABSOLUTE
    ../clib/microlib/printf/printf.c         0x00000000   Number         0  printfa.o ABSOLUTE
    ../clib/microlib/printf/stubs.s          0x00000000   Number         0  stubs.o ABSOLUTE
    ../clib/microlib/stdio/streams.c         0x00000000   Number         0  stdout.o ABSOLUTE
    ../clib/microlib/string/memcpy.c         0x00000000   Number         0  memcpya.o ABSOLUTE
    ../clib/microlib/string/memcpy.c         0x00000000   Number         0  memcpyb.o ABSOLUTE
    ../clib/microlib/string/memset.c         0x00000000   Number         0  memseta.o ABSOLUTE
    ../clib/microlib/string/strlen.c         0x00000000   Number         0  strlen.o ABSOLUTE
    ../clib/microlib/stubs.s                 0x00000000   Number         0  iusefp.o ABSOLUTE
    ../fplib/microlib/f2d.c                  0x00000000   Number         0  f2d.o ABSOLUTE
    ../fplib/microlib/fpadd.c                0x00000000   Number         0  dadd.o ABSOLUTE
    ../fplib/microlib/fpdiv.c                0x00000000   Number         0  ddiv.o ABSOLUTE
    ../fplib/microlib/fpepilogue.c           0x00000000   Number         0  depilogue.o ABSOLUTE
    ../fplib/microlib/fpfix.c                0x00000000   Number         0  dfixul.o ABSOLUTE
    ../fplib/microlib/fpmul.c                0x00000000   Number         0  dmul.o ABSOLUTE
    ..\..\Libraries\CMSIS\Device\ST\STM32F4xx\Source\Templates\arm\startup_stm32f40_41xxx.s 0x00000000   Number         0  startup_stm32f40_41xxx.o ABSOLUTE
    ..\..\Libraries\STM32F4xx_StdPeriph_Driver\src\misc.c 0x00000000   Number         0  misc.o ABSOLUTE
    ..\..\Libraries\STM32F4xx_StdPeriph_Driver\src\stm32f4xx_adc.c 0x00000000   Number         0  stm32f4xx_adc.o ABSOLUTE
    ..\..\Libraries\STM32F4xx_StdPeriph_Driver\src\stm32f4xx_dma.c 0x00000000   Number         0  stm32f4xx_dma.o ABSOLUTE
    ..\..\Libraries\STM32F4xx_StdPeriph_Driver\src\stm32f4xx_gpio.c 0x00000000   Number         0  stm32f4xx_gpio.o ABSOLUTE
    ..\..\Libraries\STM32F4xx_StdPeriph_Driver\src\stm32f4xx_rcc.c 0x00000000   Number         0  stm32f4xx_rcc.o ABSOLUTE
    ..\..\Libraries\STM32F4xx_StdPeriph_Driver\src\stm32f4xx_syscfg.c 0x00000000   Number         0  stm32f4xx_syscfg.o ABSOLUTE
    ..\..\Libraries\STM32F4xx_StdPeriph_Driver\src\stm32f4xx_tim.c 0x00000000   Number         0  stm32f4xx_tim.o ABSOLUTE
    ..\..\Libraries\STM32F4xx_StdPeriph_Driver\src\stm32f4xx_usart.c 0x00000000   Number         0  stm32f4xx_usart.o ABSOLUTE
    ..\..\User\MiddleWareDrv\DualTimerMasterSlave_MD.c 0x00000000   Number         0  dualtimermasterslave_md.o ABSOLUTE
    ..\..\User\bsp_stm32f4xx\bsp.c           0x00000000   Number         0  bsp.o ABSOLUTE
    ..\..\User\bsp_stm32f4xx\src\bsp_key.c   0x00000000   Number         0  bsp_key.o ABSOLUTE
    ..\..\User\bsp_stm32f4xx\src\bsp_led.c   0x00000000   Number         0  bsp_led.o ABSOLUTE
    ..\..\User\bsp_stm32f4xx\src\bsp_modbus.c 0x00000000   Number         0  bsp_modbus.o ABSOLUTE
    ..\..\User\bsp_stm32f4xx\src\bsp_timer.c 0x00000000   Number         0  bsp_timer.o ABSOLUTE
    ..\..\User\bsp_stm32f4xx\src\bsp_uart_fifo.c 0x00000000   Number         0  bsp_uart_fifo.o ABSOLUTE
    ..\..\User\bsp_stm32f4xx\src\bsp_user_lib.c 0x00000000   Number         0  bsp_user_lib.o ABSOLUTE
    ..\..\User\bsp_stm32f4xx\stm32f4xx_assert.c 0x00000000   Number         0  stm32f4xx_assert.o ABSOLUTE
    ..\..\User\bsp_stm32f4xx\stm32f4xx_it.c  0x00000000   Number         0  stm32f4xx_it.o ABSOLUTE
    ..\..\User\bsp_stm32f4xx\system_stm32f4xx.c 0x00000000   Number         0  system_stm32f4xx.o ABSOLUTE
    ..\..\User\main.c                        0x00000000   Number         0  main.o ABSOLUTE
    ..\BasicMathFunctions\arm_abs_f32.c      0x00000000   Number         0  arm_abs_f32.o ABSOLUTE
    ..\BasicMathFunctions\arm_abs_q15.c      0x00000000   Number         0  arm_abs_q15.o ABSOLUTE
    ..\BasicMathFunctions\arm_abs_q31.c      0x00000000   Number         0  arm_abs_q31.o ABSOLUTE
    ..\BasicMathFunctions\arm_abs_q7.c       0x00000000   Number         0  arm_abs_q7.o ABSOLUTE
    ..\BasicMathFunctions\arm_add_f32.c      0x00000000   Number         0  arm_add_f32.o ABSOLUTE
    ..\BasicMathFunctions\arm_add_q15.c      0x00000000   Number         0  arm_add_q15.o ABSOLUTE
    ..\BasicMathFunctions\arm_add_q31.c      0x00000000   Number         0  arm_add_q31.o ABSOLUTE
    ..\BasicMathFunctions\arm_add_q7.c       0x00000000   Number         0  arm_add_q7.o ABSOLUTE
    ..\BasicMathFunctions\arm_dot_prod_f32.c 0x00000000   Number         0  arm_dot_prod_f32.o ABSOLUTE
    ..\BasicMathFunctions\arm_dot_prod_q15.c 0x00000000   Number         0  arm_dot_prod_q15.o ABSOLUTE
    ..\BasicMathFunctions\arm_dot_prod_q31.c 0x00000000   Number         0  arm_dot_prod_q31.o ABSOLUTE
    ..\BasicMathFunctions\arm_dot_prod_q7.c  0x00000000   Number         0  arm_dot_prod_q7.o ABSOLUTE
    ..\BasicMathFunctions\arm_mult_f32.c     0x00000000   Number         0  arm_mult_f32.o ABSOLUTE
    ..\BasicMathFunctions\arm_mult_q15.c     0x00000000   Number         0  arm_mult_q15.o ABSOLUTE
    ..\BasicMathFunctions\arm_mult_q31.c     0x00000000   Number         0  arm_mult_q31.o ABSOLUTE
    ..\BasicMathFunctions\arm_mult_q7.c      0x00000000   Number         0  arm_mult_q7.o ABSOLUTE
    ..\CommonTables\arm_common_tables.c      0x00000000   Number         0  arm_common_tables.o ABSOLUTE
    ..\FastMathFunctions\arm_sin_f32.c       0x00000000   Number         0  arm_sin_f32.o ABSOLUTE
    ..\FilteringFunctions\arm_biquad_cascade_df1_f32.c 0x00000000   Number         0  arm_biquad_cascade_df1_f32.o ABSOLUTE
    ..\FilteringFunctions\arm_biquad_cascade_df1_init_f32.c 0x00000000   Number         0  arm_biquad_cascade_df1_init_f32.o ABSOLUTE
    ..\\..\\Libraries\\STM32F4xx_StdPeriph_Driver\\src\\misc.c 0x00000000   Number         0  misc.o ABSOLUTE
    ..\\..\\Libraries\\STM32F4xx_StdPeriph_Driver\\src\\stm32f4xx_adc.c 0x00000000   Number         0  stm32f4xx_adc.o ABSOLUTE
    ..\\..\\Libraries\\STM32F4xx_StdPeriph_Driver\\src\\stm32f4xx_dma.c 0x00000000   Number         0  stm32f4xx_dma.o ABSOLUTE
    ..\\..\\Libraries\\STM32F4xx_StdPeriph_Driver\\src\\stm32f4xx_gpio.c 0x00000000   Number         0  stm32f4xx_gpio.o ABSOLUTE
    ..\\..\\Libraries\\STM32F4xx_StdPeriph_Driver\\src\\stm32f4xx_rcc.c 0x00000000   Number         0  stm32f4xx_rcc.o ABSOLUTE
    ..\\..\\Libraries\\STM32F4xx_StdPeriph_Driver\\src\\stm32f4xx_syscfg.c 0x00000000   Number         0  stm32f4xx_syscfg.o ABSOLUTE
    ..\\..\\Libraries\\STM32F4xx_StdPeriph_Driver\\src\\stm32f4xx_tim.c 0x00000000   Number         0  stm32f4xx_tim.o ABSOLUTE
    ..\\..\\Libraries\\STM32F4xx_StdPeriph_Driver\\src\\stm32f4xx_usart.c 0x00000000   Number         0  stm32f4xx_usart.o ABSOLUTE
    ..\\..\\User\\MiddleWareDrv\\DualTimerMasterSlave_MD.c 0x00000000   Number         0  dualtimermasterslave_md.o ABSOLUTE
    ..\\..\\User\\bsp_stm32f4xx\\bsp.c       0x00000000   Number         0  bsp.o ABSOLUTE
    ..\\..\\User\\bsp_stm32f4xx\\src\\bsp_key.c 0x00000000   Number         0  bsp_key.o ABSOLUTE
    ..\\..\\User\\bsp_stm32f4xx\\src\\bsp_led.c 0x00000000   Number         0  bsp_led.o ABSOLUTE
    ..\\..\\User\\bsp_stm32f4xx\\src\\bsp_modbus.c 0x00000000   Number         0  bsp_modbus.o ABSOLUTE
    ..\\..\\User\\bsp_stm32f4xx\\src\\bsp_timer.c 0x00000000   Number         0  bsp_timer.o ABSOLUTE
    ..\\..\\User\\bsp_stm32f4xx\\src\\bsp_uart_fifo.c 0x00000000   Number         0  bsp_uart_fifo.o ABSOLUTE
    ..\\..\\User\\bsp_stm32f4xx\\src\\bsp_user_lib.c 0x00000000   Number         0  bsp_user_lib.o ABSOLUTE
    ..\\..\\User\\bsp_stm32f4xx\\stm32f4xx_assert.c 0x00000000   Number         0  stm32f4xx_assert.o ABSOLUTE
    ..\\..\\User\\bsp_stm32f4xx\\stm32f4xx_it.c 0x00000000   Number         0  stm32f4xx_it.o ABSOLUTE
    ..\\..\\User\\bsp_stm32f4xx\\system_stm32f4xx.c 0x00000000   Number         0  system_stm32f4xx.o ABSOLUTE
    ..\\..\\User\\main.c                     0x00000000   Number         0  main.o ABSOLUTE
    ..\\BasicMathFunctions\\arm_abs_f32.c    0x00000000   Number         0  arm_abs_f32.o ABSOLUTE
    ..\\BasicMathFunctions\\arm_abs_q15.c    0x00000000   Number         0  arm_abs_q15.o ABSOLUTE
    ..\\BasicMathFunctions\\arm_abs_q31.c    0x00000000   Number         0  arm_abs_q31.o ABSOLUTE
    ..\\BasicMathFunctions\\arm_abs_q7.c     0x00000000   Number         0  arm_abs_q7.o ABSOLUTE
    ..\\BasicMathFunctions\\arm_add_f32.c    0x00000000   Number         0  arm_add_f32.o ABSOLUTE
    ..\\BasicMathFunctions\\arm_add_q15.c    0x00000000   Number         0  arm_add_q15.o ABSOLUTE
    ..\\BasicMathFunctions\\arm_add_q31.c    0x00000000   Number         0  arm_add_q31.o ABSOLUTE
    ..\\BasicMathFunctions\\arm_add_q7.c     0x00000000   Number         0  arm_add_q7.o ABSOLUTE
    ..\\BasicMathFunctions\\arm_dot_prod_f32.c 0x00000000   Number         0  arm_dot_prod_f32.o ABSOLUTE
    ..\\BasicMathFunctions\\arm_dot_prod_q15.c 0x00000000   Number         0  arm_dot_prod_q15.o ABSOLUTE
    ..\\BasicMathFunctions\\arm_dot_prod_q31.c 0x00000000   Number         0  arm_dot_prod_q31.o ABSOLUTE
    ..\\BasicMathFunctions\\arm_dot_prod_q7.c 0x00000000   Number         0  arm_dot_prod_q7.o ABSOLUTE
    ..\\BasicMathFunctions\\arm_mult_f32.c   0x00000000   Number         0  arm_mult_f32.o ABSOLUTE
    ..\\BasicMathFunctions\\arm_mult_q15.c   0x00000000   Number         0  arm_mult_q15.o ABSOLUTE
    ..\\BasicMathFunctions\\arm_mult_q31.c   0x00000000   Number         0  arm_mult_q31.o ABSOLUTE
    ..\\BasicMathFunctions\\arm_mult_q7.c    0x00000000   Number         0  arm_mult_q7.o ABSOLUTE
    ..\\CommonTables\\arm_common_tables.c    0x00000000   Number         0  arm_common_tables.o ABSOLUTE
    ..\\FastMathFunctions\\arm_sin_f32.c     0x00000000   Number         0  arm_sin_f32.o ABSOLUTE
    ..\\FilteringFunctions\\arm_biquad_cascade_df1_f32.c 0x00000000   Number         0  arm_biquad_cascade_df1_f32.o ABSOLUTE
    ..\\FilteringFunctions\\arm_biquad_cascade_df1_init_f32.c 0x00000000   Number         0  arm_biquad_cascade_df1_init_f32.o ABSOLUTE
    cdrcmple.s                               0x00000000   Number         0  cdrcmple.o ABSOLUTE
    dc.s                                     0x00000000   Number         0  dc.o ABSOLUTE
    handlers.s                               0x00000000   Number         0  handlers.o ABSOLUTE
    init.s                                   0x00000000   Number         0  init.o ABSOLUTE
    RESET                                    0x08000000   Section      392  startup_stm32f40_41xxx.o(RESET)
    .ARM.Collect$$$$00000000                 0x08000188   Section        0  entry.o(.ARM.Collect$$$$00000000)
    .ARM.Collect$$$$00000001                 0x08000188   Section        4  entry2.o(.ARM.Collect$$$$00000001)
    .ARM.Collect$$$$00000004                 0x0800018c   Section        4  entry5.o(.ARM.Collect$$$$00000004)
    .ARM.Collect$$$$00000008                 0x08000190   Section        0  entry7b.o(.ARM.Collect$$$$00000008)
    .ARM.Collect$$$$0000000A                 0x08000190   Section        0  entry8b.o(.ARM.Collect$$$$0000000A)
    .ARM.Collect$$$$0000000B                 0x08000190   Section        8  entry9a.o(.ARM.Collect$$$$0000000B)
    .ARM.Collect$$$$0000000D                 0x08000198   Section        0  entry10a.o(.ARM.Collect$$$$0000000D)
    .ARM.Collect$$$$0000000F                 0x08000198   Section        0  entry11a.o(.ARM.Collect$$$$0000000F)
    .ARM.Collect$$$$00002712                 0x08000198   Section        4  entry2.o(.ARM.Collect$$$$00002712)
    __lit__00000000                          0x08000198   Data           4  entry2.o(.ARM.Collect$$$$00002712)
    .text                                    0x0800019c   Section       36  startup_stm32f40_41xxx.o(.text)
    $v0                                      0x0800019c   Number         0  startup_stm32f40_41xxx.o(.text)
    .text                                    0x080001c0   Section        0  arm_abs_f32.o(.text)
    .text                                    0x08000264   Section        0  arm_abs_q7.o(.text)
    .text                                    0x0800034c   Section        0  arm_abs_q15.o(.text)
    .text                                    0x080003d4   Section        0  arm_abs_q31.o(.text)
    .text                                    0x080004bc   Section        0  arm_add_f32.o(.text)
    .text                                    0x0800058e   Section        0  arm_add_q7.o(.text)
    .text                                    0x08000630   Section        0  arm_add_q15.o(.text)
    .text                                    0x08000680   Section        0  arm_add_q31.o(.text)
    .text                                    0x080006fc   Section        0  arm_dot_prod_f32.o(.text)
    .text                                    0x08000800   Section        0  arm_dot_prod_q7.o(.text)
    .text                                    0x08000854   Section        0  arm_dot_prod_q15.o(.text)
    .text                                    0x0800089c   Section        0  arm_dot_prod_q31.o(.text)
    .text                                    0x08000a00   Section        0  arm_mult_f32.o(.text)
    .text                                    0x08000ad4   Section        0  arm_mult_q7.o(.text)
    .text                                    0x08000bdc   Section        0  arm_mult_q15.o(.text)
    .text                                    0x08000cc4   Section        0  arm_mult_q31.o(.text)
    .text                                    0x08000dd8   Section        0  arm_sin_f32.o(.text)
    .text                                    0x08000e4c   Section        0  arm_biquad_cascade_df1_f32.o(.text)
    .text                                    0x08000f98   Section        0  arm_biquad_cascade_df1_init_f32.o(.text)
    .text                                    0x08000fae   Section        0  memseta.o(.text)
    .text                                    0x08000fd2   Section        0  f2d.o(.text)
    .text                                    0x08000ff8   Section        0  uidiv.o(.text)
    .text                                    0x08001024   Section        0  uldiv.o(.text)
    .text                                    0x08001086   Section        0  iusefp.o(.text)
    .text                                    0x08001086   Section        0  dadd.o(.text)
    .text                                    0x080011d4   Section        0  dmul.o(.text)
    .text                                    0x080012b8   Section        0  ddiv.o(.text)
    .text                                    0x08001396   Section        0  dfixul.o(.text)
    .text                                    0x080013c8   Section       40  cdrcmple.o(.text)
    .text                                    0x080013f0   Section       36  init.o(.text)
    .text                                    0x08001414   Section        0  llshl.o(.text)
    .text                                    0x08001432   Section        0  llushr.o(.text)
    .text                                    0x08001452   Section        0  llsshr.o(.text)
    .text                                    0x08001476   Section        0  depilogue.o(.text)
    .text                                    0x08001534   Section        0  __dczerorl2.o(.text)
    i.BusFault_Handler                       0x08001590   Section        0  stm32f4xx_it.o(i.BusFault_Handler)
    i.ComToUart                              0x08001594   Section        0  bsp_uart_fifo.o(i.ComToUart)
    i.ConfigUartNVIC                         0x080015d8   Section        0  bsp_uart_fifo.o(i.ConfigUartNVIC)
    ConfigUartNVIC                           0x080015d9   Thumb Code    98  bsp_uart_fifo.o(i.ConfigUartNVIC)
    i.DSP_ABS                                0x0800163c   Section        0  main.o(i.DSP_ABS)
    DSP_ABS                                  0x0800163d   Thumb Code   184  main.o(i.DSP_ABS)
    i.DSP_Add                                0x080017a0   Section        0  main.o(i.DSP_Add)
    DSP_Add                                  0x080017a1   Thumb Code   180  main.o(i.DSP_Add)
    i.DSP_DotProduct                         0x080018fc   Section        0  main.o(i.DSP_DotProduct)
    DSP_DotProduct                           0x080018fd   Thumb Code   180  main.o(i.DSP_DotProduct)
    i.DSP_Multiplication                     0x08001a74   Section        0  main.o(i.DSP_Multiplication)
    DSP_Multiplication                       0x08001a75   Thumb Code   188  main.o(i.DSP_Multiplication)
    i.DebugMon_Handler                       0x08001bdc   Section        0  stm32f4xx_it.o(i.DebugMon_Handler)
    i.DualTimer_Init                         0x08001be0   Section        0  dualtimermasterslave_md.o(i.DualTimer_Init)
    i.GPIO_Init                              0x08001d1c   Section        0  stm32f4xx_gpio.o(i.GPIO_Init)
    i.GPIO_PinAFConfig                       0x08001dac   Section        0  stm32f4xx_gpio.o(i.GPIO_PinAFConfig)
    i.HardFault_Handler                      0x08001df4   Section        0  stm32f4xx_it.o(i.HardFault_Handler)
    i.InitHardUart                           0x08001e48   Section        0  bsp_uart_fifo.o(i.InitHardUart)
    InitHardUart                             0x08001e49   Thumb Code   710  bsp_uart_fifo.o(i.InitHardUart)
    i.IsKeyDown1                             0x08002130   Section        0  bsp_key.o(i.IsKeyDown1)
    IsKeyDown1                               0x08002131   Thumb Code    18  bsp_key.o(i.IsKeyDown1)
    i.IsKeyDown10                            0x08002148   Section        0  bsp_key.o(i.IsKeyDown10)
    IsKeyDown10                              0x08002149   Thumb Code    22  bsp_key.o(i.IsKeyDown10)
    i.IsKeyDown2                             0x08002160   Section        0  bsp_key.o(i.IsKeyDown2)
    IsKeyDown2                               0x08002161   Thumb Code    18  bsp_key.o(i.IsKeyDown2)
    i.IsKeyDown3                             0x08002178   Section        0  bsp_key.o(i.IsKeyDown3)
    IsKeyDown3                               0x08002179   Thumb Code    18  bsp_key.o(i.IsKeyDown3)
    i.IsKeyDown4                             0x08002190   Section        0  bsp_key.o(i.IsKeyDown4)
    IsKeyDown4                               0x08002191   Thumb Code    18  bsp_key.o(i.IsKeyDown4)
    i.IsKeyDown5                             0x080021a8   Section        0  bsp_key.o(i.IsKeyDown5)
    IsKeyDown5                               0x080021a9   Thumb Code    18  bsp_key.o(i.IsKeyDown5)
    i.IsKeyDown6                             0x080021c0   Section        0  bsp_key.o(i.IsKeyDown6)
    IsKeyDown6                               0x080021c1   Thumb Code    18  bsp_key.o(i.IsKeyDown6)
    i.IsKeyDown7                             0x080021d8   Section        0  bsp_key.o(i.IsKeyDown7)
    IsKeyDown7                               0x080021d9   Thumb Code    18  bsp_key.o(i.IsKeyDown7)
    i.IsKeyDown8                             0x080021f0   Section        0  bsp_key.o(i.IsKeyDown8)
    IsKeyDown8                               0x080021f1   Thumb Code    18  bsp_key.o(i.IsKeyDown8)
    i.IsKeyDown9                             0x08002208   Section        0  bsp_key.o(i.IsKeyDown9)
    IsKeyDown9                               0x08002209   Thumb Code    22  bsp_key.o(i.IsKeyDown9)
    i.MODBUS_ReciveNew                       0x08002220   Section        0  bsp_modbus.o(i.MODBUS_ReciveNew)
    i.MODBUS_RxTimeOut                       0x08002268   Section        0  bsp_modbus.o(i.MODBUS_RxTimeOut)
    MODBUS_RxTimeOut                         0x08002269   Thumb Code     8  bsp_modbus.o(i.MODBUS_RxTimeOut)
    i.MemManage_Handler                      0x08002274   Section        0  stm32f4xx_it.o(i.MemManage_Handler)
    i.NMI_Handler                            0x08002278   Section        0  stm32f4xx_it.o(i.NMI_Handler)
    i.NVIC_Init                              0x0800227c   Section        0  misc.o(i.NVIC_Init)
    i.PendSV_Handler                         0x080022f4   Section        0  stm32f4xx_it.o(i.PendSV_Handler)
    i.PrintfLogo                             0x080022f8   Section        0  main.o(i.PrintfLogo)
    PrintfLogo                               0x080022f9   Thumb Code   118  main.o(i.PrintfLogo)
    i.RCC_AHB1PeriphClockCmd                 0x08002530   Section        0  stm32f4xx_rcc.o(i.RCC_AHB1PeriphClockCmd)
    i.RCC_APB1PeriphClockCmd                 0x08002550   Section        0  stm32f4xx_rcc.o(i.RCC_APB1PeriphClockCmd)
    i.RCC_APB2PeriphClockCmd                 0x08002570   Section        0  stm32f4xx_rcc.o(i.RCC_APB2PeriphClockCmd)
    i.RCC_GetClocksFreq                      0x08002590   Section        0  stm32f4xx_rcc.o(i.RCC_GetClocksFreq)
    i.RS485_InitTXE                          0x08002678   Section        0  bsp_uart_fifo.o(i.RS485_InitTXE)
    i.RS485_ReciveNew                        0x080026ac   Section        0  bsp_uart_fifo.o(i.RS485_ReciveNew)
    i.RS485_SendBefor                        0x080026b8   Section        0  bsp_uart_fifo.o(i.RS485_SendBefor)
    i.RS485_SendOver                         0x080026c4   Section        0  bsp_uart_fifo.o(i.RS485_SendOver)
    i.SVC_Handler                            0x080026d0   Section        0  stm32f4xx_it.o(i.SVC_Handler)
    i.SetSysClock                            0x080026d4   Section        0  system_stm32f4xx.o(i.SetSysClock)
    SetSysClock                              0x080026d5   Thumb Code   218  system_stm32f4xx.o(i.SetSysClock)
    i.SysTick_Handler                        0x080027c0   Section        0  bsp_timer.o(i.SysTick_Handler)
    i.SysTick_ISR                            0x080027c8   Section        0  bsp_timer.o(i.SysTick_ISR)
    i.SystemInit                             0x0800284c   Section        0  system_stm32f4xx.o(i.SystemInit)
    i.TIM5_IRQHandler                        0x080028b4   Section        0  bsp_timer.o(i.TIM5_IRQHandler)
    i.TIM_ClearITPendingBit                  0x08002954   Section        0  stm32f4xx_tim.o(i.TIM_ClearITPendingBit)
    i.TIM_Cmd                                0x0800295a   Section        0  stm32f4xx_tim.o(i.TIM_Cmd)
    i.TIM_CtrlPWMOutputs                     0x08002972   Section        0  stm32f4xx_tim.o(i.TIM_CtrlPWMOutputs)
    i.TIM_GetCounter                         0x08002990   Section        0  stm32f4xx_tim.o(i.TIM_GetCounter)
    i.TIM_GetITStatus                        0x08002996   Section        0  stm32f4xx_tim.o(i.TIM_GetITStatus)
    i.TIM_ITConfig                           0x080029b8   Section        0  stm32f4xx_tim.o(i.TIM_ITConfig)
    i.TIM_OC2Init                            0x080029cc   Section        0  stm32f4xx_tim.o(i.TIM_OC2Init)
    i.TIM_SelectInputTrigger                 0x08002a70   Section        0  stm32f4xx_tim.o(i.TIM_SelectInputTrigger)
    i.TIM_SelectMasterSlaveMode              0x08002a82   Section        0  stm32f4xx_tim.o(i.TIM_SelectMasterSlaveMode)
    i.TIM_SelectOutputTrigger                0x08002a94   Section        0  stm32f4xx_tim.o(i.TIM_SelectOutputTrigger)
    i.TIM_SelectSlaveMode                    0x08002aa6   Section        0  stm32f4xx_tim.o(i.TIM_SelectSlaveMode)
    i.TIM_SetCompare1                        0x08002ab8   Section        0  stm32f4xx_tim.o(i.TIM_SetCompare1)
    i.TIM_SetCompare2                        0x08002abc   Section        0  stm32f4xx_tim.o(i.TIM_SetCompare2)
    i.TIM_SetCompare3                        0x08002ac0   Section        0  stm32f4xx_tim.o(i.TIM_SetCompare3)
    i.TIM_SetCompare4                        0x08002ac4   Section        0  stm32f4xx_tim.o(i.TIM_SetCompare4)
    i.TIM_TimeBaseInit                       0x08002ac8   Section        0  stm32f4xx_tim.o(i.TIM_TimeBaseInit)
    i.TIM_TimeBaseStructInit                 0x08002b4c   Section        0  stm32f4xx_tim.o(i.TIM_TimeBaseStructInit)
    i.USART1_IRQHandler                      0x08002b60   Section        0  bsp_uart_fifo.o(i.USART1_IRQHandler)
    i.USART2_IRQHandler                      0x08002b70   Section        0  bsp_uart_fifo.o(i.USART2_IRQHandler)
    i.USART3_IRQHandler                      0x08002b80   Section        0  bsp_uart_fifo.o(i.USART3_IRQHandler)
    i.USART6_IRQHandler                      0x08002b90   Section        0  bsp_uart_fifo.o(i.USART6_IRQHandler)
    i.USART_ClearFlag                        0x08002ba0   Section        0  stm32f4xx_usart.o(i.USART_ClearFlag)
    i.USART_Cmd                              0x08002bb2   Section        0  stm32f4xx_usart.o(i.USART_Cmd)
    i.USART_GetITStatus                      0x08002bca   Section        0  stm32f4xx_usart.o(i.USART_GetITStatus)
    i.USART_ITConfig                         0x08002c1e   Section        0  stm32f4xx_usart.o(i.USART_ITConfig)
    i.USART_Init                             0x08002c68   Section        0  stm32f4xx_usart.o(i.USART_Init)
    i.USART_ReceiveData                      0x08002d3c   Section        0  stm32f4xx_usart.o(i.USART_ReceiveData)
    i.USART_SendData                         0x08002d46   Section        0  stm32f4xx_usart.o(i.USART_SendData)
    i.UartIRQ                                0x08002d4e   Section        0  bsp_uart_fifo.o(i.UartIRQ)
    UartIRQ                                  0x08002d4f   Thumb Code   230  bsp_uart_fifo.o(i.UartIRQ)
    i.UartSend                               0x08002e34   Section        0  bsp_uart_fifo.o(i.UartSend)
    UartSend                                 0x08002e35   Thumb Code   114  bsp_uart_fifo.o(i.UartSend)
    i.UartVarInit                            0x08002ea8   Section        0  bsp_uart_fifo.o(i.UartVarInit)
    UartVarInit                              0x08002ea9   Thumb Code   176  bsp_uart_fifo.o(i.UartVarInit)
    i.UsageFault_Handler                     0x08002fa4   Section        0  stm32f4xx_it.o(i.UsageFault_Handler)
    i.__0printf                              0x08002fa8   Section        0  printfa.o(i.__0printf)
    i.__scatterload_copy                     0x08002fc8   Section       14  handlers.o(i.__scatterload_copy)
    i.__scatterload_null                     0x08002fd6   Section        2  handlers.o(i.__scatterload_null)
    i.__scatterload_zeroinit                 0x08002fd8   Section       14  handlers.o(i.__scatterload_zeroinit)
    i.__set_PRIMASK                          0x08002fe6   Section        0  bsp_timer.o(i.__set_PRIMASK)
    __set_PRIMASK                            0x08002fe7   Thumb Code     6  bsp_timer.o(i.__set_PRIMASK)
    i.__set_PRIMASK                          0x08002fec   Section        0  bsp_uart_fifo.o(i.__set_PRIMASK)
    __set_PRIMASK                            0x08002fed   Thumb Code     6  bsp_uart_fifo.o(i.__set_PRIMASK)
    i._fp_digits                             0x08002ff4   Section        0  printfa.o(i._fp_digits)
    _fp_digits                               0x08002ff5   Thumb Code   326  printfa.o(i._fp_digits)
    i._printf_core                           0x08003150   Section        0  printfa.o(i._printf_core)
    _printf_core                             0x08003151   Thumb Code  1762  printfa.o(i._printf_core)
    i._printf_post_padding                   0x08003840   Section        0  printfa.o(i._printf_post_padding)
    _printf_post_padding                     0x08003841   Thumb Code    38  printfa.o(i._printf_post_padding)
    i._printf_pre_padding                    0x08003866   Section        0  printfa.o(i._printf_pre_padding)
    _printf_pre_padding                      0x08003867   Thumb Code    48  printfa.o(i._printf_pre_padding)
    i.arm_iir_f32_bp                         0x08003898   Section        0  main.o(i.arm_iir_f32_bp)
    arm_iir_f32_bp                           0x08003899   Thumb Code   104  main.o(i.arm_iir_f32_bp)
    i.bsp_CheckTimer                         0x08003928   Section        0  bsp_timer.o(i.bsp_CheckTimer)
    i.bsp_DetectKey                          0x0800395c   Section        0  bsp_key.o(i.bsp_DetectKey)
    bsp_DetectKey                            0x0800395d   Thumb Code   198  bsp_key.o(i.bsp_DetectKey)
    i.bsp_GetKey                             0x08003a28   Section        0  bsp_key.o(i.bsp_GetKey)
    i.bsp_Idle                               0x08003a5c   Section        0  bsp.o(i.bsp_Idle)
    i.bsp_Init                               0x08003a5e   Section        0  bsp.o(i.bsp_Init)
    i.bsp_InitKey                            0x08003a72   Section        0  bsp_key.o(i.bsp_InitKey)
    i.bsp_InitKeyHard                        0x08003a80   Section        0  bsp_key.o(i.bsp_InitKeyHard)
    bsp_InitKeyHard                          0x08003a81   Thumb Code   138  bsp_key.o(i.bsp_InitKeyHard)
    i.bsp_InitKeyVar                         0x08003b20   Section        0  bsp_key.o(i.bsp_InitKeyVar)
    bsp_InitKeyVar                           0x08003b21   Thumb Code   164  bsp_key.o(i.bsp_InitKeyVar)
    i.bsp_InitLed                            0x08003bf4   Section        0  bsp_led.o(i.bsp_InitLed)
    i.bsp_InitTimer                          0x08003c70   Section        0  bsp_timer.o(i.bsp_InitTimer)
    i.bsp_InitUart                           0x08003d04   Section        0  bsp_uart_fifo.o(i.bsp_InitUart)
    i.bsp_KeyScan                            0x08003d18   Section        0  bsp_key.o(i.bsp_KeyScan)
    i.bsp_LedOff                             0x08003d30   Section        0  bsp_led.o(i.bsp_LedOff)
    i.bsp_LedToggle                          0x08003d70   Section        0  bsp_led.o(i.bsp_LedToggle)
    i.bsp_PutKey                             0x08003dc4   Section        0  bsp_key.o(i.bsp_PutKey)
    i.bsp_RunPer10ms                         0x08003de4   Section        0  bsp.o(i.bsp_RunPer10ms)
    i.bsp_RunPer1ms                          0x08003dec   Section        0  bsp.o(i.bsp_RunPer1ms)
    i.bsp_SoftTimerDec                       0x08003dee   Section        0  bsp_timer.o(i.bsp_SoftTimerDec)
    bsp_SoftTimerDec                         0x08003def   Thumb Code    28  bsp_timer.o(i.bsp_SoftTimerDec)
    i.bsp_StartAutoTimer                     0x08003e0c   Section        0  bsp_timer.o(i.bsp_StartAutoTimer)
    i.bsp_StartHardTimer                     0x08003eb4   Section        0  bsp_timer.o(i.bsp_StartHardTimer)
    i.comSendBuf                             0x08003f7c   Section        0  bsp_uart_fifo.o(i.comSendBuf)
    i.comSendChar                            0x08003faa   Section        0  bsp_uart_fifo.o(i.comSendChar)
    i.fputc                                  0x08003fba   Section        0  bsp_uart_fifo.o(i.fputc)
    i.main                                   0x08003fcc   Section        0  main.o(i.main)
    .constdata                               0x08004118   Section      160  main.o(.constdata)
    .constdata                               0x080041b8   Section       48  bsp_timer.o(.constdata)
    __FUNCTION__                             0x080041b8   Data          15  bsp_timer.o(.constdata)
    __FUNCTION__                             0x080041c7   Data          19  bsp_timer.o(.constdata)
    __FUNCTION__                             0x080041da   Data          14  bsp_timer.o(.constdata)
    .constdata                               0x080041e8   Section     2052  arm_common_tables.o(.constdata)
    .data                                    0x20000000   Section      336  main.o(.data)
    u8Flag                                   0x20000000   Data           1  main.o(.data)
    si                                       0x20000004   Data           4  main.o(.data)
    su32Pointer                              0x20000008   Data           4  main.o(.data)
    pSrc                                     0x2000000c   Data           4  main.o(.data)
    pDst                                     0x20000010   Data           4  main.o(.data)
    pSrc1                                    0x20000014   Data           4  main.o(.data)
    pDst1                                    0x20000018   Data           4  main.o(.data)
    pSrc2                                    0x2000001c   Data           2  main.o(.data)
    pDst2                                    0x2000001e   Data           2  main.o(.data)
    pSrc3                                    0x20000020   Data           1  main.o(.data)
    pDst3                                    0x20000021   Data           1  main.o(.data)
    pSrcA                                    0x20000024   Data           4  main.o(.data)
    pSrcB                                    0x20000028   Data           4  main.o(.data)
    pDst                                     0x2000002c   Data           4  main.o(.data)
    pSrcA1                                   0x20000030   Data           4  main.o(.data)
    pSrcB1                                   0x20000034   Data           4  main.o(.data)
    pDst1                                    0x20000038   Data           4  main.o(.data)
    pSrcA2                                   0x2000003c   Data           2  main.o(.data)
    pSrcB2                                   0x2000003e   Data           2  main.o(.data)
    pDst2                                    0x20000040   Data           2  main.o(.data)
    pSrcA3                                   0x20000042   Data           1  main.o(.data)
    pSrcB3                                   0x20000043   Data           1  main.o(.data)
    pDst3                                    0x20000044   Data           1  main.o(.data)
    pSrcA                                    0x20000048   Data          20  main.o(.data)
    pSrcB                                    0x2000005c   Data          20  main.o(.data)
    result                                   0x20000070   Data           4  main.o(.data)
    pSrcA1                                   0x20000074   Data          20  main.o(.data)
    pSrcB1                                   0x20000088   Data          20  main.o(.data)
    result1                                  0x200000a0   Data           8  main.o(.data)
    pSrcA2                                   0x200000a8   Data          10  main.o(.data)
    pSrcB2                                   0x200000b2   Data          10  main.o(.data)
    result2                                  0x200000c0   Data           8  main.o(.data)
    pSrcA3                                   0x200000c8   Data           5  main.o(.data)
    pSrcB3                                   0x200000cd   Data           5  main.o(.data)
    result3                                  0x200000d4   Data           4  main.o(.data)
    pSrcA                                    0x200000d8   Data          20  main.o(.data)
    pSrcB                                    0x200000ec   Data          20  main.o(.data)
    pSrcA1                                   0x20000100   Data          20  main.o(.data)
    pSrcB1                                   0x20000114   Data          20  main.o(.data)
    pSrcA2                                   0x20000128   Data          10  main.o(.data)
    pSrcB2                                   0x20000132   Data          10  main.o(.data)
    pSrcA3                                   0x2000013c   Data           5  main.o(.data)
    pSrcB3                                   0x20000141   Data           5  main.o(.data)
    pDst3                                    0x20000146   Data           5  main.o(.data)
    .data                                    0x20000150   Section       32  bsp_timer.o(.data)
    s_uiDelayCount                           0x20000150   Data           4  bsp_timer.o(.data)
    s_ucTimeOutFlag                          0x20000154   Data           1  bsp_timer.o(.data)
    s_count                                  0x2000015c   Data           1  bsp_timer.o(.data)
    s_TIM_CallBack1                          0x20000160   Data           4  bsp_timer.o(.data)
    s_TIM_CallBack2                          0x20000164   Data           4  bsp_timer.o(.data)
    s_TIM_CallBack3                          0x20000168   Data           4  bsp_timer.o(.data)
    s_TIM_CallBack4                          0x2000016c   Data           4  bsp_timer.o(.data)
    .data                                    0x20000170   Section        1  bsp_uart_fifo.o(.data)
    g_TxBuf2                                 0x20000170   Data           1  bsp_uart_fifo.o(.data)
    .data                                    0x20000171   Section        1  bsp_modbus.o(.data)
    g_rtu_timeout                            0x20000171   Data           1  bsp_modbus.o(.data)
    .data                                    0x20000172   Section       16  stm32f4xx_rcc.o(.data)
    APBAHBPrescTable                         0x20000172   Data          16  stm32f4xx_rcc.o(.data)
    .data                                    0x20000184   Section       20  system_stm32f4xx.o(.data)
    .data                                    0x20000198   Section        4  stdout.o(.data)
    .bss                                     0x2000019c   Section     1792  main.o(.bss)
    S                                        0x2000019c   Data          12  main.o(.bss)
    pDst                                     0x200001a8   Data          20  main.o(.bss)
    pDst1                                    0x200001bc   Data          20  main.o(.bss)
    pDst2                                    0x200001d0   Data          10  main.o(.bss)
    testInput_f32_50Hz_200Hz                 0x200001dc   Data         800  main.o(.bss)
    testOutput                               0x200004fc   Data         800  main.o(.bss)
    IIRStateF32                              0x2000081c   Data         128  main.o(.bss)
    .bss                                     0x2000089c   Section      173  bsp_key.o(.bss)
    s_tBtn                                   0x2000089c   Data         160  bsp_key.o(.bss)
    s_tKey                                   0x2000093c   Data          13  bsp_key.o(.bss)
    .bss                                     0x2000094c   Section       48  bsp_timer.o(.bss)
    s_tTmr                                   0x2000094c   Data          48  bsp_timer.o(.bss)
    .bss                                     0x2000097c   Section     8352  bsp_uart_fifo.o(.bss)
    g_tUart1                                 0x2000097c   Data          40  bsp_uart_fifo.o(.bss)
    g_TxBuf1                                 0x200009a4   Data        1024  bsp_uart_fifo.o(.bss)
    g_RxBuf1                                 0x20000da4   Data        1024  bsp_uart_fifo.o(.bss)
    g_tUart2                                 0x200011a4   Data          40  bsp_uart_fifo.o(.bss)
    g_RxBuf2                                 0x200011cc   Data        2048  bsp_uart_fifo.o(.bss)
    g_tUart3                                 0x200019cc   Data          40  bsp_uart_fifo.o(.bss)
    g_TxBuf3                                 0x200019f4   Data        1024  bsp_uart_fifo.o(.bss)
    g_RxBuf3                                 0x20001df4   Data        1024  bsp_uart_fifo.o(.bss)
    g_tUart6                                 0x200021f4   Data          40  bsp_uart_fifo.o(.bss)
    g_TxBuf6                                 0x2000221c   Data        1024  bsp_uart_fifo.o(.bss)
    g_RxBuf6                                 0x2000261c   Data        1024  bsp_uart_fifo.o(.bss)
    .bss                                     0x20002a1c   Section      400  bsp_modbus.o(.bss)
    STACK                                    0x20002bb0   Section     1024  startup_stm32f40_41xxx.o(STACK)

    Global Symbols

    Symbol Name                              Value     Ov Type        Size  Object(Section)

    BuildAttributes$$THM_ISAv4$E$P$D$K$B$S$7EM$VFPi3$EXTD16$VFPS$VFMA$PE$A:L22UL41UL21$X:L11$S22US41US21$IEEE1$IW$USESV6$~STKCKD$USESV7$~SHL$OTIME$ROPI$IEEEX$EBA8$MICROLIB$REQ8$PRES8$EABIv2 0x00000000   Number         0  anon$$obj.o ABSOLUTE
    __ARM_use_no_argv                        0x00000000   Number         0  main.o ABSOLUTE
    _printf_a                                0x00000000   Number         0  stubs.o ABSOLUTE
    _printf_c                                0x00000000   Number         0  stubs.o ABSOLUTE
    _printf_charcount                        0x00000000   Number         0  stubs.o ABSOLUTE
    _printf_d                                0x00000000   Number         0  stubs.o ABSOLUTE
    _printf_e                                0x00000000   Number         0  stubs.o ABSOLUTE
    _printf_f                                0x00000000   Number         0  stubs.o ABSOLUTE
    _printf_flags                            0x00000000   Number         0  stubs.o ABSOLUTE
    _printf_fp_dec                           0x00000000   Number         0  stubs.o ABSOLUTE
    _printf_fp_hex                           0x00000000   Number         0  stubs.o ABSOLUTE
    _printf_g                                0x00000000   Number         0  stubs.o ABSOLUTE
    _printf_i                                0x00000000   Number         0  stubs.o ABSOLUTE
    _printf_int_dec                          0x00000000   Number         0  stubs.o ABSOLUTE
    _printf_l                                0x00000000   Number         0  stubs.o ABSOLUTE
    _printf_lc                               0x00000000   Number         0  stubs.o ABSOLUTE
    _printf_ll                               0x00000000   Number         0  stubs.o ABSOLUTE
    _printf_lld                              0x00000000   Number         0  stubs.o ABSOLUTE
    _printf_lli                              0x00000000   Number         0  stubs.o ABSOLUTE
    _printf_llo                              0x00000000   Number         0  stubs.o ABSOLUTE
    _printf_llu                              0x00000000   Number         0  stubs.o ABSOLUTE
    _printf_llx                              0x00000000   Number         0  stubs.o ABSOLUTE
    _printf_longlong_dec                     0x00000000   Number         0  stubs.o ABSOLUTE
    _printf_longlong_hex                     0x00000000   Number         0  stubs.o ABSOLUTE
    _printf_longlong_oct                     0x00000000   Number         0  stubs.o ABSOLUTE
    _printf_ls                               0x00000000   Number         0  stubs.o ABSOLUTE
    _printf_mbtowc                           0x00000000   Number         0  stubs.o ABSOLUTE
    _printf_n                                0x00000000   Number         0  stubs.o ABSOLUTE
    _printf_o                                0x00000000   Number         0  stubs.o ABSOLUTE
    _printf_p                                0x00000000   Number         0  stubs.o ABSOLUTE
    _printf_percent                          0x00000000   Number         0  stubs.o ABSOLUTE
    _printf_pre_padding                      0x00000000   Number         0  stubs.o ABSOLUTE
    _printf_return_value                     0x00000000   Number         0  stubs.o ABSOLUTE
    _printf_s                                0x00000000   Number         0  stubs.o ABSOLUTE
    _printf_sizespec                         0x00000000   Number         0  stubs.o ABSOLUTE
    _printf_str                              0x00000000   Number         0  stubs.o ABSOLUTE
    _printf_truncate_signed                  0x00000000   Number         0  stubs.o ABSOLUTE
    _printf_truncate_unsigned                0x00000000   Number         0  stubs.o ABSOLUTE
    _printf_u                                0x00000000   Number         0  stubs.o ABSOLUTE
    _printf_wc                               0x00000000   Number         0  stubs.o ABSOLUTE
    _printf_wctomb                           0x00000000   Number         0  stubs.o ABSOLUTE
    _printf_widthprec                        0x00000000   Number         0  stubs.o ABSOLUTE
    _printf_x                                0x00000000   Number         0  stubs.o ABSOLUTE
    __cpp_initialize__aeabi_                  - Undefined Weak Reference
    __cxa_finalize                            - Undefined Weak Reference
    _clock_init                               - Undefined Weak Reference
    _microlib_exit                            - Undefined Weak Reference
    __Vectors_Size                           0x00000188   Number         0  startup_stm32f40_41xxx.o ABSOLUTE
    __Vectors                                0x08000000   Data           4  startup_stm32f40_41xxx.o(RESET)
    __Vectors_End                            0x08000188   Data           0  startup_stm32f40_41xxx.o(RESET)
    __main                                   0x08000189   Thumb Code     0  entry.o(.ARM.Collect$$$$00000000)
    _main_stk                                0x08000189   Thumb Code     0  entry2.o(.ARM.Collect$$$$00000001)
    _main_scatterload                        0x0800018d   Thumb Code     0  entry5.o(.ARM.Collect$$$$00000004)
    __main_after_scatterload                 0x08000191   Thumb Code     0  entry5.o(.ARM.Collect$$$$00000004)
    _main_clock                              0x08000191   Thumb Code     0  entry7b.o(.ARM.Collect$$$$00000008)
    _main_cpp_init                           0x08000191   Thumb Code     0  entry8b.o(.ARM.Collect$$$$0000000A)
    _main_init                               0x08000191   Thumb Code     0  entry9a.o(.ARM.Collect$$$$0000000B)
    __rt_final_cpp                           0x08000199   Thumb Code     0  entry10a.o(.ARM.Collect$$$$0000000D)
    __rt_final_exit                          0x08000199   Thumb Code     0  entry11a.o(.ARM.Collect$$$$0000000F)
    Reset_Handler                            0x0800019d   Thumb Code     8  startup_stm32f40_41xxx.o(.text)
    ADC_IRQHandler                           0x080001b7   Thumb Code     0  startup_stm32f40_41xxx.o(.text)
    CAN1_RX0_IRQHandler                      0x080001b7   Thumb Code     0  startup_stm32f40_41xxx.o(.text)
    CAN1_RX1_IRQHandler                      0x080001b7   Thumb Code     0  startup_stm32f40_41xxx.o(.text)
    CAN1_SCE_IRQHandler                      0x080001b7   Thumb Code     0  startup_stm32f40_41xxx.o(.text)
    CAN1_TX_IRQHandler                       0x080001b7   Thumb Code     0  startup_stm32f40_41xxx.o(.text)
    CAN2_RX0_IRQHandler                      0x080001b7   Thumb Code     0  startup_stm32f40_41xxx.o(.text)
    CAN2_RX1_IRQHandler                      0x080001b7   Thumb Code     0  startup_stm32f40_41xxx.o(.text)
    CAN2_SCE_IRQHandler                      0x080001b7   Thumb Code     0  startup_stm32f40_41xxx.o(.text)
    CAN2_TX_IRQHandler                       0x080001b7   Thumb Code     0  startup_stm32f40_41xxx.o(.text)
    CRYP_IRQHandler                          0x080001b7   Thumb Code     0  startup_stm32f40_41xxx.o(.text)
    DCMI_IRQHandler                          0x080001b7   Thumb Code     0  startup_stm32f40_41xxx.o(.text)
    DMA1_Stream0_IRQHandler                  0x080001b7   Thumb Code     0  startup_stm32f40_41xxx.o(.text)
    DMA1_Stream1_IRQHandler                  0x080001b7   Thumb Code     0  startup_stm32f40_41xxx.o(.text)
    DMA1_Stream2_IRQHandler                  0x080001b7   Thumb Code     0  startup_stm32f40_41xxx.o(.text)
    DMA1_Stream3_IRQHandler                  0x080001b7   Thumb Code     0  startup_stm32f40_41xxx.o(.text)
    DMA1_Stream4_IRQHandler                  0x080001b7   Thumb Code     0  startup_stm32f40_41xxx.o(.text)
    DMA1_Stream5_IRQHandler                  0x080001b7   Thumb Code     0  startup_stm32f40_41xxx.o(.text)
    DMA1_Stream6_IRQHandler                  0x080001b7   Thumb Code     0  startup_stm32f40_41xxx.o(.text)
    DMA1_Stream7_IRQHandler                  0x080001b7   Thumb Code     0  startup_stm32f40_41xxx.o(.text)
    DMA2_Stream0_IRQHandler                  0x080001b7   Thumb Code     0  startup_stm32f40_41xxx.o(.text)
    DMA2_Stream1_IRQHandler                  0x080001b7   Thumb Code     0  startup_stm32f40_41xxx.o(.text)
    DMA2_Stream2_IRQHandler                  0x080001b7   Thumb Code     0  startup_stm32f40_41xxx.o(.text)
    DMA2_Stream3_IRQHandler                  0x080001b7   Thumb Code     0  startup_stm32f40_41xxx.o(.text)
    DMA2_Stream4_IRQHandler                  0x080001b7   Thumb Code     0  startup_stm32f40_41xxx.o(.text)
    DMA2_Stream5_IRQHandler                  0x080001b7   Thumb Code     0  startup_stm32f40_41xxx.o(.text)
    DMA2_Stream6_IRQHandler                  0x080001b7   Thumb Code     0  startup_stm32f40_41xxx.o(.text)
    DMA2_Stream7_IRQHandler                  0x080001b7   Thumb Code     0  startup_stm32f40_41xxx.o(.text)
    ETH_IRQHandler                           0x080001b7   Thumb Code     0  startup_stm32f40_41xxx.o(.text)
    ETH_WKUP_IRQHandler                      0x080001b7   Thumb Code     0  startup_stm32f40_41xxx.o(.text)
    EXTI0_IRQHandler                         0x080001b7   Thumb Code     0  startup_stm32f40_41xxx.o(.text)
    EXTI15_10_IRQHandler                     0x080001b7   Thumb Code     0  startup_stm32f40_41xxx.o(.text)
    EXTI1_IRQHandler                         0x080001b7   Thumb Code     0  startup_stm32f40_41xxx.o(.text)
    EXTI2_IRQHandler                         0x080001b7   Thumb Code     0  startup_stm32f40_41xxx.o(.text)
    EXTI3_IRQHandler                         0x080001b7   Thumb Code     0  startup_stm32f40_41xxx.o(.text)
    EXTI4_IRQHandler                         0x080001b7   Thumb Code     0  startup_stm32f40_41xxx.o(.text)
    EXTI9_5_IRQHandler                       0x080001b7   Thumb Code     0  startup_stm32f40_41xxx.o(.text)
    FLASH_IRQHandler                         0x080001b7   Thumb Code     0  startup_stm32f40_41xxx.o(.text)
    FPU_IRQHandler                           0x080001b7   Thumb Code     0  startup_stm32f40_41xxx.o(.text)
    FSMC_IRQHandler                          0x080001b7   Thumb Code     0  startup_stm32f40_41xxx.o(.text)
    HASH_RNG_IRQHandler                      0x080001b7   Thumb Code     0  startup_stm32f40_41xxx.o(.text)
    I2C1_ER_IRQHandler                       0x080001b7   Thumb Code     0  startup_stm32f40_41xxx.o(.text)
    I2C1_EV_IRQHandler                       0x080001b7   Thumb Code     0  startup_stm32f40_41xxx.o(.text)
    I2C2_ER_IRQHandler                       0x080001b7   Thumb Code     0  startup_stm32f40_41xxx.o(.text)
    I2C2_EV_IRQHandler                       0x080001b7   Thumb Code     0  startup_stm32f40_41xxx.o(.text)
    I2C3_ER_IRQHandler                       0x080001b7   Thumb Code     0  startup_stm32f40_41xxx.o(.text)
    I2C3_EV_IRQHandler                       0x080001b7   Thumb Code     0  startup_stm32f40_41xxx.o(.text)
    OTG_FS_IRQHandler                        0x080001b7   Thumb Code     0  startup_stm32f40_41xxx.o(.text)
    OTG_FS_WKUP_IRQHandler                   0x080001b7   Thumb Code     0  startup_stm32f40_41xxx.o(.text)
    OTG_HS_EP1_IN_IRQHandler                 0x080001b7   Thumb Code     0  startup_stm32f40_41xxx.o(.text)
    OTG_HS_EP1_OUT_IRQHandler                0x080001b7   Thumb Code     0  startup_stm32f40_41xxx.o(.text)
    OTG_HS_IRQHandler                        0x080001b7   Thumb Code     0  startup_stm32f40_41xxx.o(.text)
    OTG_HS_WKUP_IRQHandler                   0x080001b7   Thumb Code     0  startup_stm32f40_41xxx.o(.text)
    PVD_IRQHandler                           0x080001b7   Thumb Code     0  startup_stm32f40_41xxx.o(.text)
    RCC_IRQHandler                           0x080001b7   Thumb Code     0  startup_stm32f40_41xxx.o(.text)
    RTC_Alarm_IRQHandler                     0x080001b7   Thumb Code     0  startup_stm32f40_41xxx.o(.text)
    RTC_WKUP_IRQHandler                      0x080001b7   Thumb Code     0  startup_stm32f40_41xxx.o(.text)
    SDIO_IRQHandler                          0x080001b7   Thumb Code     0  startup_stm32f40_41xxx.o(.text)
    SPI1_IRQHandler                          0x080001b7   Thumb Code     0  startup_stm32f40_41xxx.o(.text)
    SPI2_IRQHandler                          0x080001b7   Thumb Code     0  startup_stm32f40_41xxx.o(.text)
    SPI3_IRQHandler                          0x080001b7   Thumb Code     0  startup_stm32f40_41xxx.o(.text)
    TAMP_STAMP_IRQHandler                    0x080001b7   Thumb Code     0  startup_stm32f40_41xxx.o(.text)
    TIM1_BRK_TIM9_IRQHandler                 0x080001b7   Thumb Code     0  startup_stm32f40_41xxx.o(.text)
    TIM1_CC_IRQHandler                       0x080001b7   Thumb Code     0  startup_stm32f40_41xxx.o(.text)
    TIM1_TRG_COM_TIM11_IRQHandler            0x080001b7   Thumb Code     0  startup_stm32f40_41xxx.o(.text)
    TIM1_UP_TIM10_IRQHandler                 0x080001b7   Thumb Code     0  startup_stm32f40_41xxx.o(.text)
    TIM2_IRQHandler                          0x080001b7   Thumb Code     0  startup_stm32f40_41xxx.o(.text)
    TIM3_IRQHandler                          0x080001b7   Thumb Code     0  startup_stm32f40_41xxx.o(.text)
    TIM4_IRQHandler                          0x080001b7   Thumb Code     0  startup_stm32f40_41xxx.o(.text)
    TIM6_DAC_IRQHandler                      0x080001b7   Thumb Code     0  startup_stm32f40_41xxx.o(.text)
    TIM7_IRQHandler                          0x080001b7   Thumb Code     0  startup_stm32f40_41xxx.o(.text)
    TIM8_BRK_TIM12_IRQHandler                0x080001b7   Thumb Code     0  startup_stm32f40_41xxx.o(.text)
    TIM8_CC_IRQHandler                       0x080001b7   Thumb Code     0  startup_stm32f40_41xxx.o(.text)
    TIM8_TRG_COM_TIM14_IRQHandler            0x080001b7   Thumb Code     0  startup_stm32f40_41xxx.o(.text)
    TIM8_UP_TIM13_IRQHandler                 0x080001b7   Thumb Code     0  startup_stm32f40_41xxx.o(.text)
    UART4_IRQHandler                         0x080001b7   Thumb Code     0  startup_stm32f40_41xxx.o(.text)
    UART5_IRQHandler                         0x080001b7   Thumb Code     0  startup_stm32f40_41xxx.o(.text)
    WWDG_IRQHandler                          0x080001b7   Thumb Code     0  startup_stm32f40_41xxx.o(.text)
    arm_abs_f32                              0x080001c1   Thumb Code   164  arm_abs_f32.o(.text)
    arm_abs_q7                               0x08000265   Thumb Code   230  arm_abs_q7.o(.text)
    arm_abs_q15                              0x0800034d   Thumb Code   134  arm_abs_q15.o(.text)
    arm_abs_q31                              0x080003d5   Thumb Code   232  arm_abs_q31.o(.text)
    arm_add_f32                              0x080004bd   Thumb Code   210  arm_add_f32.o(.text)
    arm_add_q7                               0x0800058f   Thumb Code   162  arm_add_q7.o(.text)
    arm_add_q15                              0x08000631   Thumb Code    80  arm_add_q15.o(.text)
    arm_add_q31                              0x08000681   Thumb Code   122  arm_add_q31.o(.text)
    arm_dot_prod_f32                         0x080006fd   Thumb Code   256  arm_dot_prod_f32.o(.text)
    arm_dot_prod_q7                          0x08000801   Thumb Code    82  arm_dot_prod_q7.o(.text)
    arm_dot_prod_q15                         0x08000855   Thumb Code    72  arm_dot_prod_q15.o(.text)
    arm_dot_prod_q31                         0x0800089d   Thumb Code   354  arm_dot_prod_q31.o(.text)
    arm_mult_f32                             0x08000a01   Thumb Code   210  arm_mult_f32.o(.text)
    arm_mult_q7                              0x08000ad5   Thumb Code   264  arm_mult_q7.o(.text)
    arm_mult_q15                             0x08000bdd   Thumb Code   230  arm_mult_q15.o(.text)
    arm_mult_q31                             0x08000cc5   Thumb Code   274  arm_mult_q31.o(.text)
    arm_sin_f32                              0x08000dd9   Thumb Code   104  arm_sin_f32.o(.text)
    arm_biquad_cascade_df1_f32               0x08000e4d   Thumb Code   332  arm_biquad_cascade_df1_f32.o(.text)
    arm_biquad_cascade_df1_init_f32          0x08000f99   Thumb Code    22  arm_biquad_cascade_df1_init_f32.o(.text)
    __aeabi_memset                           0x08000faf   Thumb Code    14  memseta.o(.text)
    __aeabi_memset4                          0x08000faf   Thumb Code     0  memseta.o(.text)
    __aeabi_memset8                          0x08000faf   Thumb Code     0  memseta.o(.text)
    __aeabi_memclr                           0x08000fbd   Thumb Code     4  memseta.o(.text)
    __aeabi_memclr4                          0x08000fbd   Thumb Code     0  memseta.o(.text)
    __aeabi_memclr8                          0x08000fbd   Thumb Code     0  memseta.o(.text)
    _memset$wrapper                          0x08000fc1   Thumb Code    18  memseta.o(.text)
    __aeabi_f2d                              0x08000fd3   Thumb Code    38  f2d.o(.text)
    __aeabi_uidiv                            0x08000ff9   Thumb Code     0  uidiv.o(.text)
    __aeabi_uidivmod                         0x08000ff9   Thumb Code    44  uidiv.o(.text)
    __aeabi_uldivmod                         0x08001025   Thumb Code    98  uldiv.o(.text)
    __I$use$fp                               0x08001087   Thumb Code     0  iusefp.o(.text)
    __aeabi_dadd                             0x08001087   Thumb Code   322  dadd.o(.text)
    __aeabi_dsub                             0x080011c9   Thumb Code     6  dadd.o(.text)
    __aeabi_drsub                            0x080011cf   Thumb Code     6  dadd.o(.text)
    __aeabi_dmul                             0x080011d5   Thumb Code   228  dmul.o(.text)
    __aeabi_ddiv                             0x080012b9   Thumb Code   222  ddiv.o(.text)
    __aeabi_d2ulz                            0x08001397   Thumb Code    48  dfixul.o(.text)
    __aeabi_cdrcmple                         0x080013c9   Thumb Code    38  cdrcmple.o(.text)
    __scatterload                            0x080013f1   Thumb Code    28  init.o(.text)
    __scatterload_rt2                        0x080013f1   Thumb Code     0  init.o(.text)
    __aeabi_llsl                             0x08001415   Thumb Code    30  llshl.o(.text)
    _ll_shift_l                              0x08001415   Thumb Code     0  llshl.o(.text)
    __aeabi_llsr                             0x08001433   Thumb Code    32  llushr.o(.text)
    _ll_ushift_r                             0x08001433   Thumb Code     0  llushr.o(.text)
    __aeabi_lasr                             0x08001453   Thumb Code    36  llsshr.o(.text)
    _ll_sshift_r                             0x08001453   Thumb Code     0  llsshr.o(.text)
    _double_round                            0x08001477   Thumb Code    26  depilogue.o(.text)
    _double_epilogue                         0x08001491   Thumb Code   164  depilogue.o(.text)
    __decompress                             0x08001535   Thumb Code     0  __dczerorl2.o(.text)
    __decompress1                            0x08001535   Thumb Code    92  __dczerorl2.o(.text)
    BusFault_Handler                         0x08001591   Thumb Code     4  stm32f4xx_it.o(i.BusFault_Handler)
    ComToUart                                0x08001595   Thumb Code    52  bsp_uart_fifo.o(i.ComToUart)
    DebugMon_Handler                         0x08001bdd   Thumb Code     2  stm32f4xx_it.o(i.DebugMon_Handler)
    DualTimer_Init                           0x08001be1   Thumb Code   306  dualtimermasterslave_md.o(i.DualTimer_Init)
    GPIO_Init                                0x08001d1d   Thumb Code   144  stm32f4xx_gpio.o(i.GPIO_Init)
    GPIO_PinAFConfig                         0x08001dad   Thumb Code    70  stm32f4xx_gpio.o(i.GPIO_PinAFConfig)
    HardFault_Handler                        0x08001df5   Thumb Code    36  stm32f4xx_it.o(i.HardFault_Handler)
    MODBUS_ReciveNew                         0x08002221   Thumb Code    60  bsp_modbus.o(i.MODBUS_ReciveNew)
    MemManage_Handler                        0x08002275   Thumb Code     4  stm32f4xx_it.o(i.MemManage_Handler)
    NMI_Handler                              0x08002279   Thumb Code     2  stm32f4xx_it.o(i.NMI_Handler)
    NVIC_Init                                0x0800227d   Thumb Code   108  misc.o(i.NVIC_Init)
    PendSV_Handler                           0x080022f5   Thumb Code     2  stm32f4xx_it.o(i.PendSV_Handler)
    RCC_AHB1PeriphClockCmd                   0x08002531   Thumb Code    26  stm32f4xx_rcc.o(i.RCC_AHB1PeriphClockCmd)
    RCC_APB1PeriphClockCmd                   0x08002551   Thumb Code    26  stm32f4xx_rcc.o(i.RCC_APB1PeriphClockCmd)
    RCC_APB2PeriphClockCmd                   0x08002571   Thumb Code    26  stm32f4xx_rcc.o(i.RCC_APB2PeriphClockCmd)
    RCC_GetClocksFreq                        0x08002591   Thumb Code   214  stm32f4xx_rcc.o(i.RCC_GetClocksFreq)
    RS485_InitTXE                            0x08002679   Thumb Code    46  bsp_uart_fifo.o(i.RS485_InitTXE)
    RS485_ReciveNew                          0x080026ad   Thumb Code    12  bsp_uart_fifo.o(i.RS485_ReciveNew)
    RS485_SendBefor                          0x080026b9   Thumb Code     8  bsp_uart_fifo.o(i.RS485_SendBefor)
    RS485_SendOver                           0x080026c5   Thumb Code     8  bsp_uart_fifo.o(i.RS485_SendOver)
    SVC_Handler                              0x080026d1   Thumb Code     2  stm32f4xx_it.o(i.SVC_Handler)
    SysTick_Handler                          0x080027c1   Thumb Code     8  bsp_timer.o(i.SysTick_Handler)
    SysTick_ISR                              0x080027c9   Thumb Code   110  bsp_timer.o(i.SysTick_ISR)
    SystemInit                               0x0800284d   Thumb Code    88  system_stm32f4xx.o(i.SystemInit)
    TIM5_IRQHandler                          0x080028b5   Thumb Code   140  bsp_timer.o(i.TIM5_IRQHandler)
    TIM_ClearITPendingBit                    0x08002955   Thumb Code     6  stm32f4xx_tim.o(i.TIM_ClearITPendingBit)
    TIM_Cmd                                  0x0800295b   Thumb Code    24  stm32f4xx_tim.o(i.TIM_Cmd)
    TIM_CtrlPWMOutputs                       0x08002973   Thumb Code    30  stm32f4xx_tim.o(i.TIM_CtrlPWMOutputs)
    TIM_GetCounter                           0x08002991   Thumb Code     6  stm32f4xx_tim.o(i.TIM_GetCounter)
    TIM_GetITStatus                          0x08002997   Thumb Code    34  stm32f4xx_tim.o(i.TIM_GetITStatus)
    TIM_ITConfig                             0x080029b9   Thumb Code    18  stm32f4xx_tim.o(i.TIM_ITConfig)
    TIM_OC2Init                              0x080029cd   Thumb Code   154  stm32f4xx_tim.o(i.TIM_OC2Init)
    TIM_SelectInputTrigger                   0x08002a71   Thumb Code    18  stm32f4xx_tim.o(i.TIM_SelectInputTrigger)
    TIM_SelectMasterSlaveMode                0x08002a83   Thumb Code    18  stm32f4xx_tim.o(i.TIM_SelectMasterSlaveMode)
    TIM_SelectOutputTrigger                  0x08002a95   Thumb Code    18  stm32f4xx_tim.o(i.TIM_SelectOutputTrigger)
    TIM_SelectSlaveMode                      0x08002aa7   Thumb Code    18  stm32f4xx_tim.o(i.TIM_SelectSlaveMode)
    TIM_SetCompare1                          0x08002ab9   Thumb Code     4  stm32f4xx_tim.o(i.TIM_SetCompare1)
    TIM_SetCompare2                          0x08002abd   Thumb Code     4  stm32f4xx_tim.o(i.TIM_SetCompare2)
    TIM_SetCompare3                          0x08002ac1   Thumb Code     4  stm32f4xx_tim.o(i.TIM_SetCompare3)
    TIM_SetCompare4                          0x08002ac5   Thumb Code     4  stm32f4xx_tim.o(i.TIM_SetCompare4)
    TIM_TimeBaseInit                         0x08002ac9   Thumb Code   104  stm32f4xx_tim.o(i.TIM_TimeBaseInit)
    TIM_TimeBaseStructInit                   0x08002b4d   Thumb Code    18  stm32f4xx_tim.o(i.TIM_TimeBaseStructInit)
    USART1_IRQHandler                        0x08002b61   Thumb Code    10  bsp_uart_fifo.o(i.USART1_IRQHandler)
    USART2_IRQHandler                        0x08002b71   Thumb Code    10  bsp_uart_fifo.o(i.USART2_IRQHandler)
    USART3_IRQHandler                        0x08002b81   Thumb Code    10  bsp_uart_fifo.o(i.USART3_IRQHandler)
    USART6_IRQHandler                        0x08002b91   Thumb Code    10  bsp_uart_fifo.o(i.USART6_IRQHandler)
    USART_ClearFlag                          0x08002ba1   Thumb Code    18  stm32f4xx_usart.o(i.USART_ClearFlag)
    USART_Cmd                                0x08002bb3   Thumb Code    24  stm32f4xx_usart.o(i.USART_Cmd)
    USART_GetITStatus                        0x08002bcb   Thumb Code    84  stm32f4xx_usart.o(i.USART_GetITStatus)
    USART_ITConfig                           0x08002c1f   Thumb Code    74  stm32f4xx_usart.o(i.USART_ITConfig)
    USART_Init                               0x08002c69   Thumb Code   204  stm32f4xx_usart.o(i.USART_Init)
    USART_ReceiveData                        0x08002d3d   Thumb Code    10  stm32f4xx_usart.o(i.USART_ReceiveData)
    USART_SendData                           0x08002d47   Thumb Code     8  stm32f4xx_usart.o(i.USART_SendData)
    UsageFault_Handler                       0x08002fa5   Thumb Code     4  stm32f4xx_it.o(i.UsageFault_Handler)
    __0printf                                0x08002fa9   Thumb Code    22  printfa.o(i.__0printf)
    __1printf                                0x08002fa9   Thumb Code     0  printfa.o(i.__0printf)
    __2printf                                0x08002fa9   Thumb Code     0  printfa.o(i.__0printf)
    __c89printf                              0x08002fa9   Thumb Code     0  printfa.o(i.__0printf)
    printf                                   0x08002fa9   Thumb Code     0  printfa.o(i.__0printf)
    __scatterload_copy                       0x08002fc9   Thumb Code    14  handlers.o(i.__scatterload_copy)
    __scatterload_null                       0x08002fd7   Thumb Code     2  handlers.o(i.__scatterload_null)
    __scatterload_zeroinit                   0x08002fd9   Thumb Code    14  handlers.o(i.__scatterload_zeroinit)
    bsp_CheckTimer                           0x08003929   Thumb Code    48  bsp_timer.o(i.bsp_CheckTimer)
    bsp_GetKey                               0x08003a29   Thumb Code    46  bsp_key.o(i.bsp_GetKey)
    bsp_Idle                                 0x08003a5d   Thumb Code     2  bsp.o(i.bsp_Idle)
    bsp_Init                                 0x08003a5f   Thumb Code    20  bsp.o(i.bsp_Init)
    bsp_InitKey                              0x08003a73   Thumb Code    12  bsp_key.o(i.bsp_InitKey)
    bsp_InitLed                              0x08003bf5   Thumb Code   112  bsp_led.o(i.bsp_InitLed)
    bsp_InitTimer                            0x08003c71   Thumb Code   132  bsp_timer.o(i.bsp_InitTimer)
    bsp_InitUart                             0x08003d05   Thumb Code    20  bsp_uart_fifo.o(i.bsp_InitUart)
    bsp_KeyScan                              0x08003d19   Thumb Code    22  bsp_key.o(i.bsp_KeyScan)
    bsp_LedOff                               0x08003d31   Thumb Code    52  bsp_led.o(i.bsp_LedOff)
    bsp_LedToggle                            0x08003d71   Thumb Code    72  bsp_led.o(i.bsp_LedToggle)
    bsp_PutKey                               0x08003dc5   Thumb Code    28  bsp_key.o(i.bsp_PutKey)
    bsp_RunPer10ms                           0x08003de5   Thumb Code     8  bsp.o(i.bsp_RunPer10ms)
    bsp_RunPer1ms                            0x08003ded   Thumb Code     2  bsp.o(i.bsp_RunPer1ms)
    bsp_StartAutoTimer                       0x08003e0d   Thumb Code    84  bsp_timer.o(i.bsp_StartAutoTimer)
    bsp_StartHardTimer                       0x08003eb5   Thumb Code   180  bsp_timer.o(i.bsp_StartHardTimer)
    comSendBuf                               0x08003f7d   Thumb Code    46  bsp_uart_fifo.o(i.comSendBuf)
    comSendChar                              0x08003fab   Thumb Code    16  bsp_uart_fifo.o(i.comSendChar)
    fputc                                    0x08003fbb   Thumb Code    18  bsp_uart_fifo.o(i.fputc)
    main                                     0x08003fcd   Thumb Code   292  main.o(i.main)
    IIRCoeffs32BP                            0x08004118   Data         160  main.o(.constdata)
    sinTable_f32                             0x080041e8   Data        2052  arm_common_tables.o(.constdata)
    Region$$Table$$Base                      0x080049ec   Number         0  anon$$obj.o(Region$$Table)
    Region$$Table$$Limit                     0x08004a0c   Number         0  anon$$obj.o(Region$$Table)
    u16Probe                                 0x2000014c   Data           2  main.o(.data)
    u16Probe1                                0x2000014e   Data           2  main.o(.data)
    g_iRunTime                               0x20000158   Data           4  bsp_timer.o(.data)
    SystemCoreClock                          0x20000184   Data           4  system_stm32f4xx.o(.data)
    AHBPrescTable                            0x20000188   Data          16  system_stm32f4xx.o(.data)
    __stdout                                 0x20000198   Data           4  stdout.o(.data)
    g_tModbus                                0x20002a1c   Data         400  bsp_modbus.o(.bss)
    __initial_sp                             0x20002fb0   Data           0  startup_stm32f40_41xxx.o(STACK)



==============================================================================

Memory Map of the image

  Image Entry point : 0x08000189

  Load Region LR_IROM1 (Base: 0x08000000, Size: 0x00004ba8, Max: 0x00100000, ABSOLUTE, COMPRESSED[0x00004a50])

    Execution Region ER_IROM1 (Base: 0x08000000, Size: 0x00004a0c, Max: 0x00100000, ABSOLUTE)

    Base Addr    Size         Type   Attr      Idx    E Section Name        Object

    0x08000000   0x00000188   Data   RO         1018    RESET               startup_stm32f40_41xxx.o
    0x08000188   0x00000000   Code   RO         3315  * .ARM.Collect$$$$00000000  mc_w.l(entry.o)
    0x08000188   0x00000004   Code   RO         3591    .ARM.Collect$$$$00000001  mc_w.l(entry2.o)
    0x0800018c   0x00000004   Code   RO         3594    .ARM.Collect$$$$00000004  mc_w.l(entry5.o)
    0x08000190   0x00000000   Code   RO         3596    .ARM.Collect$$$$00000008  mc_w.l(entry7b.o)
    0x08000190   0x00000000   Code   RO         3598    .ARM.Collect$$$$0000000A  mc_w.l(entry8b.o)
    0x08000190   0x00000008   Code   RO         3599    .ARM.Collect$$$$0000000B  mc_w.l(entry9a.o)
    0x08000198   0x00000000   Code   RO         3601    .ARM.Collect$$$$0000000D  mc_w.l(entry10a.o)
    0x08000198   0x00000000   Code   RO         3603    .ARM.Collect$$$$0000000F  mc_w.l(entry11a.o)
    0x08000198   0x00000004   Code   RO         3592    .ARM.Collect$$$$00002712  mc_w.l(entry2.o)
    0x0800019c   0x00000024   Code   RO         1019    .text               startup_stm32f40_41xxx.o
    0x080001c0   0x000000a4   Code   RO         2751    .text               arm_cortexM4lf_math.lib(arm_abs_f32.o)
    0x08000264   0x000000e6   Code   RO         2800    .text               arm_cortexM4lf_math.lib(arm_abs_q7.o)
    0x0800034a   0x00000002   PAD
    0x0800034c   0x00000086   Code   RO         2824    .text               arm_cortexM4lf_math.lib(arm_abs_q15.o)
    0x080003d2   0x00000002   PAD
    0x080003d4   0x000000e8   Code   RO         2848    .text               arm_cortexM4lf_math.lib(arm_abs_q31.o)
    0x080004bc   0x000000d2   Code   RO         2872    .text               arm_cortexM4lf_math.lib(arm_add_f32.o)
    0x0800058e   0x000000a2   Code   RO         2896    .text               arm_cortexM4lf_math.lib(arm_add_q7.o)
    0x08000630   0x00000050   Code   RO         2920    .text               arm_cortexM4lf_math.lib(arm_add_q15.o)
    0x08000680   0x0000007a   Code   RO         2944    .text               arm_cortexM4lf_math.lib(arm_add_q31.o)
    0x080006fa   0x00000002   PAD
    0x080006fc   0x00000104   Code   RO         2968    .text               arm_cortexM4lf_math.lib(arm_dot_prod_f32.o)
    0x08000800   0x00000052   Code   RO         2992    .text               arm_cortexM4lf_math.lib(arm_dot_prod_q7.o)
    0x08000852   0x00000002   PAD
    0x08000854   0x00000048   Code   RO         3016    .text               arm_cortexM4lf_math.lib(arm_dot_prod_q15.o)
    0x0800089c   0x00000162   Code   RO         3040    .text               arm_cortexM4lf_math.lib(arm_dot_prod_q31.o)
    0x080009fe   0x00000002   PAD
    0x08000a00   0x000000d2   Code   RO         3064    .text               arm_cortexM4lf_math.lib(arm_mult_f32.o)
    0x08000ad2   0x00000002   PAD
    0x08000ad4   0x00000108   Code   RO         3088    .text               arm_cortexM4lf_math.lib(arm_mult_q7.o)
    0x08000bdc   0x000000e6   Code   RO         3112    .text               arm_cortexM4lf_math.lib(arm_mult_q15.o)
    0x08000cc2   0x00000002   PAD
    0x08000cc4   0x00000112   Code   RO         3136    .text               arm_cortexM4lf_math.lib(arm_mult_q31.o)
    0x08000dd6   0x00000002   PAD
    0x08000dd8   0x00000074   Code   RO         3160    .text               arm_cortexM4lf_math.lib(arm_sin_f32.o)
    0x08000e4c   0x0000014c   Code   RO         3188    .text               arm_cortexM4lf_math.lib(arm_biquad_cascade_df1_f32.o)
    0x08000f98   0x00000016   Code   RO         3212    .text               arm_cortexM4lf_math.lib(arm_biquad_cascade_df1_init_f32.o)
    0x08000fae   0x00000024   Code   RO         3322    .text               mc_w.l(memseta.o)
    0x08000fd2   0x00000026   Code   RO         3589    .text               mf_w.l(f2d.o)
    0x08000ff8   0x0000002c   Code   RO         3606    .text               mc_w.l(uidiv.o)
    0x08001024   0x00000062   Code   RO         3608    .text               mc_w.l(uldiv.o)
    0x08001086   0x00000000   Code   RO         3610    .text               mc_w.l(iusefp.o)
    0x08001086   0x0000014e   Code   RO         3611    .text               mf_w.l(dadd.o)
    0x080011d4   0x000000e4   Code   RO         3613    .text               mf_w.l(dmul.o)
    0x080012b8   0x000000de   Code   RO         3615    .text               mf_w.l(ddiv.o)
    0x08001396   0x00000030   Code   RO         3617    .text               mf_w.l(dfixul.o)
    0x080013c6   0x00000002   PAD
    0x080013c8   0x00000028   Code   RO         3619    .text               mf_w.l(cdrcmple.o)
    0x080013f0   0x00000024   Code   RO         3621    .text               mc_w.l(init.o)
    0x08001414   0x0000001e   Code   RO         3623    .text               mc_w.l(llshl.o)
    0x08001432   0x00000020   Code   RO         3625    .text               mc_w.l(llushr.o)
    0x08001452   0x00000024   Code   RO         3627    .text               mc_w.l(llsshr.o)
    0x08001476   0x000000be   Code   RO         3629    .text               mf_w.l(depilogue.o)
    0x08001534   0x0000005c   Code   RO         3639    .text               mc_w.l(__dczerorl2.o)
    0x08001590   0x00000004   Code   RO          690    i.BusFault_Handler  stm32f4xx_it.o
    0x08001594   0x00000044   Code   RO          514    i.ComToUart         bsp_uart_fifo.o
    0x080015d8   0x00000062   Code   RO          515    i.ConfigUartNVIC    bsp_uart_fifo.o
    0x0800163a   0x00000002   PAD
    0x0800163c   0x00000164   Code   RO            4    i.DSP_ABS           main.o
    0x080017a0   0x0000015c   Code   RO            5    i.DSP_Add           main.o
    0x080018fc   0x00000178   Code   RO            6    i.DSP_DotProduct    main.o
    0x08001a74   0x00000168   Code   RO            7    i.DSP_Multiplication  main.o
    0x08001bdc   0x00000002   Code   RO          691    i.DebugMon_Handler  stm32f4xx_it.o
    0x08001bde   0x00000002   PAD
    0x08001be0   0x0000013c   Code   RO          995    i.DualTimer_Init    dualtimermasterslave_md.o
    0x08001d1c   0x00000090   Code   RO         1473    i.GPIO_Init         stm32f4xx_gpio.o
    0x08001dac   0x00000046   Code   RO         1474    i.GPIO_PinAFConfig  stm32f4xx_gpio.o
    0x08001df2   0x00000002   PAD
    0x08001df4   0x00000054   Code   RO          692    i.HardFault_Handler  stm32f4xx_it.o
    0x08001e48   0x000002e8   Code   RO          516    i.InitHardUart      bsp_uart_fifo.o
    0x08002130   0x00000018   Code   RO          215    i.IsKeyDown1        bsp_key.o
    0x08002148   0x00000016   Code   RO          216    i.IsKeyDown10       bsp_key.o
    0x0800215e   0x00000002   PAD
    0x08002160   0x00000018   Code   RO          217    i.IsKeyDown2        bsp_key.o
    0x08002178   0x00000018   Code   RO          218    i.IsKeyDown3        bsp_key.o
    0x08002190   0x00000018   Code   RO          219    i.IsKeyDown4        bsp_key.o
    0x080021a8   0x00000018   Code   RO          220    i.IsKeyDown5        bsp_key.o
    0x080021c0   0x00000018   Code   RO          221    i.IsKeyDown6        bsp_key.o
    0x080021d8   0x00000018   Code   RO          222    i.IsKeyDown7        bsp_key.o
    0x080021f0   0x00000018   Code   RO          223    i.IsKeyDown8        bsp_key.o
    0x08002208   0x00000016   Code   RO          224    i.IsKeyDown9        bsp_key.o
    0x0800221e   0x00000002   PAD
    0x08002220   0x00000048   Code   RO          910    i.MODBUS_ReciveNew  bsp_modbus.o
    0x08002268   0x0000000c   Code   RO          911    i.MODBUS_RxTimeOut  bsp_modbus.o
    0x08002274   0x00000004   Code   RO          693    i.MemManage_Handler  stm32f4xx_it.o
    0x08002278   0x00000002   Code   RO          694    i.NMI_Handler       stm32f4xx_it.o
    0x0800227a   0x00000002   PAD
    0x0800227c   0x00000078   Code   RO         1424    i.NVIC_Init         misc.o
    0x080022f4   0x00000002   Code   RO          695    i.PendSV_Handler    stm32f4xx_it.o
    0x080022f6   0x00000002   PAD
    0x080022f8   0x00000238   Code   RO            8    i.PrintfLogo        main.o
    0x08002530   0x00000020   Code   RO         1026    i.RCC_AHB1PeriphClockCmd  stm32f4xx_rcc.o
    0x08002550   0x00000020   Code   RO         1035    i.RCC_APB1PeriphClockCmd  stm32f4xx_rcc.o
    0x08002570   0x00000020   Code   RO         1038    i.RCC_APB2PeriphClockCmd  stm32f4xx_rcc.o
    0x08002590   0x000000e8   Code   RO         1047    i.RCC_GetClocksFreq  stm32f4xx_rcc.o
    0x08002678   0x00000034   Code   RO          517    i.RS485_InitTXE     bsp_uart_fifo.o
    0x080026ac   0x0000000c   Code   RO          518    i.RS485_ReciveNew   bsp_uart_fifo.o
    0x080026b8   0x0000000c   Code   RO          519    i.RS485_SendBefor   bsp_uart_fifo.o
    0x080026c4   0x0000000c   Code   RO          521    i.RS485_SendOver    bsp_uart_fifo.o
    0x080026d0   0x00000002   Code   RO          696    i.SVC_Handler       stm32f4xx_it.o
    0x080026d2   0x00000002   PAD
    0x080026d4   0x000000ec   Code   RO         2710    i.SetSysClock       system_stm32f4xx.o
    0x080027c0   0x00000008   Code   RO          396    i.SysTick_Handler   bsp_timer.o
    0x080027c8   0x00000084   Code   RO          397    i.SysTick_ISR       bsp_timer.o
    0x0800284c   0x00000068   Code   RO         2712    i.SystemInit        system_stm32f4xx.o
    0x080028b4   0x000000a0   Code   RO          398    i.TIM5_IRQHandler   bsp_timer.o
    0x08002954   0x00000006   Code   RO         1777    i.TIM_ClearITPendingBit  stm32f4xx_tim.o
    0x0800295a   0x00000018   Code   RO         1782    i.TIM_Cmd           stm32f4xx_tim.o
    0x08002972   0x0000001e   Code   RO         1784    i.TIM_CtrlPWMOutputs  stm32f4xx_tim.o
    0x08002990   0x00000006   Code   RO         1801    i.TIM_GetCounter    stm32f4xx_tim.o
    0x08002996   0x00000022   Code   RO         1803    i.TIM_GetITStatus   stm32f4xx_tim.o
    0x080029b8   0x00000012   Code   RO         1807    i.TIM_ITConfig      stm32f4xx_tim.o
    0x080029ca   0x00000002   PAD
    0x080029cc   0x000000a4   Code   RO         1816    i.TIM_OC2Init       stm32f4xx_tim.o
    0x08002a70   0x00000012   Code   RO         1836    i.TIM_SelectInputTrigger  stm32f4xx_tim.o
    0x08002a82   0x00000012   Code   RO         1837    i.TIM_SelectMasterSlaveMode  stm32f4xx_tim.o
    0x08002a94   0x00000012   Code   RO         1840    i.TIM_SelectOutputTrigger  stm32f4xx_tim.o
    0x08002aa6   0x00000012   Code   RO         1841    i.TIM_SelectSlaveMode  stm32f4xx_tim.o
    0x08002ab8   0x00000004   Code   RO         1844    i.TIM_SetCompare1   stm32f4xx_tim.o
    0x08002abc   0x00000004   Code   RO         1845    i.TIM_SetCompare2   stm32f4xx_tim.o
    0x08002ac0   0x00000004   Code   RO         1846    i.TIM_SetCompare3   stm32f4xx_tim.o
    0x08002ac4   0x00000004   Code   RO         1847    i.TIM_SetCompare4   stm32f4xx_tim.o
    0x08002ac8   0x00000084   Code   RO         1854    i.TIM_TimeBaseInit  stm32f4xx_tim.o
    0x08002b4c   0x00000012   Code   RO         1855    i.TIM_TimeBaseStructInit  stm32f4xx_tim.o
    0x08002b5e   0x00000002   PAD
    0x08002b60   0x00000010   Code   RO          523    i.USART1_IRQHandler  bsp_uart_fifo.o
    0x08002b70   0x00000010   Code   RO          524    i.USART2_IRQHandler  bsp_uart_fifo.o
    0x08002b80   0x00000010   Code   RO          525    i.USART3_IRQHandler  bsp_uart_fifo.o
    0x08002b90   0x00000010   Code   RO          526    i.USART6_IRQHandler  bsp_uart_fifo.o
    0x08002ba0   0x00000012   Code   RO         1574    i.USART_ClearFlag   stm32f4xx_usart.o
    0x08002bb2   0x00000018   Code   RO         1578    i.USART_Cmd         stm32f4xx_usart.o
    0x08002bca   0x00000054   Code   RO         1582    i.USART_GetITStatus  stm32f4xx_usart.o
    0x08002c1e   0x0000004a   Code   RO         1584    i.USART_ITConfig    stm32f4xx_usart.o
    0x08002c68   0x000000d4   Code   RO         1585    i.USART_Init        stm32f4xx_usart.o
    0x08002d3c   0x0000000a   Code   RO         1592    i.USART_ReceiveData  stm32f4xx_usart.o
    0x08002d46   0x00000008   Code   RO         1595    i.USART_SendData    stm32f4xx_usart.o
    0x08002d4e   0x000000e6   Code   RO          528    i.UartIRQ           bsp_uart_fifo.o
    0x08002e34   0x00000072   Code   RO          529    i.UartSend          bsp_uart_fifo.o
    0x08002ea6   0x00000002   PAD
    0x08002ea8   0x000000fc   Code   RO          530    i.UartVarInit       bsp_uart_fifo.o
    0x08002fa4   0x00000004   Code   RO          697    i.UsageFault_Handler  stm32f4xx_it.o
    0x08002fa8   0x00000020   Code   RO         3561    i.__0printf         mc_w.l(printfa.o)
    0x08002fc8   0x0000000e   Code   RO         3633    i.__scatterload_copy  mc_w.l(handlers.o)
    0x08002fd6   0x00000002   Code   RO         3634    i.__scatterload_null  mc_w.l(handlers.o)
    0x08002fd8   0x0000000e   Code   RO         3635    i.__scatterload_zeroinit  mc_w.l(handlers.o)
    0x08002fe6   0x00000006   Code   RO          399    i.__set_PRIMASK     bsp_timer.o
    0x08002fec   0x00000006   Code   RO          531    i.__set_PRIMASK     bsp_uart_fifo.o
    0x08002ff2   0x00000002   PAD
    0x08002ff4   0x0000015c   Code   RO         3568    i._fp_digits        mc_w.l(printfa.o)
    0x08003150   0x000006f0   Code   RO         3569    i._printf_core      mc_w.l(printfa.o)
    0x08003840   0x00000026   Code   RO         3570    i._printf_post_padding  mc_w.l(printfa.o)
    0x08003866   0x00000030   Code   RO         3571    i._printf_pre_padding  mc_w.l(printfa.o)
    0x08003896   0x00000002   PAD
    0x08003898   0x00000090   Code   RO            9    i.arm_iir_f32_bp    main.o
    0x08003928   0x00000034   Code   RO          400    i.bsp_CheckTimer    bsp_timer.o
    0x0800395c   0x000000cc   Code   RO          226    i.bsp_DetectKey     bsp_key.o
    0x08003a28   0x00000034   Code   RO          227    i.bsp_GetKey        bsp_key.o
    0x08003a5c   0x00000002   Code   RO          777    i.bsp_Idle          bsp.o
    0x08003a5e   0x00000014   Code   RO          778    i.bsp_Init          bsp.o
    0x08003a72   0x0000000c   Code   RO          230    i.bsp_InitKey       bsp_key.o
    0x08003a7e   0x00000002   PAD
    0x08003a80   0x000000a0   Code   RO          231    i.bsp_InitKeyHard   bsp_key.o
    0x08003b20   0x000000d4   Code   RO          232    i.bsp_InitKeyVar    bsp_key.o
    0x08003bf4   0x0000007c   Code   RO          348    i.bsp_InitLed       bsp_led.o
    0x08003c70   0x00000094   Code   RO          405    i.bsp_InitTimer     bsp_timer.o
    0x08003d04   0x00000014   Code   RO          532    i.bsp_InitUart      bsp_uart_fifo.o
    0x08003d18   0x00000016   Code   RO          233    i.bsp_KeyScan       bsp_key.o
    0x08003d2e   0x00000002   PAD
    0x08003d30   0x00000040   Code   RO          350    i.bsp_LedOff        bsp_led.o
    0x08003d70   0x00000054   Code   RO          352    i.bsp_LedToggle     bsp_led.o
    0x08003dc4   0x00000020   Code   RO          234    i.bsp_PutKey        bsp_key.o
    0x08003de4   0x00000008   Code   RO          779    i.bsp_RunPer10ms    bsp.o
    0x08003dec   0x00000002   Code   RO          780    i.bsp_RunPer1ms     bsp.o
    0x08003dee   0x0000001c   Code   RO          406    i.bsp_SoftTimerDec  bsp_timer.o
    0x08003e0a   0x00000002   PAD
    0x08003e0c   0x000000a8   Code   RO          407    i.bsp_StartAutoTimer  bsp_timer.o
    0x08003eb4   0x000000c8   Code   RO          408    i.bsp_StartHardTimer  bsp_timer.o
    0x08003f7c   0x0000002e   Code   RO          537    i.comSendBuf        bsp_uart_fifo.o
    0x08003faa   0x00000010   Code   RO          538    i.comSendChar       bsp_uart_fifo.o
    0x08003fba   0x00000012   Code   RO          540    i.fputc             bsp_uart_fifo.o
    0x08003fcc   0x0000014c   Code   RO           10    i.main              main.o
    0x08004118   0x000000a0   Data   RO           12    .constdata          main.o
    0x080041b8   0x00000030   Data   RO          412    .constdata          bsp_timer.o
    0x080041e8   0x00000804   Data   RO         3292    .constdata          arm_cortexM4lf_math.lib(arm_common_tables.o)
    0x080049ec   0x00000020   Data   RO         3631    Region$$Table       anon$$obj.o


    Execution Region RW_IRAM1 (Base: 0x20000000, Size: 0x00002fb0, Max: 0x00020000, ABSOLUTE, COMPRESSED[0x00000044])

    Base Addr    Size         Type   Attr      Idx    E Section Name        Object

    0x20000000   0x00000150   Data   RW           13    .data               main.o
    0x20000150   0x00000020   Data   RW          413    .data               bsp_timer.o
    0x20000170   0x00000001   Data   RW          542    .data               bsp_uart_fifo.o
    0x20000171   0x00000001   Data   RW          914    .data               bsp_modbus.o
    0x20000172   0x00000010   Data   RW         1079    .data               stm32f4xx_rcc.o
    0x20000182   0x00000002   PAD
    0x20000184   0x00000014   Data   RW         2713    .data               system_stm32f4xx.o
    0x20000198   0x00000004   Data   RW         3605    .data               mc_w.l(stdout.o)
    0x2000019c   0x00000700   Zero   RW           11    .bss                main.o
    0x2000089c   0x000000ad   Zero   RW          236    .bss                bsp_key.o
    0x20000949   0x00000003   PAD
    0x2000094c   0x00000030   Zero   RW          411    .bss                bsp_timer.o
    0x2000097c   0x000020a0   Zero   RW          541    .bss                bsp_uart_fifo.o
    0x20002a1c   0x00000190   Zero   RW          913    .bss                bsp_modbus.o
    0x20002bac   0x00000004   PAD
    0x20002bb0   0x00000400   Zero   RW         1016    STACK               startup_stm32f40_41xxx.o


==============================================================================

Image component sizes


      Code (inc. data)   RO Data    RW Data    ZI Data      Debug   Object Name

        32          0          0          0          0       1831   bsp.o
       930        134          0          0        173       9762   bsp_key.o
       272         36          0          0          0       1663   bsp_led.o
        84         16          0          1        400       2019   bsp_modbus.o
       902        166         48         32         48      35194   bsp_timer.o
      1764        164          0          1       8352      11923   bsp_uart_fifo.o
       316         10          0          0          0        849   dualtimermasterslave_md.o
      2484       1238        160        336       1792     311806   main.o
       120         12          0          0          0       1108   misc.o
        36          8        392          0       1024        932   startup_stm32f40_41xxx.o
       214          0          0          0          0       1891   stm32f4xx_gpio.o
       104         48          0          0          0       3864   stm32f4xx_it.o
       328         36          0         16          0       4823   stm32f4xx_rcc.o
       520         38          0          0          0      11292   stm32f4xx_tim.o
       430          8          0          0          0       5653   stm32f4xx_usart.o
       340         34          0         20          0       1845   system_stm32f4xx.o

    ----------------------------------------------------------------------
      8906       1948        632        408      11796     406455   Object Totals
         0          0         32          0          0          0   (incl. Generated)
        30          0          0          2          7          0   (incl. Padding)

    ----------------------------------------------------------------------

      Code (inc. data)   RO Data    RW Data    ZI Data      Debug   Library Member Name

       164          0          0          0          0      17122   arm_abs_f32.o
       134          0          0          0          0       1026   arm_abs_q15.o
       232          0          0          0          0        982   arm_abs_q31.o
       230          0          0          0          0       1065   arm_abs_q7.o
       210          0          0          0          0        890   arm_add_f32.o
        80          0          0          0          0        742   arm_add_q15.o
       122          0          0          0          0        834   arm_add_q31.o
       162          0          0          0          0        921   arm_add_q7.o
       332          0          0          0          0       1573   arm_biquad_cascade_df1_f32.o
        22          0          0          0          0        986   arm_biquad_cascade_df1_init_f32.o
         0          0       2052          0          0       4636   arm_common_tables.o
       260          4          0          0          0        923   arm_dot_prod_f32.o
        72          0          0          0          0        679   arm_dot_prod_q15.o
       354          0          0          0          0       1135   arm_dot_prod_q31.o
        82          0          0          0          0        786   arm_dot_prod_q7.o
       210          0          0          0          0        951   arm_mult_f32.o
       230          0          0          0          0       1143   arm_mult_q15.o
       274          0          0          0          0       1207   arm_mult_q31.o
       264          0          0          0          0       1042   arm_mult_q7.o
       116         12          0          0          0        658   arm_sin_f32.o
        92          0          0          0          0          0   __dczerorl2.o
         0          0          0          0          0          0   entry.o
         0          0          0          0          0          0   entry10a.o
         0          0          0          0          0          0   entry11a.o
         8          4          0          0          0          0   entry2.o
         4          0          0          0          0          0   entry5.o
         0          0          0          0          0          0   entry7b.o
         0          0          0          0          0          0   entry8b.o
         8          4          0          0          0          0   entry9a.o
        30          0          0          0          0          0   handlers.o
        36          8          0          0          0         68   init.o
         0          0          0          0          0          0   iusefp.o
        30          0          0          0          0         68   llshl.o
        36          0          0          0          0         68   llsshr.o
        32          0          0          0          0         68   llushr.o
        36          0          0          0          0        108   memseta.o
      2242         90          0          0          0        444   printfa.o
         0          0          0          4          0          0   stdout.o
        44          0          0          0          0         80   uidiv.o
        98          0          0          0          0         92   uldiv.o
        40          2          0          0          0         68   cdrcmple.o
       334          0          0          0          0        144   dadd.o
       222          0          0          0          0        100   ddiv.o
       190          0          0          0          0        176   depilogue.o
        48          0          0          0          0         68   dfixul.o
       228          0          0          0          0         92   dmul.o
        38          0          0          0          0         68   f2d.o

    ----------------------------------------------------------------------
      7366        124       2052          4          0      41013   Library Totals
        20          0          0          0          0          0   (incl. Padding)

    ----------------------------------------------------------------------

      Code (inc. data)   RO Data    RW Data    ZI Data      Debug   Library Name

      3550         16       2052          0          0      39301   arm_cortexM4lf_math.lib
      2696        106          0          4          0        996   mc_w.l
      1100          2          0          0          0        716   mf_w.l

    ----------------------------------------------------------------------
      7366        124       2052          4          0      41013   Library Totals

    ----------------------------------------------------------------------

==============================================================================


      Code (inc. data)   RO Data    RW Data    ZI Data      Debug   

     16272       2072       2684        412      11796     435536   Grand Totals
     16272       2072       2684         68      11796     435536   ELF Image Totals (compressed)
     16272       2072       2684         68          0          0   ROM Totals

==============================================================================

    Total RO  Size (Code + RO Data)                18956 (  18.51kB)
    Total RW  Size (RW Data + ZI Data)             12208 (  11.92kB)
    Total ROM Size (Code + RO Data + RW Data)      19024 (  18.58kB)

==============================================================================

