Component: ARM Compiler 5.06 update 6 (build 750) Tool: armlink [4d35ed]

==============================================================================

Section Cross References

    main.o(i.BitSync) refers to main.o(.bss) for u8BitPool
    main.o(i.SendOneFrameDPSK) refers to dma_dac.o(.bss) for aSRC_0
    main.o(i.Timer2_ADC_T2CC__Init) refers to stm32f4xx_rcc.o(i.RCC_AHB1PeriphClockCmd) for RCC_AHB1PeriphClockCmd
    main.o(i.Timer2_ADC_T2CC__Init) refers to stm32f4xx_rcc.o(i.RCC_APB1PeriphClockCmd) for RCC_APB1PeriphClockCmd
    main.o(i.Timer2_ADC_T2CC__Init) refers to stm32f4xx_tim.o(i.TIM_TimeBaseStructInit) for TIM_TimeBaseStructInit
    main.o(i.Timer2_ADC_T2CC__Init) refers to stm32f4xx_tim.o(i.TIM_TimeBaseInit) for TIM_TimeBaseInit
    main.o(i.Timer2_ADC_T2CC__Init) refers to stm32f4xx_tim.o(i.TIM_OC2Init) for TIM_OC2Init
    main.o(i.Timer2_ADC_T2CC__Init) refers to stm32f4xx_tim.o(i.TIM_CtrlPWMOutputs) for TIM_CtrlPWMOutputs
    main.o(i.Timer2_ADC_T2CC__Init) refers to stm32f4xx_tim.o(i.TIM_Cmd) for TIM_Cmd
    main.o(i.arm_iir_f32_Lp) refers to arm_biquad_cascade_df1_init_f32.o(.text) for arm_biquad_cascade_df1_init_f32
    main.o(i.arm_iir_f32_Lp) refers to arm_biquad_cascade_df1_f32.o(.text) for arm_biquad_cascade_df1_f32
    main.o(i.arm_iir_f32_Lp) refers to main.o(.data) for u8Flag
    main.o(i.arm_iir_f32_Lp) refers to main.o(.bss) for IIRStateF32
    main.o(i.arm_iir_f32_Lp) refers to main.o(.constdata) for IIRCoeffs32BP
    main.o(i.arm_iir_f32_bp) refers to arm_biquad_cascade_df1_init_f32.o(.text) for arm_biquad_cascade_df1_init_f32
    main.o(i.arm_iir_f32_bp) refers to arm_biquad_cascade_df1_f32.o(.text) for arm_biquad_cascade_df1_f32
    main.o(i.arm_iir_f32_bp) refers to main.o(.data) for u8Flag
    main.o(i.arm_iir_f32_bp) refers to main.o(.bss) for IIRStateF32
    main.o(i.arm_iir_f32_bp) refers to main.o(.constdata) for IIRCoeffs32BP
    main.o(i.main) refers to bsp.o(i.bsp_Init) for bsp_Init
    main.o(i.main) refers to bsp_timer.o(i.bsp_StartAutoTimer) for bsp_StartAutoTimer
    main.o(i.main) refers to main.o(i.Timer2_ADC_T2CC__Init) for Timer2_ADC_T2CC__Init
    main.o(i.main) refers to dma_timeradc_md.o(i.ADC_Config) for ADC_Config
    main.o(i.main) refers to printf2.o(i.__0printf$2) for __2printf
    main.o(i.main) refers to arm_sin_f32.o(.text) for arm_sin_f32
    main.o(i.main) refers to main.o(i.SendOneFrameDPSK) for SendOneFrameDPSK
    main.o(i.main) refers to dma_dac.o(i.DAC_Ch1_SineWaveConfig) for DAC_Ch1_SineWaveConfig
    main.o(i.main) refers to dma_dac.o(i.DAC_Ch2_SineWaveConfig) for DAC_Ch2_SineWaveConfig
    main.o(i.main) refers to main.o(i.arm_iir_f32_Lp) for arm_iir_f32_Lp
    main.o(i.main) refers to main.o(i.BitSync) for BitSync
    main.o(i.main) refers to dma_dac.o(.bss) for aSRC_0
    main.o(i.main) refers to main.o(.bss) for u16DecodeOutBuf
    main.o(i.main) refers to main.o(.data) for fSpecN4_real
    main.o(i.main) refers to dma_timeradc_md.o(.data) for u8ADC_Halffull
    main.o(i.main) refers to dma_timeradc_md.o(.bss) for uhADCxConvertedValue
    main.o(i.main) refers to dma_dac.o(.data) for u8DAC2_Halffull
    ringbuf.o(i.RingBufAdvanceRead) refers to ringbuf.o(i.RingBufUsed) for RingBufUsed
    ringbuf.o(i.RingBufAdvanceRead) refers to ringbuf.o(i.UpdateIndexAtomic) for UpdateIndexAtomic
    ringbuf.o(i.RingBufAdvanceWrite) refers to ringbuf.o(i.RingBufFree) for RingBufFree
    ringbuf.o(i.RingBufFree) refers to ringbuf.o(i.RingBufUsed) for RingBufUsed
    ringbuf.o(i.RingBufRead) refers to ringbuf.o(i.RingBufReadOne) for RingBufReadOne
    ringbuf.o(i.RingBufReadOne) refers to ringbuf.o(i.UpdateIndexAtomic) for UpdateIndexAtomic
    ringbuf.o(i.RingBufU16ReadOne) refers to ringbuf.o(i.UpdateIndexAtomic) for UpdateIndexAtomic
    ringbuf.o(i.RingBufU16WriteOne) refers to ringbuf.o(i.UpdateIndexAtomic) for UpdateIndexAtomic
    ringbuf.o(i.RingBufWrite) refers to ringbuf.o(i.RingBufWriteOne) for RingBufWriteOne
    ringbuf.o(i.RingBufWriteOne) refers to ringbuf.o(i.UpdateIndexAtomic) for UpdateIndexAtomic
    bsp_key.o(i.IsKeyDown10) refers to bsp_key.o(i.IsKeyDown1) for IsKeyDown1
    bsp_key.o(i.IsKeyDown10) refers to bsp_key.o(i.IsKeyDown2) for IsKeyDown2
    bsp_key.o(i.IsKeyDown9) refers to bsp_key.o(i.IsKeyDown1) for IsKeyDown1
    bsp_key.o(i.IsKeyDown9) refers to bsp_key.o(i.IsKeyDown2) for IsKeyDown2
    bsp_key.o(i.bsp_ClearKey) refers to bsp_key.o(.bss) for s_tKey
    bsp_key.o(i.bsp_DetectKey) refers to bsp_key.o(i.bsp_PutKey) for bsp_PutKey
    bsp_key.o(i.bsp_DetectKey) refers to bsp_key.o(.bss) for s_tBtn
    bsp_key.o(i.bsp_GetKey) refers to bsp_key.o(.bss) for s_tKey
    bsp_key.o(i.bsp_GetKey2) refers to bsp_key.o(.bss) for s_tKey
    bsp_key.o(i.bsp_GetKeyState) refers to bsp_key.o(.bss) for s_tBtn
    bsp_key.o(i.bsp_InitKey) refers to bsp_key.o(i.bsp_InitKeyVar) for bsp_InitKeyVar
    bsp_key.o(i.bsp_InitKey) refers to bsp_key.o(i.bsp_InitKeyHard) for bsp_InitKeyHard
[...]
    Removing segger_sysview.o(i.SEGGER_SYSVIEW_GetSysDesc), (188 bytes).
    Removing segger_sysview.o(i.SEGGER_SYSVIEW_Init), (100 bytes).
    Removing segger_sysview.o(i.SEGGER_SYSVIEW_NameResource), (116 bytes).
    Removing segger_sysview.o(i.SEGGER_SYSVIEW_OnIdle), (52 bytes).
    Removing segger_sysview.o(i.SEGGER_SYSVIEW_OnTaskCreate), (100 bytes).
    Removing segger_sysview.o(i.SEGGER_SYSVIEW_OnTaskStartExec), (100 bytes).
    Removing segger_sysview.o(i.SEGGER_SYSVIEW_OnTaskStartReady), (100 bytes).
    Removing segger_sysview.o(i.SEGGER_SYSVIEW_OnTaskStopExec), (52 bytes).
    Removing segger_sysview.o(i.SEGGER_SYSVIEW_OnTaskStopReady), (132 bytes).
    Removing segger_sysview.o(i.SEGGER_SYSVIEW_OnTaskTerminate), (100 bytes).
    Removing segger_sysview.o(i.SEGGER_SYSVIEW_OnUserStart), (88 bytes).
    Removing segger_sysview.o(i.SEGGER_SYSVIEW_OnUserStop), (88 bytes).
    Removing segger_sysview.o(i.SEGGER_SYSVIEW_Print), (128 bytes).
    Removing segger_sysview.o(i.SEGGER_SYSVIEW_PrintfHost), (28 bytes).
    Removing segger_sysview.o(i.SEGGER_SYSVIEW_PrintfHostEx), (30 bytes).
    Removing segger_sysview.o(i.SEGGER_SYSVIEW_PrintfTarget), (28 bytes).
    Removing segger_sysview.o(i.SEGGER_SYSVIEW_PrintfTargetEx), (30 bytes).
    Removing segger_sysview.o(i.SEGGER_SYSVIEW_RecordEndCall), (88 bytes).
    Removing segger_sysview.o(i.SEGGER_SYSVIEW_RecordEndCallU32), (120 bytes).
    Removing segger_sysview.o(i.SEGGER_SYSVIEW_RecordEnterISR), (100 bytes).
    Removing segger_sysview.o(i.SEGGER_SYSVIEW_RecordEnterTimer), (100 bytes).
    Removing segger_sysview.o(i.SEGGER_SYSVIEW_RecordExitISR), (52 bytes).
    Removing segger_sysview.o(i.SEGGER_SYSVIEW_RecordExitISRToScheduler), (52 bytes).
    Removing segger_sysview.o(i.SEGGER_SYSVIEW_RecordExitTimer), (52 bytes).
    Removing segger_sysview.o(i.SEGGER_SYSVIEW_RecordModuleDescription), (168 bytes).
    Removing segger_sysview.o(i.SEGGER_SYSVIEW_RecordString), (72 bytes).
    Removing segger_sysview.o(i.SEGGER_SYSVIEW_RecordSystime), (60 bytes).
    Removing segger_sysview.o(i.SEGGER_SYSVIEW_RecordU32), (92 bytes).
    Removing segger_sysview.o(i.SEGGER_SYSVIEW_RecordU32x10), (352 bytes).
    Removing segger_sysview.o(i.SEGGER_SYSVIEW_RecordU32x2), (124 bytes).
    Removing segger_sysview.o(i.SEGGER_SYSVIEW_RecordU32x3), (152 bytes).
    Removing segger_sysview.o(i.SEGGER_SYSVIEW_RecordU32x4), (184 bytes).
    Removing segger_sysview.o(i.SEGGER_SYSVIEW_RecordU32x5), (212 bytes).
    Removing segger_sysview.o(i.SEGGER_SYSVIEW_RecordU32x6), (240 bytes).
    Removing segger_sysview.o(i.SEGGER_SYSVIEW_RecordU32x7), (268 bytes).
    Removing segger_sysview.o(i.SEGGER_SYSVIEW_RecordU32x8), (296 bytes).
    Removing segger_sysview.o(i.SEGGER_SYSVIEW_RecordU32x9), (324 bytes).
    Removing segger_sysview.o(i.SEGGER_SYSVIEW_RecordVoid), (56 bytes).
    Removing segger_sysview.o(i.SEGGER_SYSVIEW_RegisterModule), (120 bytes).
    Removing segger_sysview.o(i.SEGGER_SYSVIEW_SendModule), (172 bytes).
    Removing segger_sysview.o(i.SEGGER_SYSVIEW_SendModuleDescription), (36 bytes).
    Removing segger_sysview.o(i.SEGGER_SYSVIEW_SendNumModules), (88 bytes).
    Removing segger_sysview.o(i.SEGGER_SYSVIEW_SendPacket), (52 bytes).
    Removing segger_sysview.o(i.SEGGER_SYSVIEW_SendSysDesc), (72 bytes).
    Removing segger_sysview.o(i.SEGGER_SYSVIEW_SendTaskInfo), (272 bytes).
    Removing segger_sysview.o(i.SEGGER_SYSVIEW_SendTaskList), (32 bytes).
    Removing segger_sysview.o(i.SEGGER_SYSVIEW_SetRAMBase), (12 bytes).
    Removing segger_sysview.o(i.SEGGER_SYSVIEW_ShrinkId), (16 bytes).
    Removing segger_sysview.o(i.SEGGER_SYSVIEW_Start), (260 bytes).
    Removing segger_sysview.o(i.SEGGER_SYSVIEW_Stop), (68 bytes).
    Removing segger_sysview.o(i.SEGGER_SYSVIEW_Warn), (128 bytes).
    Removing segger_sysview.o(i.SEGGER_SYSVIEW_WarnfHost), (28 bytes).
    Removing segger_sysview.o(i.SEGGER_SYSVIEW_WarnfTarget), (28 bytes).
    Removing segger_sysview.o(i._APrintHost), (176 bytes).
    Removing segger_sysview.o(i._EncodeData), (26 bytes).
    Removing segger_sysview.o(i._EncodeStr), (68 bytes).
    Removing segger_sysview.o(i._HandleIncomingPacket), (152 bytes).
    Removing segger_sysview.o(i._PreparePacket), (6 bytes).
    Removing segger_sysview.o(i._PrintInt), (190 bytes).
    Removing segger_sysview.o(i._PrintUnsigned), (188 bytes).
    Removing segger_sysview.o(i._SendPacket), (284 bytes).
    Removing segger_sysview.o(i._StoreChar), (134 bytes).
    Removing segger_sysview.o(i._TrySendOverflowPacket), (132 bytes).
    Removing segger_sysview.o(i._VPrintHost), (74 bytes).
    Removing segger_sysview.o(i._VPrintTarget), (564 bytes).
    Removing segger_sysview.o(.bss), (1291 bytes).
    Removing segger_sysview.o(.constdata), (26 bytes).
    Removing segger_sysview.o(.data), (13 bytes).
    Removing segger_sysview_config_noos.o(i.SEGGER_SYSVIEW_Conf), (36 bytes).
    Removing segger_sysview_config_noos.o(i._cbSendSystemDesc), (64 bytes).
    Removing arm_sin_f32.o(.rev16_text), (4 bytes).
    Removing arm_sin_f32.o(.revsh_text), (4 bytes).
    Removing arm_sin_f32.o(.rrx_text), (6 bytes).
    Removing arm_biquad_cascade_df1_f32.o(.rev16_text), (4 bytes).
    Removing arm_biquad_cascade_df1_f32.o(.revsh_text), (4 bytes).
    Removing arm_biquad_cascade_df1_f32.o(.rrx_text), (6 bytes).
    Removing arm_biquad_cascade_df1_init_f32.o(.rev16_text), (4 bytes).
    Removing arm_biquad_cascade_df1_init_f32.o(.revsh_text), (4 bytes).
    Removing arm_biquad_cascade_df1_init_f32.o(.rrx_text), (6 bytes).
    Removing arm_common_tables.o(.rev16_text), (4 bytes).
    Removing arm_common_tables.o(.revsh_text), (4 bytes).
    Removing arm_common_tables.o(.rrx_text), (6 bytes).
    Removing arm_common_tables.o(.constdata), (2048 bytes).
    Removing arm_common_tables.o(.constdata), (128 bytes).
    Removing arm_common_tables.o(.constdata), (256 bytes).
    Removing arm_common_tables.o(.constdata), (512 bytes).
    Removing arm_common_tables.o(.constdata), (1024 bytes).
    Removing arm_common_tables.o(.constdata), (2048 bytes).
    Removing arm_common_tables.o(.constdata), (4096 bytes).
    Removing arm_common_tables.o(.constdata), (8192 bytes).
    Removing arm_common_tables.o(.constdata), (16384 bytes).
    Removing arm_common_tables.o(.constdata), (32768 bytes).
    Removing arm_common_tables.o(.constdata), (96 bytes).
    Removing arm_common_tables.o(.constdata), (192 bytes).
    Removing arm_common_tables.o(.constdata), (384 bytes).
    Removing arm_common_tables.o(.constdata), (768 bytes).
    Removing arm_common_tables.o(.constdata), (1536 bytes).
    Removing arm_common_tables.o(.constdata), (3072 bytes).
    Removing arm_common_tables.o(.constdata), (6144 bytes).
    Removing arm_common_tables.o(.constdata), (12288 bytes).
    Removing arm_common_tables.o(.constdata), (24576 bytes).
    Removing arm_common_tables.o(.constdata), (48 bytes).
    Removing arm_common_tables.o(.constdata), (96 bytes).
    Removing arm_common_tables.o(.constdata), (192 bytes).
    Removing arm_common_tables.o(.constdata), (384 bytes).
    Removing arm_common_tables.o(.constdata), (768 bytes).
    Removing arm_common_tables.o(.constdata), (1536 bytes).
    Removing arm_common_tables.o(.constdata), (3072 bytes).
    Removing arm_common_tables.o(.constdata), (6144 bytes).
    Removing arm_common_tables.o(.constdata), (12288 bytes).
    Removing arm_common_tables.o(.constdata), (128 bytes).
    Removing arm_common_tables.o(.constdata), (256 bytes).
    Removing arm_common_tables.o(.constdata), (40 bytes).
    Removing arm_common_tables.o(.constdata), (96 bytes).
    Removing arm_common_tables.o(.constdata), (112 bytes).
    Removing arm_common_tables.o(.constdata), (416 bytes).
    Removing arm_common_tables.o(.constdata), (880 bytes).
    Removing arm_common_tables.o(.constdata), (896 bytes).
    Removing arm_common_tables.o(.constdata), (3600 bytes).
    Removing arm_common_tables.o(.constdata), (7616 bytes).
    Removing arm_common_tables.o(.constdata), (8064 bytes).
    Removing arm_common_tables.o(.constdata), (24 bytes).
    Removing arm_common_tables.o(.constdata), (48 bytes).
    Removing arm_common_tables.o(.constdata), (112 bytes).
    Removing arm_common_tables.o(.constdata), (224 bytes).
    Removing arm_common_tables.o(.constdata), (480 bytes).
    Removing arm_common_tables.o(.constdata), (960 bytes).
    Removing arm_common_tables.o(.constdata), (1984 bytes).
    Removing arm_common_tables.o(.constdata), (3968 bytes).
    Removing arm_common_tables.o(.constdata), (8064 bytes).
    Removing arm_common_tables.o(.constdata), (128 bytes).
    Removing arm_common_tables.o(.constdata), (256 bytes).
    Removing arm_common_tables.o(.constdata), (512 bytes).
    Removing arm_common_tables.o(.constdata), (1024 bytes).
    Removing arm_common_tables.o(.constdata), (2048 bytes).
    Removing arm_common_tables.o(.constdata), (4096 bytes).
    Removing arm_common_tables.o(.constdata), (8192 bytes).
    Removing arm_common_tables.o(.constdata), (16384 bytes).
    Removing arm_common_tables.o(.constdata), (2052 bytes).
    Removing arm_common_tables.o(.constdata), (1026 bytes).
    Removing dadd.o(.text), (334 bytes).
    Removing dmul.o(.text), (228 bytes).
    Removing ddiv.o(.text), (222 bytes).
    Removing dfixul.o(.text), (48 bytes).
    Removing cdrcmple.o(.text), (48 bytes).
    Removing depilogue.o(.text), (186 bytes).

605 unused section(s) (total 244749 bytes) removed from the image.

==============================================================================

Image Symbol Table

    Local Symbols

    Symbol Name                              Value     Ov Type        Size  Object(Section)

    ../clib/microlib/division.c              0x00000000   Number         0  uldiv.o ABSOLUTE
    ../clib/microlib/division.c              0x00000000   Number         0  uidiv.o ABSOLUTE
    ../clib/microlib/division.c              0x00000000   Number         0  ldiv.o ABSOLUTE
    ../clib/microlib/init/entry.s            0x00000000   Number         0  entry5.o ABSOLUTE
    ../clib/microlib/init/entry.s            0x00000000   Number         0  entry11a.o ABSOLUTE
    ../clib/microlib/init/entry.s            0x00000000   Number         0  entry10b.o ABSOLUTE
    ../clib/microlib/init/entry.s            0x00000000   Number         0  entry7a.o ABSOLUTE
    ../clib/microlib/init/entry.s            0x00000000   Number         0  entry10a.o ABSOLUTE
    ../clib/microlib/init/entry.s            0x00000000   Number         0  entry9b.o ABSOLUTE
    ../clib/microlib/init/entry.s            0x00000000   Number         0  entry7b.o ABSOLUTE
    ../clib/microlib/init/entry.s            0x00000000   Number         0  entry9a.o ABSOLUTE
    ../clib/microlib/init/entry.s            0x00000000   Number         0  entry.o ABSOLUTE
    ../clib/microlib/init/entry.s            0x00000000   Number         0  entry2.o ABSOLUTE
    ../clib/microlib/init/entry.s            0x00000000   Number         0  entry8a.o ABSOLUTE
    ../clib/microlib/init/entry.s            0x00000000   Number         0  entry8b.o ABSOLUTE
    ../clib/microlib/init/entry.s            0x00000000   Number         0  entry11b.o ABSOLUTE
    ../clib/microlib/longlong.c              0x00000000   Number         0  llsshr.o ABSOLUTE
    ../clib/microlib/longlong.c              0x00000000   Number         0  llushr.o ABSOLUTE
    ../clib/microlib/longlong.c              0x00000000   Number         0  llshl.o ABSOLUTE
    ../clib/microlib/printf/printf.c         0x00000000   Number         0  printf2.o ABSOLUTE
    ../clib/microlib/printf/printf.c         0x00000000   Number         0  printf3.o ABSOLUTE
    ../clib/microlib/printf/printf.c         0x00000000   Number         0  printf4.o ABSOLUTE
    ../clib/microlib/printf/printf.c         0x00000000   Number         0  printf5.o ABSOLUTE
    ../clib/microlib/printf/printf.c         0x00000000   Number         0  printf6.o ABSOLUTE
    ../clib/microlib/printf/printf.c         0x00000000   Number         0  printfa.o ABSOLUTE
    ../clib/microlib/printf/printf.c         0x00000000   Number         0  printf1.o ABSOLUTE
    ../clib/microlib/printf/printf.c         0x00000000   Number         0  printf0.o ABSOLUTE
    ../clib/microlib/printf/printf.c         0x00000000   Number         0  printfb.o ABSOLUTE
    ../clib/microlib/printf/printf.c         0x00000000   Number         0  printf7.o ABSOLUTE
    ../clib/microlib/printf/printf.c         0x00000000   Number         0  printf8.o ABSOLUTE
    ../clib/microlib/printf/stubs.s          0x00000000   Number         0  stubs.o ABSOLUTE
    ../clib/microlib/stdio/streams.c         0x00000000   Number         0  stdout.o ABSOLUTE
    ../clib/microlib/string/memcpy.c         0x00000000   Number         0  memcpya.o ABSOLUTE
    ../clib/microlib/string/memcpy.c         0x00000000   Number         0  memcpyb.o ABSOLUTE
    ../clib/microlib/string/memset.c         0x00000000   Number         0  memseta.o ABSOLUTE
    ../clib/microlib/string/strcpy.c         0x00000000   Number         0  strcpy.o ABSOLUTE
    ../clib/microlib/string/strlen.c         0x00000000   Number         0  strlen.o ABSOLUTE
    ../clib/microlib/stubs.s                 0x00000000   Number         0  iusefp.o ABSOLUTE
    ../fplib/microlib/fpadd.c                0x00000000   Number         0  dadd.o ABSOLUTE
    ../fplib/microlib/fpdiv.c                0x00000000   Number         0  ddiv.o ABSOLUTE
    ../fplib/microlib/fpepilogue.c           0x00000000   Number         0  depilogue.o ABSOLUTE
    ../fplib/microlib/fpfix.c                0x00000000   Number         0  dfixul.o ABSOLUTE
    ../fplib/microlib/fpmul.c                0x00000000   Number         0  dmul.o ABSOLUTE
    ..\..\Libraries\CMSIS\Device\ST\STM32F4xx\Source\Templates\arm\startup_stm32f40_41xxx.s 0x00000000   Number         0  startup_stm32f40_41xxx.o ABSOLUTE
    ..\..\Libraries\STM32F4xx_StdPeriph_Driver\src\misc.c 0x00000000   Number         0  misc.o ABSOLUTE
    ..\..\Libraries\STM32F4xx_StdPeriph_Driver\src\stm32f4xx_adc.c 0x00000000   Number         0  stm32f4xx_adc.o ABSOLUTE
    ..\..\Libraries\STM32F4xx_StdPeriph_Driver\src\stm32f4xx_dac.c 0x00000000   Number         0  stm32f4xx_dac.o ABSOLUTE
    ..\..\Libraries\STM32F4xx_StdPeriph_Driver\src\stm32f4xx_dma.c 0x00000000   Number         0  stm32f4xx_dma.o ABSOLUTE
    ..\..\Libraries\STM32F4xx_StdPeriph_Driver\src\stm32f4xx_gpio.c 0x00000000   Number         0  stm32f4xx_gpio.o ABSOLUTE
    ..\..\Libraries\STM32F4xx_StdPeriph_Driver\src\stm32f4xx_rcc.c 0x00000000   Number         0  stm32f4xx_rcc.o ABSOLUTE
    ..\..\Libraries\STM32F4xx_StdPeriph_Driver\src\stm32f4xx_spi.c 0x00000000   Number         0  stm32f4xx_spi.o ABSOLUTE
    ..\..\Libraries\STM32F4xx_StdPeriph_Driver\src\stm32f4xx_syscfg.c 0x00000000   Number         0  stm32f4xx_syscfg.o ABSOLUTE
    ..\..\Libraries\STM32F4xx_StdPeriph_Driver\src\stm32f4xx_tim.c 0x00000000   Number         0  stm32f4xx_tim.o ABSOLUTE
    ..\..\Libraries\STM32F4xx_StdPeriph_Driver\src\stm32f4xx_usart.c 0x00000000   Number         0  stm32f4xx_usart.o ABSOLUTE
    ..\..\User\MiddleWareDrv\DMA_DAC.c       0x00000000   Number         0  dma_dac.o ABSOLUTE
    ..\..\User\MiddleWareDrv\DMA_TimerADC_MD.c 0x00000000   Number         0  dma_timeradc_md.o ABSOLUTE
    ..\..\User\MiddleWareDrv\DMA_TimerSPI_MD.c 0x00000000   Number         0  dma_timerspi_md.o ABSOLUTE
    ..\..\User\MiddleWareDrv\DualTimerMasterSlave_MD.c 0x00000000   Number         0  dualtimermasterslave_md.o ABSOLUTE
    ..\..\User\RTT\SEGGER_RTT.c              0x00000000   Number         0  segger_rtt.o ABSOLUTE
    ..\..\User\RTT\SEGGER_RTT_printf.c       0x00000000   Number         0  segger_rtt_printf.o ABSOLUTE
    ..\..\User\SEGGER\SEGGER_SYSVIEW.c       0x00000000   Number         0  segger_sysview.o ABSOLUTE
    ..\..\User\SEGGER\SEGGER_SYSVIEW_Config_NoOS.c 0x00000000   Number         0  segger_sysview_config_noos.o ABSOLUTE
    ..\..\User\bsp_stm32f4xx\bsp.c           0x00000000   Number         0  bsp.o ABSOLUTE
    ..\..\User\bsp_stm32f4xx\src\bsp_key.c   0x00000000   Number         0  bsp_key.o ABSOLUTE
    ..\..\User\bsp_stm32f4xx\src\bsp_led.c   0x00000000   Number         0  bsp_led.o ABSOLUTE
    ..\..\User\bsp_stm32f4xx\src\bsp_modbus.c 0x00000000   Number         0  bsp_modbus.o ABSOLUTE
    ..\..\User\bsp_stm32f4xx\src\bsp_timer.c 0x00000000   Number         0  bsp_timer.o ABSOLUTE
    ..\..\User\bsp_stm32f4xx\src\bsp_uart_fifo.c 0x00000000   Number         0  bsp_uart_fifo.o ABSOLUTE
    ..\..\User\bsp_stm32f4xx\src\bsp_user_lib.c 0x00000000   Number         0  bsp_user_lib.o ABSOLUTE
    ..\..\User\bsp_stm32f4xx\stm32f4xx_assert.c 0x00000000   Number         0  stm32f4xx_assert.o ABSOLUTE
    ..\..\User\bsp_stm32f4xx\stm32f4xx_it.c  0x00000000   Number         0  stm32f4xx_it.o ABSOLUTE
    ..\..\User\bsp_stm32f4xx\system_stm32f4xx.c 0x00000000   Number         0  system_stm32f4xx.o ABSOLUTE
    ..\..\User\main.c                        0x00000000   Number         0  main.o ABSOLUTE
    ..\..\User\ringbuf.c                     0x00000000   Number         0  ringbuf.o ABSOLUTE
    ..\CommonTables\arm_common_tables.c      0x00000000   Number         0  arm_common_tables.o ABSOLUTE
    ..\FastMathFunctions\arm_sin_f32.c       0x00000000   Number         0  arm_sin_f32.o ABSOLUTE
    ..\FilteringFunctions\arm_biquad_cascade_df1_f32.c 0x00000000   Number         0  arm_biquad_cascade_df1_f32.o ABSOLUTE
    ..\FilteringFunctions\arm_biquad_cascade_df1_init_f32.c 0x00000000   Number         0  arm_biquad_cascade_df1_init_f32.o ABSOLUTE
    ..\\..\\Libraries\\STM32F4xx_StdPeriph_Driver\\src\\misc.c 0x00000000   Number         0  misc.o ABSOLUTE
    ..\\..\\Libraries\\STM32F4xx_StdPeriph_Driver\\src\\stm32f4xx_adc.c 0x00000000   Number         0  stm32f4xx_adc.o ABSOLUTE
    ..\\..\\Libraries\\STM32F4xx_StdPeriph_Driver\\src\\stm32f4xx_dac.c 0x00000000   Number         0  stm32f4xx_dac.o ABSOLUTE
    ..\\..\\Libraries\\STM32F4xx_StdPeriph_Driver\\src\\stm32f4xx_dma.c 0x00000000   Number         0  stm32f4xx_dma.o ABSOLUTE
    ..\\..\\Libraries\\STM32F4xx_StdPeriph_Driver\\src\\stm32f4xx_gpio.c 0x00000000   Number         0  stm32f4xx_gpio.o ABSOLUTE
    ..\\..\\Libraries\\STM32F4xx_StdPeriph_Driver\\src\\stm32f4xx_rcc.c 0x00000000   Number         0  stm32f4xx_rcc.o ABSOLUTE
    ..\\..\\Libraries\\STM32F4xx_StdPeriph_Driver\\src\\stm32f4xx_spi.c 0x00000000   Number         0  stm32f4xx_spi.o ABSOLUTE
    ..\\..\\Libraries\\STM32F4xx_StdPeriph_Driver\\src\\stm32f4xx_syscfg.c 0x00000000   Number         0  stm32f4xx_syscfg.o ABSOLUTE
    ..\\..\\Libraries\\STM32F4xx_StdPeriph_Driver\\src\\stm32f4xx_tim.c 0x00000000   Number         0  stm32f4xx_tim.o ABSOLUTE
    ..\\..\\Libraries\\STM32F4xx_StdPeriph_Driver\\src\\stm32f4xx_usart.c 0x00000000   Number         0  stm32f4xx_usart.o ABSOLUTE
    ..\\..\\User\\MiddleWareDrv\\DMA_DAC.c   0x00000000   Number         0  dma_dac.o ABSOLUTE
    ..\\..\\User\\MiddleWareDrv\\DMA_TimerADC_MD.c 0x00000000   Number         0  dma_timeradc_md.o ABSOLUTE
    ..\\..\\User\\MiddleWareDrv\\DMA_TimerSPI_MD.c 0x00000000   Number         0  dma_timerspi_md.o ABSOLUTE
    ..\\..\\User\\MiddleWareDrv\\DualTimerMasterSlave_MD.c 0x00000000   Number         0  dualtimermasterslave_md.o ABSOLUTE
    ..\\..\\User\\bsp_stm32f4xx\\bsp.c       0x00000000   Number         0  bsp.o ABSOLUTE
    ..\\..\\User\\bsp_stm32f4xx\\src\\bsp_key.c 0x00000000   Number         0  bsp_key.o ABSOLUTE
    ..\\..\\User\\bsp_stm32f4xx\\src\\bsp_led.c 0x00000000   Number         0  bsp_led.o ABSOLUTE
    ..\\..\\User\\bsp_stm32f4xx\\src\\bsp_modbus.c 0x00000000   Number         0  bsp_modbus.o ABSOLUTE
    ..\\..\\User\\bsp_stm32f4xx\\src\\bsp_timer.c 0x00000000   Number         0  bsp_timer.o ABSOLUTE
    ..\\..\\User\\bsp_stm32f4xx\\src\\bsp_uart_fifo.c 0x00000000   Number         0  bsp_uart_fifo.o ABSOLUTE
    ..\\..\\User\\bsp_stm32f4xx\\src\\bsp_user_lib.c 0x00000000   Number         0  bsp_user_lib.o ABSOLUTE
    ..\\..\\User\\bsp_stm32f4xx\\stm32f4xx_assert.c 0x00000000   Number         0  stm32f4xx_assert.o ABSOLUTE
    ..\\..\\User\\bsp_stm32f4xx\\stm32f4xx_it.c 0x00000000   Number         0  stm32f4xx_it.o ABSOLUTE
    ..\\..\\User\\bsp_stm32f4xx\\system_stm32f4xx.c 0x00000000   Number         0  system_stm32f4xx.o ABSOLUTE
    ..\\..\\User\\main.c                     0x00000000   Number         0  main.o ABSOLUTE
    ..\\..\\User\\ringbuf.c                  0x00000000   Number         0  ringbuf.o ABSOLUTE
    ..\\CommonTables\\arm_common_tables.c    0x00000000   Number         0  arm_common_tables.o ABSOLUTE
    ..\\FastMathFunctions\\arm_sin_f32.c     0x00000000   Number         0  arm_sin_f32.o ABSOLUTE
    ..\\FilteringFunctions\\arm_biquad_cascade_df1_f32.c 0x00000000   Number         0  arm_biquad_cascade_df1_f32.o ABSOLUTE
    ..\\FilteringFunctions\\arm_biquad_cascade_df1_init_f32.c 0x00000000   Number         0  arm_biquad_cascade_df1_init_f32.o ABSOLUTE
    cdrcmple.s                               0x00000000   Number         0  cdrcmple.o ABSOLUTE
    dc.s                                     0x00000000   Number         0  dc.o ABSOLUTE
    handlers.s                               0x00000000   Number         0  handlers.o ABSOLUTE
    init.s                                   0x00000000   Number         0  init.o ABSOLUTE
    RESET                                    0x08000000   Section      392  startup_stm32f40_41xxx.o(RESET)
    .ARM.Collect$$$$00000000                 0x08000188   Section        0  entry.o(.ARM.Collect$$$$00000000)
    .ARM.Collect$$$$00000001                 0x08000188   Section        4  entry2.o(.ARM.Collect$$$$00000001)
    .ARM.Collect$$$$00000004                 0x0800018c   Section        4  entry5.o(.ARM.Collect$$$$00000004)
    .ARM.Collect$$$$00000008                 0x08000190   Section        0  entry7b.o(.ARM.Collect$$$$00000008)
    .ARM.Collect$$$$0000000A                 0x08000190   Section        0  entry8b.o(.ARM.Collect$$$$0000000A)
    .ARM.Collect$$$$0000000B                 0x08000190   Section        8  entry9a.o(.ARM.Collect$$$$0000000B)
    .ARM.Collect$$$$0000000D                 0x08000198   Section        0  entry10a.o(.ARM.Collect$$$$0000000D)
    .ARM.Collect$$$$0000000F                 0x08000198   Section        0  entry11a.o(.ARM.Collect$$$$0000000F)
    .ARM.Collect$$$$00002712                 0x08000198   Section        4  entry2.o(.ARM.Collect$$$$00002712)
    __lit__00000000                          0x08000198   Data           4  entry2.o(.ARM.Collect$$$$00002712)
    .text                                    0x0800019c   Section       36  startup_stm32f40_41xxx.o(.text)
    $v0                                      0x0800019c   Number         0  startup_stm32f40_41xxx.o(.text)
    .text                                    0x080001c0   Section        0  arm_sin_f32.o(.text)
    .text                                    0x08000234   Section        0  arm_biquad_cascade_df1_f32.o(.text)
    .text                                    0x08000380   Section        0  arm_biquad_cascade_df1_init_f32.o(.text)
    .text                                    0x08000396   Section        0  memseta.o(.text)
    .text                                    0x080003bc   Section       36  init.o(.text)
    i.ADC_Cmd                                0x080003e0   Section        0  stm32f4xx_adc.o(i.ADC_Cmd)
    i.ADC_CommonInit                         0x080003f8   Section        0  stm32f4xx_adc.o(i.ADC_CommonInit)
    i.ADC_Config                             0x08000428   Section        0  dma_timeradc_md.o(i.ADC_Config)
    i.ADC_DMACmd                             0x08000550   Section        0  stm32f4xx_adc.o(i.ADC_DMACmd)
    i.ADC_DMARequestAfterLastTransferCmd     0x08000566   Section        0  stm32f4xx_adc.o(i.ADC_DMARequestAfterLastTransferCmd)
    i.ADC_Init                               0x0800057c   Section        0  stm32f4xx_adc.o(i.ADC_Init)
    i.ADC_RegularChannelConfig               0x080005d0   Section        0  stm32f4xx_adc.o(i.ADC_RegularChannelConfig)
    i.BitSync                                0x08000688   Section        0  main.o(i.BitSync)
    i.BusFault_Handler                       0x08000908   Section        0  stm32f4xx_it.o(i.BusFault_Handler)
    i.ConfigUartNVIC                         0x0800090c   Section        0  bsp_uart_fifo.o(i.ConfigUartNVIC)
    ConfigUartNVIC                           0x0800090d   Thumb Code    98  bsp_uart_fifo.o(i.ConfigUartNVIC)
    i.DAC_Ch1_SineWaveConfig                 0x08000970   Section        0  dma_dac.o(i.DAC_Ch1_SineWaveConfig)
    i.DAC_Ch2_SineWaveConfig                 0x08000a54   Section        0  dma_dac.o(i.DAC_Ch2_SineWaveConfig)
    i.DAC_Cmd                                0x08000b38   Section        0  stm32f4xx_dac.o(i.DAC_Cmd)
    i.DAC_DMACmd                             0x08000b60   Section        0  stm32f4xx_dac.o(i.DAC_DMACmd)
    i.DAC_Init                               0x08000b8c   Section        0  stm32f4xx_dac.o(i.DAC_Init)
    i.DMA1_Stream5_IRQHandler                0x08000bc0   Section        0  dma_dac.o(i.DMA1_Stream5_IRQHandler)
    i.DMA1_Stream6_IRQHandler                0x08000c00   Section        0  dma_dac.o(i.DMA1_Stream6_IRQHandler)
    i.DMA2_Stream0_IRQHandler                0x08000c44   Section        0  dma_timeradc_md.o(i.DMA2_Stream0_IRQHandler)
    i.DMA_Cmd                                0x08000c88   Section        0  stm32f4xx_dma.o(i.DMA_Cmd)
    i.DMA_DeInit                             0x08000ca0   Section        0  stm32f4xx_dma.o(i.DMA_DeInit)
    i.DMA_ITConfig                           0x08000df8   Section        0  stm32f4xx_dma.o(i.DMA_ITConfig)
    i.DMA_Init                               0x08000e34   Section        0  stm32f4xx_dma.o(i.DMA_Init)
    i.DebugMon_Handler                       0x08000e8c   Section        0  stm32f4xx_it.o(i.DebugMon_Handler)
    i.GPIO_Init                              0x08000e8e   Section        0  stm32f4xx_gpio.o(i.GPIO_Init)
    i.GPIO_PinAFConfig                       0x08000f1e   Section        0  stm32f4xx_gpio.o(i.GPIO_PinAFConfig)
    i.HardFault_Handler                      0x08000f64   Section        0  stm32f4xx_it.o(i.HardFault_Handler)
    i.InitHardUart                           0x08000fbc   Section        0  bsp_uart_fifo.o(i.InitHardUart)
    InitHardUart                             0x08000fbd   Thumb Code   710  bsp_uart_fifo.o(i.InitHardUart)
    i.IsKeyDown1                             0x080012a4   Section        0  bsp_key.o(i.IsKeyDown1)
    IsKeyDown1                               0x080012a5   Thumb Code    18  bsp_key.o(i.IsKeyDown1)
    i.IsKeyDown10                            0x080012bc   Section        0  bsp_key.o(i.IsKeyDown10)
    IsKeyDown10                              0x080012bd   Thumb Code    22  bsp_key.o(i.IsKeyDown10)
    i.IsKeyDown2                             0x080012d4   Section        0  bsp_key.o(i.IsKeyDown2)
    IsKeyDown2                               0x080012d5   Thumb Code    18  bsp_key.o(i.IsKeyDown2)
    i.IsKeyDown3                             0x080012ec   Section        0  bsp_key.o(i.IsKeyDown3)
    IsKeyDown3                               0x080012ed   Thumb Code    18  bsp_key.o(i.IsKeyDown3)
    i.IsKeyDown4                             0x08001304   Section        0  bsp_key.o(i.IsKeyDown4)
    IsKeyDown4                               0x08001305   Thumb Code    18  bsp_key.o(i.IsKeyDown4)
    i.IsKeyDown5                             0x0800131c   Section        0  bsp_key.o(i.IsKeyDown5)
    IsKeyDown5                               0x0800131d   Thumb Code    18  bsp_key.o(i.IsKeyDown5)
    i.IsKeyDown6                             0x08001334   Section        0  bsp_key.o(i.IsKeyDown6)
    IsKeyDown6                               0x08001335   Thumb Code    18  bsp_key.o(i.IsKeyDown6)
    i.IsKeyDown7                             0x0800134c   Section        0  bsp_key.o(i.IsKeyDown7)
    IsKeyDown7                               0x0800134d   Thumb Code    18  bsp_key.o(i.IsKeyDown7)
    i.IsKeyDown8                             0x08001364   Section        0  bsp_key.o(i.IsKeyDown8)
    IsKeyDown8                               0x08001365   Thumb Code    18  bsp_key.o(i.IsKeyDown8)
    i.IsKeyDown9                             0x0800137c   Section        0  bsp_key.o(i.IsKeyDown9)
    IsKeyDown9                               0x0800137d   Thumb Code    22  bsp_key.o(i.IsKeyDown9)
    i.MODBUS_ReciveNew                       0x08001394   Section        0  bsp_modbus.o(i.MODBUS_ReciveNew)
    i.MODBUS_RxTimeOut                       0x080013dc   Section        0  bsp_modbus.o(i.MODBUS_RxTimeOut)
    MODBUS_RxTimeOut                         0x080013dd   Thumb Code     8  bsp_modbus.o(i.MODBUS_RxTimeOut)
    i.MemManage_Handler                      0x080013e8   Section        0  stm32f4xx_it.o(i.MemManage_Handler)
    i.NMI_Handler                            0x080013ec   Section        0  stm32f4xx_it.o(i.NMI_Handler)
    i.NVIC_Init                              0x080013f0   Section        0  misc.o(i.NVIC_Init)
    i.PendSV_Handler                         0x08001468   Section        0  stm32f4xx_it.o(i.PendSV_Handler)
    i.RCC_AHB1PeriphClockCmd                 0x0800146c   Section        0  stm32f4xx_rcc.o(i.RCC_AHB1PeriphClockCmd)
    i.RCC_APB1PeriphClockCmd                 0x0800148c   Section        0  stm32f4xx_rcc.o(i.RCC_APB1PeriphClockCmd)
    i.RCC_APB2PeriphClockCmd                 0x080014ac   Section        0  stm32f4xx_rcc.o(i.RCC_APB2PeriphClockCmd)
    i.RCC_GetClocksFreq                      0x080014cc   Section        0  stm32f4xx_rcc.o(i.RCC_GetClocksFreq)
    i.RS485_InitTXE                          0x080015b4   Section        0  bsp_uart_fifo.o(i.RS485_InitTXE)
    i.RS485_ReciveNew                        0x080015e8   Section        0  bsp_uart_fifo.o(i.RS485_ReciveNew)
    i.RS485_SendBefor                        0x080015f4   Section        0  bsp_uart_fifo.o(i.RS485_SendBefor)
    i.RS485_SendOver                         0x08001600   Section        0  bsp_uart_fifo.o(i.RS485_SendOver)
    i.SVC_Handler                            0x0800160c   Section        0  stm32f4xx_it.o(i.SVC_Handler)
    i.SendOneFrameDPSK                       0x08001610   Section        0  main.o(i.SendOneFrameDPSK)
    i.SetSysClock                            0x080016d8   Section        0  system_stm32f4xx.o(i.SetSysClock)
    SetSysClock                              0x080016d9   Thumb Code   220  system_stm32f4xx.o(i.SetSysClock)
    i.SysTick_Handler                        0x080017c4   Section        0  bsp_timer.o(i.SysTick_Handler)
    i.SysTick_ISR                            0x080017cc   Section        0  bsp_timer.o(i.SysTick_ISR)
    i.SystemInit                             0x08001850   Section        0  system_stm32f4xx.o(i.SystemInit)
    i.TIM5_IRQHandler                        0x080018b8   Section        0  bsp_timer.o(i.TIM5_IRQHandler)
    i.TIM6_Config                            0x08001958   Section        0  dma_dac.o(i.TIM6_Config)
    TIM6_Config                              0x08001959   Thumb Code    62  dma_dac.o(i.TIM6_Config)
    i.TIM_ClearITPendingBit                  0x0800199c   Section        0  stm32f4xx_tim.o(i.TIM_ClearITPendingBit)
    i.TIM_Cmd                                0x080019a2   Section        0  stm32f4xx_tim.o(i.TIM_Cmd)
    i.TIM_CtrlPWMOutputs                     0x080019ba   Section        0  stm32f4xx_tim.o(i.TIM_CtrlPWMOutputs)
    i.TIM_GetCounter                         0x080019d8   Section        0  stm32f4xx_tim.o(i.TIM_GetCounter)
    i.TIM_GetITStatus                        0x080019de   Section        0  stm32f4xx_tim.o(i.TIM_GetITStatus)
    i.TIM_ITConfig                           0x08001a00   Section        0  stm32f4xx_tim.o(i.TIM_ITConfig)
    i.TIM_OC2Init                            0x08001a14   Section        0  stm32f4xx_tim.o(i.TIM_OC2Init)
    i.TIM_SelectOutputTrigger                0x08001ab8   Section        0  stm32f4xx_tim.o(i.TIM_SelectOutputTrigger)
    i.TIM_SetCompare1                        0x08001aca   Section        0  stm32f4xx_tim.o(i.TIM_SetCompare1)
    i.TIM_SetCompare2                        0x08001ace   Section        0  stm32f4xx_tim.o(i.TIM_SetCompare2)
    i.TIM_SetCompare3                        0x08001ad2   Section        0  stm32f4xx_tim.o(i.TIM_SetCompare3)
    i.TIM_SetCompare4                        0x08001ad6   Section        0  stm32f4xx_tim.o(i.TIM_SetCompare4)
    i.TIM_TimeBaseInit                       0x08001adc   Section        0  stm32f4xx_tim.o(i.TIM_TimeBaseInit)
    i.TIM_TimeBaseStructInit                 0x08001b60   Section        0  stm32f4xx_tim.o(i.TIM_TimeBaseStructInit)
    i.Timer2_ADC_T2CC__Init                  0x08001b72   Section        0  main.o(i.Timer2_ADC_T2CC__Init)
    i.USART1_IRQHandler                      0x08001bdc   Section        0  bsp_uart_fifo.o(i.USART1_IRQHandler)
    i.USART2_IRQHandler                      0x08001bec   Section        0  bsp_uart_fifo.o(i.USART2_IRQHandler)
    i.USART3_IRQHandler                      0x08001bfc   Section        0  bsp_uart_fifo.o(i.USART3_IRQHandler)
    i.USART6_IRQHandler                      0x08001c0c   Section        0  bsp_uart_fifo.o(i.USART6_IRQHandler)
    i.USART_ClearFlag                        0x08001c1c   Section        0  stm32f4xx_usart.o(i.USART_ClearFlag)
    i.USART_Cmd                              0x08001c2e   Section        0  stm32f4xx_usart.o(i.USART_Cmd)
    i.USART_GetITStatus                      0x08001c46   Section        0  stm32f4xx_usart.o(i.USART_GetITStatus)
    i.USART_ITConfig                         0x08001c9a   Section        0  stm32f4xx_usart.o(i.USART_ITConfig)
    i.USART_Init                             0x08001ce4   Section        0  stm32f4xx_usart.o(i.USART_Init)
    i.USART_ReceiveData                      0x08001db8   Section        0  stm32f4xx_usart.o(i.USART_ReceiveData)
    i.USART_SendData                         0x08001dc2   Section        0  stm32f4xx_usart.o(i.USART_SendData)
    i.UartIRQ                                0x08001dca   Section        0  bsp_uart_fifo.o(i.UartIRQ)
    UartIRQ                                  0x08001dcb   Thumb Code   230  bsp_uart_fifo.o(i.UartIRQ)
    i.UartVarInit                            0x08001eb0   Section        0  bsp_uart_fifo.o(i.UartVarInit)
    UartVarInit                              0x08001eb1   Thumb Code   176  bsp_uart_fifo.o(i.UartVarInit)
    i.UsageFault_Handler                     0x08001fac   Section        0  stm32f4xx_it.o(i.UsageFault_Handler)
    i.__0printf$2                            0x08001fb0   Section        0  printf2.o(i.__0printf$2)
    i.__scatterload_copy                     0x08001fd0   Section       14  handlers.o(i.__scatterload_copy)
    i.__scatterload_null                     0x08001fde   Section        2  handlers.o(i.__scatterload_null)
    i.__scatterload_zeroinit                 0x08001fe0   Section       14  handlers.o(i.__scatterload_zeroinit)
    i.__set_PRIMASK                          0x08001fee   Section        0  bsp_timer.o(i.__set_PRIMASK)
    __set_PRIMASK                            0x08001fef   Thumb Code     6  bsp_timer.o(i.__set_PRIMASK)
    i._printf_core                           0x08001ff4   Section        0  printf2.o(i._printf_core)
    _printf_core                             0x08001ff5   Thumb Code   214  printf2.o(i._printf_core)
    i.arm_iir_f32_Lp                         0x080020cc   Section        0  main.o(i.arm_iir_f32_Lp)
    arm_iir_f32_Lp                           0x080020cd   Thumb Code    46  main.o(i.arm_iir_f32_Lp)
    i.bsp_DetectKey                          0x0800210c   Section        0  bsp_key.o(i.bsp_DetectKey)
    bsp_DetectKey                            0x0800210d   Thumb Code   198  bsp_key.o(i.bsp_DetectKey)
    i.bsp_Init                               0x080021d8   Section        0  bsp.o(i.bsp_Init)
    i.bsp_InitKey                            0x080021ec   Section        0  bsp_key.o(i.bsp_InitKey)
    i.bsp_InitKeyHard                        0x080021f8   Section        0  bsp_key.o(i.bsp_InitKeyHard)
    bsp_InitKeyHard                          0x080021f9   Thumb Code   138  bsp_key.o(i.bsp_InitKeyHard)
    i.bsp_InitKeyVar                         0x08002298   Section        0  bsp_key.o(i.bsp_InitKeyVar)
    bsp_InitKeyVar                           0x08002299   Thumb Code   164  bsp_key.o(i.bsp_InitKeyVar)
    i.bsp_InitLed                            0x0800236c   Section        0  bsp_led.o(i.bsp_InitLed)
    i.bsp_InitTimer                          0x080023e8   Section        0  bsp_timer.o(i.bsp_InitTimer)
    i.bsp_InitUart                           0x08002480   Section        0  bsp_uart_fifo.o(i.bsp_InitUart)
    i.bsp_KeyScan                            0x08002494   Section        0  bsp_key.o(i.bsp_KeyScan)
    i.bsp_LedOff                             0x080024ac   Section        0  bsp_led.o(i.bsp_LedOff)
    i.bsp_PutKey                             0x080024ec   Section        0  bsp_key.o(i.bsp_PutKey)
    i.bsp_RunPer10ms                         0x0800250c   Section        0  bsp.o(i.bsp_RunPer10ms)
    i.bsp_RunPer1ms                          0x08002514   Section        0  bsp.o(i.bsp_RunPer1ms)
    i.bsp_SoftTimerDec                       0x08002516   Section        0  bsp_timer.o(i.bsp_SoftTimerDec)
    bsp_SoftTimerDec                         0x08002517   Thumb Code    28  bsp_timer.o(i.bsp_SoftTimerDec)
    i.bsp_StartAutoTimer                     0x08002534   Section        0  bsp_timer.o(i.bsp_StartAutoTimer)
    i.bsp_StartHardTimer                     0x080025dc   Section        0  bsp_timer.o(i.bsp_StartHardTimer)
    i.fputc                                  0x080026a4   Section        0  bsp_uart_fifo.o(i.fputc)
    i.main                                   0x080026c8   Section        0  main.o(i.main)
    .constdata                               0x080029fc   Section      128  main.o(.constdata)
    .constdata                               0x08002a7c   Section       48  bsp_timer.o(.constdata)
    __FUNCTION__                             0x08002a7c   Data          15  bsp_timer.o(.constdata)
    __FUNCTION__                             0x08002a8b   Data          19  bsp_timer.o(.constdata)
    __FUNCTION__                             0x08002a9e   Data          14  bsp_timer.o(.constdata)
    .constdata                               0x08002aac   Section     2052  arm_common_tables.o(.constdata)
    .data                                    0x20000000   Section       44  main.o(.data)
    u8Flag                                   0x20000020   Data           1  main.o(.data)
    u8Flag                                   0x20000021   Data           1  main.o(.data)
    si                                       0x20000024   Data           4  main.o(.data)
    su32Pointer                              0x20000028   Data           4  main.o(.data)
    .data                                    0x2000002c   Section       29  bsp_timer.o(.data)
    s_uiDelayCount                           0x2000002c   Data           4  bsp_timer.o(.data)
    s_ucTimeOutFlag                          0x20000030   Data           1  bsp_timer.o(.data)
    s_TIM_CallBack1                          0x20000038   Data           4  bsp_timer.o(.data)
    s_TIM_CallBack2                          0x2000003c   Data           4  bsp_timer.o(.data)
    s_TIM_CallBack3                          0x20000040   Data           4  bsp_timer.o(.data)
    s_TIM_CallBack4                          0x20000044   Data           4  bsp_timer.o(.data)
    s_count                                  0x20000048   Data           1  bsp_timer.o(.data)
    .data                                    0x20000049   Section        1  bsp_uart_fifo.o(.data)
    g_TxBuf2                                 0x20000049   Data           1  bsp_uart_fifo.o(.data)
    .data                                    0x2000004a   Section        1  bsp_modbus.o(.data)
    g_rtu_timeout                            0x2000004a   Data           1  bsp_modbus.o(.data)
    .data                                    0x2000004b   Section        1  dma_timeradc_md.o(.data)
    .data                                    0x2000004c   Section        2  dma_dac.o(.data)
    .data                                    0x2000004e   Section       16  stm32f4xx_rcc.o(.data)
    APBAHBPrescTable                         0x2000004e   Data          16  stm32f4xx_rcc.o(.data)
    .data                                    0x20000060   Section       20  system_stm32f4xx.o(.data)
    .data                                    0x20000074   Section        4  stdout.o(.data)
    .bss                                     0x20000078   Section    67084  main.o(.bss)
    testInput_f32_50Hz_200Hz                 0x20000078   Data         128  main.o(.bss)
    testOutput                               0x200000f8   Data         128  main.o(.bss)
    IIRStateF32                              0x20000178   Data          96  main.o(.bss)
    S                                        0x2001066c   Data          12  main.o(.bss)
    S                                        0x20010678   Data          12  main.o(.bss)
    .bss                                     0x20010684   Section      173  bsp_key.o(.bss)
    s_tBtn                                   0x20010684   Data         160  bsp_key.o(.bss)
    s_tKey                                   0x20010724   Data          13  bsp_key.o(.bss)
    .bss                                     0x20010734   Section       48  bsp_timer.o(.bss)
    s_tTmr                                   0x20010734   Data          48  bsp_timer.o(.bss)
    .bss                                     0x20010764   Section     8352  bsp_uart_fifo.o(.bss)
    g_tUart1                                 0x20010764   Data          40  bsp_uart_fifo.o(.bss)
    g_TxBuf1                                 0x2001078c   Data        1024  bsp_uart_fifo.o(.bss)
    g_RxBuf1                                 0x20010b8c   Data        1024  bsp_uart_fifo.o(.bss)
    g_tUart2                                 0x20010f8c   Data          40  bsp_uart_fifo.o(.bss)
    g_RxBuf2                                 0x20010fb4   Data        2048  bsp_uart_fifo.o(.bss)
    g_tUart3                                 0x200117b4   Data          40  bsp_uart_fifo.o(.bss)
    g_TxBuf3                                 0x200117dc   Data        1024  bsp_uart_fifo.o(.bss)
    g_RxBuf3                                 0x20011bdc   Data        1024  bsp_uart_fifo.o(.bss)
    g_tUart6                                 0x20011fdc   Data          40  bsp_uart_fifo.o(.bss)
    g_TxBuf6                                 0x20012004   Data        1024  bsp_uart_fifo.o(.bss)
    g_RxBuf6                                 0x20012404   Data        1024  bsp_uart_fifo.o(.bss)
    .bss                                     0x20012804   Section      400  bsp_modbus.o(.bss)
    .bss                                     0x20012994   Section    16384  dma_timeradc_md.o(.bss)
    .bss                                     0x20016994   Section     9152  dma_dac.o(.bss)
    STACK                                    0x20018d58   Section     1024  startup_stm32f40_41xxx.o(STACK)
    .ARM.__AT_0x4001204C                     0x4001204c   Section        4  dma_timeradc_md.o(.ARM.__AT_0x4001204C)

    Global Symbols

    Symbol Name                              Value     Ov Type        Size  Object(Section)

    BuildAttributes$$THM_ISAv4$E$P$D$K$B$S$7EM$VFPi3$EXTD16$VFPS$VFMA$PE$A:L22UL41UL21$X:L11$S22US41US21$IEEE1$IW$USESV6$~STKCKD$USESV7$~SHL$OTIME$ROPI$IEEEX$EBA8$MICROLIB$REQ8$PRES8$EABIv2 0x00000000   Number         0  anon$$obj.o ABSOLUTE
    __ARM_use_no_argv                        0x00000000   Number         0  main.o ABSOLUTE
    _printf_a                                0x00000000   Number         0  stubs.o ABSOLUTE
    _printf_c                                0x00000000   Number         0  stubs.o ABSOLUTE
    _printf_charcount                        0x00000000   Number         0  stubs.o ABSOLUTE
    _printf_d                                0x00000000   Number         0  stubs.o ABSOLUTE
    _printf_e                                0x00000000   Number         0  stubs.o ABSOLUTE
    _printf_f                                0x00000000   Number         0  stubs.o ABSOLUTE
    _printf_flags                            0x00000000   Number         0  stubs.o ABSOLUTE
    _printf_fp_dec                           0x00000000   Number         0  stubs.o ABSOLUTE
    _printf_fp_hex                           0x00000000   Number         0  stubs.o ABSOLUTE
    _printf_g                                0x00000000   Number         0  stubs.o ABSOLUTE
    _printf_i                                0x00000000   Number         0  stubs.o ABSOLUTE
    _printf_int_dec                          0x00000000   Number         0  stubs.o ABSOLUTE
    _printf_l                                0x00000000   Number         0  stubs.o ABSOLUTE
    _printf_lc                               0x00000000   Number         0  stubs.o ABSOLUTE
    _printf_ll                               0x00000000   Number         0  stubs.o ABSOLUTE
    _printf_lld                              0x00000000   Number         0  stubs.o ABSOLUTE
    _printf_lli                              0x00000000   Number         0  stubs.o ABSOLUTE
    _printf_llo                              0x00000000   Number         0  stubs.o ABSOLUTE
    _printf_llu                              0x00000000   Number         0  stubs.o ABSOLUTE
    _printf_llx                              0x00000000   Number         0  stubs.o ABSOLUTE
    _printf_longlong_dec                     0x00000000   Number         0  stubs.o ABSOLUTE
    _printf_longlong_hex                     0x00000000   Number         0  stubs.o ABSOLUTE
    _printf_longlong_oct                     0x00000000   Number         0  stubs.o ABSOLUTE
    _printf_ls                               0x00000000   Number         0  stubs.o ABSOLUTE
    _printf_mbtowc                           0x00000000   Number         0  stubs.o ABSOLUTE
    _printf_n                                0x00000000   Number         0  stubs.o ABSOLUTE
    _printf_o                                0x00000000   Number         0  stubs.o ABSOLUTE
    _printf_p                                0x00000000   Number         0  stubs.o ABSOLUTE
    _printf_percent                          0x00000000   Number         0  stubs.o ABSOLUTE
    _printf_pre_padding                      0x00000000   Number         0  stubs.o ABSOLUTE
    _printf_return_value                     0x00000000   Number         0  stubs.o ABSOLUTE
    _printf_s                                0x00000000   Number         0  stubs.o ABSOLUTE
    _printf_sizespec                         0x00000000   Number         0  stubs.o ABSOLUTE
    _printf_str                              0x00000000   Number         0  stubs.o ABSOLUTE
    _printf_truncate_signed                  0x00000000   Number         0  stubs.o ABSOLUTE
    _printf_truncate_unsigned                0x00000000   Number         0  stubs.o ABSOLUTE
    _printf_u                                0x00000000   Number         0  stubs.o ABSOLUTE
    _printf_wc                               0x00000000   Number         0  stubs.o ABSOLUTE
    _printf_wctomb                           0x00000000   Number         0  stubs.o ABSOLUTE
    _printf_widthprec                        0x00000000   Number         0  stubs.o ABSOLUTE
    _printf_x                                0x00000000   Number         0  stubs.o ABSOLUTE
    __cpp_initialize__aeabi_                  - Undefined Weak Reference
    __cxa_finalize                            - Undefined Weak Reference
    __decompress                              - Undefined Weak Reference
    _clock_init                               - Undefined Weak Reference
    _microlib_exit                            - Undefined Weak Reference
    __Vectors_Size                           0x00000188   Number         0  startup_stm32f40_41xxx.o ABSOLUTE
    __Vectors                                0x08000000   Data           4  startup_stm32f40_41xxx.o(RESET)
    __Vectors_End                            0x08000188   Data           0  startup_stm32f40_41xxx.o(RESET)
    __main                                   0x08000189   Thumb Code     0  entry.o(.ARM.Collect$$$$00000000)
    _main_stk                                0x08000189   Thumb Code     0  entry2.o(.ARM.Collect$$$$00000001)
    _main_scatterload                        0x0800018d   Thumb Code     0  entry5.o(.ARM.Collect$$$$00000004)
    __main_after_scatterload                 0x08000191   Thumb Code     0  entry5.o(.ARM.Collect$$$$00000004)
    _main_clock                              0x08000191   Thumb Code     0  entry7b.o(.ARM.Collect$$$$00000008)
    _main_cpp_init                           0x08000191   Thumb Code     0  entry8b.o(.ARM.Collect$$$$0000000A)
    _main_init                               0x08000191   Thumb Code     0  entry9a.o(.ARM.Collect$$$$0000000B)
    __rt_final_cpp                           0x08000199   Thumb Code     0  entry10a.o(.ARM.Collect$$$$0000000D)
    __rt_final_exit                          0x08000199   Thumb Code     0  entry11a.o(.ARM.Collect$$$$0000000F)
    Reset_Handler                            0x0800019d   Thumb Code     8  startup_stm32f40_41xxx.o(.text)
    ADC_IRQHandler                           0x080001b7   Thumb Code     0  startup_stm32f40_41xxx.o(.text)
    CAN1_RX0_IRQHandler                      0x080001b7   Thumb Code     0  startup_stm32f40_41xxx.o(.text)
    CAN1_RX1_IRQHandler                      0x080001b7   Thumb Code     0  startup_stm32f40_41xxx.o(.text)
    CAN1_SCE_IRQHandler                      0x080001b7   Thumb Code     0  startup_stm32f40_41xxx.o(.text)
    CAN1_TX_IRQHandler                       0x080001b7   Thumb Code     0  startup_stm32f40_41xxx.o(.text)
    CAN2_RX0_IRQHandler                      0x080001b7   Thumb Code     0  startup_stm32f40_41xxx.o(.text)
    CAN2_RX1_IRQHandler                      0x080001b7   Thumb Code     0  startup_stm32f40_41xxx.o(.text)
    CAN2_SCE_IRQHandler                      0x080001b7   Thumb Code     0  startup_stm32f40_41xxx.o(.text)
    CAN2_TX_IRQHandler                       0x080001b7   Thumb Code     0  startup_stm32f40_41xxx.o(.text)
    CRYP_IRQHandler                          0x080001b7   Thumb Code     0  startup_stm32f40_41xxx.o(.text)
    DCMI_IRQHandler                          0x080001b7   Thumb Code     0  startup_stm32f40_41xxx.o(.text)
    DMA1_Stream0_IRQHandler                  0x080001b7   Thumb Code     0  startup_stm32f40_41xxx.o(.text)
    DMA1_Stream1_IRQHandler                  0x080001b7   Thumb Code     0  startup_stm32f40_41xxx.o(.text)
    DMA1_Stream2_IRQHandler                  0x080001b7   Thumb Code     0  startup_stm32f40_41xxx.o(.text)
    DMA1_Stream3_IRQHandler                  0x080001b7   Thumb Code     0  startup_stm32f40_41xxx.o(.text)
    DMA1_Stream4_IRQHandler                  0x080001b7   Thumb Code     0  startup_stm32f40_41xxx.o(.text)
    DMA1_Stream7_IRQHandler                  0x080001b7   Thumb Code     0  startup_stm32f40_41xxx.o(.text)
    DMA2_Stream1_IRQHandler                  0x080001b7   Thumb Code     0  startup_stm32f40_41xxx.o(.text)
    DMA2_Stream2_IRQHandler                  0x080001b7   Thumb Code     0  startup_stm32f40_41xxx.o(.text)
    DMA2_Stream3_IRQHandler                  0x080001b7   Thumb Code     0  startup_stm32f40_41xxx.o(.text)
    DMA2_Stream4_IRQHandler                  0x080001b7   Thumb Code     0  startup_stm32f40_41xxx.o(.text)
    DMA2_Stream5_IRQHandler                  0x080001b7   Thumb Code     0  startup_stm32f40_41xxx.o(.text)
    DMA2_Stream6_IRQHandler                  0x080001b7   Thumb Code     0  startup_stm32f40_41xxx.o(.text)
    DMA2_Stream7_IRQHandler                  0x080001b7   Thumb Code     0  startup_stm32f40_41xxx.o(.text)
    ETH_IRQHandler                           0x080001b7   Thumb Code     0  startup_stm32f40_41xxx.o(.text)
    ETH_WKUP_IRQHandler                      0x080001b7   Thumb Code     0  startup_stm32f40_41xxx.o(.text)
    EXTI0_IRQHandler                         0x080001b7   Thumb Code     0  startup_stm32f40_41xxx.o(.text)
    EXTI15_10_IRQHandler                     0x080001b7   Thumb Code     0  startup_stm32f40_41xxx.o(.text)
    EXTI1_IRQHandler                         0x080001b7   Thumb Code     0  startup_stm32f40_41xxx.o(.text)
    EXTI2_IRQHandler                         0x080001b7   Thumb Code     0  startup_stm32f40_41xxx.o(.text)
    EXTI3_IRQHandler                         0x080001b7   Thumb Code     0  startup_stm32f40_41xxx.o(.text)
    EXTI4_IRQHandler                         0x080001b7   Thumb Code     0  startup_stm32f40_41xxx.o(.text)
    EXTI9_5_IRQHandler                       0x080001b7   Thumb Code     0  startup_stm32f40_41xxx.o(.text)
    FLASH_IRQHandler                         0x080001b7   Thumb Code     0  startup_stm32f40_41xxx.o(.text)
    FPU_IRQHandler                           0x080001b7   Thumb Code     0  startup_stm32f40_41xxx.o(.text)
    FSMC_IRQHandler                          0x080001b7   Thumb Code     0  startup_stm32f40_41xxx.o(.text)
    HASH_RNG_IRQHandler                      0x080001b7   Thumb Code     0  startup_stm32f40_41xxx.o(.text)
    I2C1_ER_IRQHandler                       0x080001b7   Thumb Code     0  startup_stm32f40_41xxx.o(.text)
    I2C1_EV_IRQHandler                       0x080001b7   Thumb Code     0  startup_stm32f40_41xxx.o(.text)
    I2C2_ER_IRQHandler                       0x080001b7   Thumb Code     0  startup_stm32f40_41xxx.o(.text)
    I2C2_EV_IRQHandler                       0x080001b7   Thumb Code     0  startup_stm32f40_41xxx.o(.text)
    I2C3_ER_IRQHandler                       0x080001b7   Thumb Code     0  startup_stm32f40_41xxx.o(.text)
    I2C3_EV_IRQHandler                       0x080001b7   Thumb Code     0  startup_stm32f40_41xxx.o(.text)
    OTG_FS_IRQHandler                        0x080001b7   Thumb Code     0  startup_stm32f40_41xxx.o(.text)
    OTG_FS_WKUP_IRQHandler                   0x080001b7   Thumb Code     0  startup_stm32f40_41xxx.o(.text)
    OTG_HS_EP1_IN_IRQHandler                 0x080001b7   Thumb Code     0  startup_stm32f40_41xxx.o(.text)
    OTG_HS_EP1_OUT_IRQHandler                0x080001b7   Thumb Code     0  startup_stm32f40_41xxx.o(.text)
    OTG_HS_IRQHandler                        0x080001b7   Thumb Code     0  startup_stm32f40_41xxx.o(.text)
    OTG_HS_WKUP_IRQHandler                   0x080001b7   Thumb Code     0  startup_stm32f40_41xxx.o(.text)
    PVD_IRQHandler                           0x080001b7   Thumb Code     0  startup_stm32f40_41xxx.o(.text)
    RCC_IRQHandler                           0x080001b7   Thumb Code     0  startup_stm32f40_41xxx.o(.text)
    RTC_Alarm_IRQHandler                     0x080001b7   Thumb Code     0  startup_stm32f40_41xxx.o(.text)
    RTC_WKUP_IRQHandler                      0x080001b7   Thumb Code     0  startup_stm32f40_41xxx.o(.text)
    SDIO_IRQHandler                          0x080001b7   Thumb Code     0  startup_stm32f40_41xxx.o(.text)
    SPI1_IRQHandler                          0x080001b7   Thumb Code     0  startup_stm32f40_41xxx.o(.text)
    SPI2_IRQHandler                          0x080001b7   Thumb Code     0  startup_stm32f40_41xxx.o(.text)
    SPI3_IRQHandler                          0x080001b7   Thumb Code     0  startup_stm32f40_41xxx.o(.text)
    TAMP_STAMP_IRQHandler                    0x080001b7   Thumb Code     0  startup_stm32f40_41xxx.o(.text)
    TIM1_BRK_TIM9_IRQHandler                 0x080001b7   Thumb Code     0  startup_stm32f40_41xxx.o(.text)
    TIM1_CC_IRQHandler                       0x080001b7   Thumb Code     0  startup_stm32f40_41xxx.o(.text)
    TIM1_TRG_COM_TIM11_IRQHandler            0x080001b7   Thumb Code     0  startup_stm32f40_41xxx.o(.text)
    TIM1_UP_TIM10_IRQHandler                 0x080001b7   Thumb Code     0  startup_stm32f40_41xxx.o(.text)
    TIM2_IRQHandler                          0x080001b7   Thumb Code     0  startup_stm32f40_41xxx.o(.text)
    TIM3_IRQHandler                          0x080001b7   Thumb Code     0  startup_stm32f40_41xxx.o(.text)
    TIM4_IRQHandler                          0x080001b7   Thumb Code     0  startup_stm32f40_41xxx.o(.text)
    TIM6_DAC_IRQHandler                      0x080001b7   Thumb Code     0  startup_stm32f40_41xxx.o(.text)
    TIM7_IRQHandler                          0x080001b7   Thumb Code     0  startup_stm32f40_41xxx.o(.text)
    TIM8_BRK_TIM12_IRQHandler                0x080001b7   Thumb Code     0  startup_stm32f40_41xxx.o(.text)
    TIM8_CC_IRQHandler                       0x080001b7   Thumb Code     0  startup_stm32f40_41xxx.o(.text)
    TIM8_TRG_COM_TIM14_IRQHandler            0x080001b7   Thumb Code     0  startup_stm32f40_41xxx.o(.text)
    TIM8_UP_TIM13_IRQHandler                 0x080001b7   Thumb Code     0  startup_stm32f40_41xxx.o(.text)
    UART4_IRQHandler                         0x080001b7   Thumb Code     0  startup_stm32f40_41xxx.o(.text)
    UART5_IRQHandler                         0x080001b7   Thumb Code     0  startup_stm32f40_41xxx.o(.text)
    WWDG_IRQHandler                          0x080001b7   Thumb Code     0  startup_stm32f40_41xxx.o(.text)
    arm_sin_f32                              0x080001c1   Thumb Code   104  arm_sin_f32.o(.text)
    arm_biquad_cascade_df1_f32               0x08000235   Thumb Code   332  arm_biquad_cascade_df1_f32.o(.text)
    arm_biquad_cascade_df1_init_f32          0x08000381   Thumb Code    22  arm_biquad_cascade_df1_init_f32.o(.text)
    __aeabi_memset                           0x08000397   Thumb Code    14  memseta.o(.text)
    __aeabi_memset4                          0x08000397   Thumb Code     0  memseta.o(.text)
    __aeabi_memset8                          0x08000397   Thumb Code     0  memseta.o(.text)
    __aeabi_memclr                           0x080003a5   Thumb Code     4  memseta.o(.text)
    __aeabi_memclr4                          0x080003a5   Thumb Code     0  memseta.o(.text)
    __aeabi_memclr8                          0x080003a5   Thumb Code     0  memseta.o(.text)
    _memset$wrapper                          0x080003a9   Thumb Code    18  memseta.o(.text)
    __scatterload                            0x080003bd   Thumb Code    28  init.o(.text)
    __scatterload_rt2                        0x080003bd   Thumb Code     0  init.o(.text)
    ADC_Cmd                                  0x080003e1   Thumb Code    22  stm32f4xx_adc.o(i.ADC_Cmd)
    ADC_CommonInit                           0x080003f9   Thumb Code    34  stm32f4xx_adc.o(i.ADC_CommonInit)
    ADC_Config                               0x08000429   Thumb Code   278  dma_timeradc_md.o(i.ADC_Config)
    ADC_DMACmd                               0x08000551   Thumb Code    22  stm32f4xx_adc.o(i.ADC_DMACmd)
    ADC_DMARequestAfterLastTransferCmd       0x08000567   Thumb Code    22  stm32f4xx_adc.o(i.ADC_DMARequestAfterLastTransferCmd)
    ADC_Init                                 0x0800057d   Thumb Code    74  stm32f4xx_adc.o(i.ADC_Init)
    ADC_RegularChannelConfig                 0x080005d1   Thumb Code   184  stm32f4xx_adc.o(i.ADC_RegularChannelConfig)
    BitSync                                  0x08000689   Thumb Code   634  main.o(i.BitSync)
    BusFault_Handler                         0x08000909   Thumb Code     4  stm32f4xx_it.o(i.BusFault_Handler)
    DAC_Ch1_SineWaveConfig                   0x08000971   Thumb Code   214  dma_dac.o(i.DAC_Ch1_SineWaveConfig)
    DAC_Ch2_SineWaveConfig                   0x08000a55   Thumb Code   216  dma_dac.o(i.DAC_Ch2_SineWaveConfig)
    DAC_Cmd                                  0x08000b39   Thumb Code    34  stm32f4xx_dac.o(i.DAC_Cmd)
    DAC_DMACmd                               0x08000b61   Thumb Code    38  stm32f4xx_dac.o(i.DAC_DMACmd)
    DAC_Init                                 0x08000b8d   Thumb Code    46  stm32f4xx_dac.o(i.DAC_Init)
    DMA1_Stream5_IRQHandler                  0x08000bc1   Thumb Code    48  dma_dac.o(i.DMA1_Stream5_IRQHandler)
    DMA1_Stream6_IRQHandler                  0x08000c01   Thumb Code    50  dma_dac.o(i.DMA1_Stream6_IRQHandler)
    DMA2_Stream0_IRQHandler                  0x08000c45   Thumb Code    52  dma_timeradc_md.o(i.DMA2_Stream0_IRQHandler)
    DMA_Cmd                                  0x08000c89   Thumb Code    22  stm32f4xx_dma.o(i.DMA_Cmd)
    DMA_DeInit                               0x08000ca1   Thumb Code   324  stm32f4xx_dma.o(i.DMA_DeInit)
    DMA_ITConfig                             0x08000df9   Thumb Code    58  stm32f4xx_dma.o(i.DMA_ITConfig)
    DMA_Init                                 0x08000e35   Thumb Code    82  stm32f4xx_dma.o(i.DMA_Init)
    DebugMon_Handler                         0x08000e8d   Thumb Code     2  stm32f4xx_it.o(i.DebugMon_Handler)
    GPIO_Init                                0x08000e8f   Thumb Code   144  stm32f4xx_gpio.o(i.GPIO_Init)
    GPIO_PinAFConfig                         0x08000f1f   Thumb Code    70  stm32f4xx_gpio.o(i.GPIO_PinAFConfig)
    HardFault_Handler                        0x08000f65   Thumb Code    38  stm32f4xx_it.o(i.HardFault_Handler)
    MODBUS_ReciveNew                         0x08001395   Thumb Code    60  bsp_modbus.o(i.MODBUS_ReciveNew)
    MemManage_Handler                        0x080013e9   Thumb Code     4  stm32f4xx_it.o(i.MemManage_Handler)
    NMI_Handler                              0x080013ed   Thumb Code     2  stm32f4xx_it.o(i.NMI_Handler)
    NVIC_Init                                0x080013f1   Thumb Code   106  misc.o(i.NVIC_Init)
    PendSV_Handler                           0x08001469   Thumb Code     2  stm32f4xx_it.o(i.PendSV_Handler)
    RCC_AHB1PeriphClockCmd                   0x0800146d   Thumb Code    26  stm32f4xx_rcc.o(i.RCC_AHB1PeriphClockCmd)
    RCC_APB1PeriphClockCmd                   0x0800148d   Thumb Code    26  stm32f4xx_rcc.o(i.RCC_APB1PeriphClockCmd)
    RCC_APB2PeriphClockCmd                   0x080014ad   Thumb Code    26  stm32f4xx_rcc.o(i.RCC_APB2PeriphClockCmd)
    RCC_GetClocksFreq                        0x080014cd   Thumb Code   214  stm32f4xx_rcc.o(i.RCC_GetClocksFreq)
    RS485_InitTXE                            0x080015b5   Thumb Code    46  bsp_uart_fifo.o(i.RS485_InitTXE)
    RS485_ReciveNew                          0x080015e9   Thumb Code    12  bsp_uart_fifo.o(i.RS485_ReciveNew)
    RS485_SendBefor                          0x080015f5   Thumb Code     8  bsp_uart_fifo.o(i.RS485_SendBefor)
    RS485_SendOver                           0x08001601   Thumb Code     8  bsp_uart_fifo.o(i.RS485_SendOver)
    SVC_Handler                              0x0800160d   Thumb Code     2  stm32f4xx_it.o(i.SVC_Handler)
    SendOneFrameDPSK                         0x08001611   Thumb Code   188  main.o(i.SendOneFrameDPSK)
    SysTick_Handler                          0x080017c5   Thumb Code     8  bsp_timer.o(i.SysTick_Handler)
    SysTick_ISR                              0x080017cd   Thumb Code   110  bsp_timer.o(i.SysTick_ISR)
    SystemInit                               0x08001851   Thumb Code    88  system_stm32f4xx.o(i.SystemInit)
    TIM5_IRQHandler                          0x080018b9   Thumb Code   140  bsp_timer.o(i.TIM5_IRQHandler)
    TIM_ClearITPendingBit                    0x0800199d   Thumb Code     6  stm32f4xx_tim.o(i.TIM_ClearITPendingBit)
    TIM_Cmd                                  0x080019a3   Thumb Code    24  stm32f4xx_tim.o(i.TIM_Cmd)
    TIM_CtrlPWMOutputs                       0x080019bb   Thumb Code    30  stm32f4xx_tim.o(i.TIM_CtrlPWMOutputs)
    TIM_GetCounter                           0x080019d9   Thumb Code     6  stm32f4xx_tim.o(i.TIM_GetCounter)
    TIM_GetITStatus                          0x080019df   Thumb Code    34  stm32f4xx_tim.o(i.TIM_GetITStatus)
    TIM_ITConfig                             0x08001a01   Thumb Code    18  stm32f4xx_tim.o(i.TIM_ITConfig)
    TIM_OC2Init                              0x08001a15   Thumb Code   154  stm32f4xx_tim.o(i.TIM_OC2Init)
    TIM_SelectOutputTrigger                  0x08001ab9   Thumb Code    18  stm32f4xx_tim.o(i.TIM_SelectOutputTrigger)
    TIM_SetCompare1                          0x08001acb   Thumb Code     4  stm32f4xx_tim.o(i.TIM_SetCompare1)
    TIM_SetCompare2                          0x08001acf   Thumb Code     4  stm32f4xx_tim.o(i.TIM_SetCompare2)
    TIM_SetCompare3                          0x08001ad3   Thumb Code     4  stm32f4xx_tim.o(i.TIM_SetCompare3)
    TIM_SetCompare4                          0x08001ad7   Thumb Code     4  stm32f4xx_tim.o(i.TIM_SetCompare4)
    TIM_TimeBaseInit                         0x08001add   Thumb Code   104  stm32f4xx_tim.o(i.TIM_TimeBaseInit)
    TIM_TimeBaseStructInit                   0x08001b61   Thumb Code    18  stm32f4xx_tim.o(i.TIM_TimeBaseStructInit)
    Timer2_ADC_T2CC__Init                    0x08001b73   Thumb Code   106  main.o(i.Timer2_ADC_T2CC__Init)
    USART1_IRQHandler                        0x08001bdd   Thumb Code    10  bsp_uart_fifo.o(i.USART1_IRQHandler)
    USART2_IRQHandler                        0x08001bed   Thumb Code    10  bsp_uart_fifo.o(i.USART2_IRQHandler)
    USART3_IRQHandler                        0x08001bfd   Thumb Code    10  bsp_uart_fifo.o(i.USART3_IRQHandler)
    USART6_IRQHandler                        0x08001c0d   Thumb Code    10  bsp_uart_fifo.o(i.USART6_IRQHandler)
    USART_ClearFlag                          0x08001c1d   Thumb Code    18  stm32f4xx_usart.o(i.USART_ClearFlag)
    USART_Cmd                                0x08001c2f   Thumb Code    24  stm32f4xx_usart.o(i.USART_Cmd)
    USART_GetITStatus                        0x08001c47   Thumb Code    84  stm32f4xx_usart.o(i.USART_GetITStatus)
    USART_ITConfig                           0x08001c9b   Thumb Code    74  stm32f4xx_usart.o(i.USART_ITConfig)
    USART_Init                               0x08001ce5   Thumb Code   204  stm32f4xx_usart.o(i.USART_Init)
    USART_ReceiveData                        0x08001db9   Thumb Code    10  stm32f4xx_usart.o(i.USART_ReceiveData)
    USART_SendData                           0x08001dc3   Thumb Code     8  stm32f4xx_usart.o(i.USART_SendData)
    UsageFault_Handler                       0x08001fad   Thumb Code     4  stm32f4xx_it.o(i.UsageFault_Handler)
    __0printf$2                              0x08001fb1   Thumb Code    22  printf2.o(i.__0printf$2)
    __1printf$2                              0x08001fb1   Thumb Code     0  printf2.o(i.__0printf$2)
    __2printf                                0x08001fb1   Thumb Code     0  printf2.o(i.__0printf$2)
    __scatterload_copy                       0x08001fd1   Thumb Code    14  handlers.o(i.__scatterload_copy)
    __scatterload_null                       0x08001fdf   Thumb Code     2  handlers.o(i.__scatterload_null)
    __scatterload_zeroinit                   0x08001fe1   Thumb Code    14  handlers.o(i.__scatterload_zeroinit)
    bsp_Init                                 0x080021d9   Thumb Code    20  bsp.o(i.bsp_Init)
    bsp_InitKey                              0x080021ed   Thumb Code    12  bsp_key.o(i.bsp_InitKey)
    bsp_InitLed                              0x0800236d   Thumb Code   112  bsp_led.o(i.bsp_InitLed)
    bsp_InitTimer                            0x080023e9   Thumb Code   136  bsp_timer.o(i.bsp_InitTimer)
    bsp_InitUart                             0x08002481   Thumb Code    20  bsp_uart_fifo.o(i.bsp_InitUart)
    bsp_KeyScan                              0x08002495   Thumb Code    22  bsp_key.o(i.bsp_KeyScan)
    bsp_LedOff                               0x080024ad   Thumb Code    52  bsp_led.o(i.bsp_LedOff)
    bsp_PutKey                               0x080024ed   Thumb Code    28  bsp_key.o(i.bsp_PutKey)
    bsp_RunPer10ms                           0x0800250d   Thumb Code     8  bsp.o(i.bsp_RunPer10ms)
    bsp_RunPer1ms                            0x08002515   Thumb Code     2  bsp.o(i.bsp_RunPer1ms)
    bsp_StartAutoTimer                       0x08002535   Thumb Code    84  bsp_timer.o(i.bsp_StartAutoTimer)
    bsp_StartHardTimer                       0x080025dd   Thumb Code   180  bsp_timer.o(i.bsp_StartHardTimer)
    fputc                                    0x080026a5   Thumb Code    30  bsp_uart_fifo.o(i.fputc)
    main                                     0x080026c9   Thumb Code   726  main.o(i.main)
    IIRCoeffs32BP                            0x080029fc   Data         120  main.o(.constdata)
    u8OneRun                                 0x08002a74   Data           8  main.o(.constdata)
    sinTable_f32                             0x08002aac   Data        2052  arm_common_tables.o(.constdata)
    Region$$Table$$Base                      0x080032b0   Number         0  anon$$obj.o(Region$$Table)
    Region$$Table$$Limit                     0x080032d0   Number         0  anon$$obj.o(Region$$Table)
    u16Probe                                 0x20000000   Data           2  main.o(.data)
    u16Probe1                                0x20000004   Data           4  main.o(.data)
    u16Probe2                                0x20000008   Data           2  main.o(.data)
    ScaleValue                               0x2000000c   Data           4  main.o(.data)
    fSpecN4_real                             0x20000010   Data           4  main.o(.data)
    fSpecN4_imaginal                         0x20000014   Data           4  main.o(.data)
    fPower                                   0x20000018   Data           4  main.o(.data)
    u32Tmp                                   0x2000001c   Data           4  main.o(.data)
    g_iRunTime                               0x20000034   Data           4  bsp_timer.o(.data)
    u8ADC_Halffull                           0x2000004b   Data           1  dma_timeradc_md.o(.data)
    u8DAC2_Halffull                          0x2000004c   Data           1  dma_dac.o(.data)
    u8DAC1_Halffull                          0x2000004d   Data           1  dma_dac.o(.data)
    SystemCoreClock                          0x20000060   Data           4  system_stm32f4xx.o(.data)
    AHBPrescTable                            0x20000064   Data          16  system_stm32f4xx.o(.data)
    __stdout                                 0x20000074   Data           4  stdout.o(.data)
    fWorkingBuf                              0x200001d8   Data         640  main.o(.bss)
    fCosineKtable                            0x20000458   Data         640  main.o(.bss)
    u16WorkingBuf                            0x200006d8   Data       32768  main.o(.bss)
    u16DecodeOutBuf                          0x200086d8   Data       16384  main.o(.bss)
    fLpFilterBuf                             0x2000c6d8   Data       16000  main.o(.bss)
    sBitSyncStruct                           0x20010558   Data          20  main.o(.bss)
    u8BitPool                                0x2001056c   Data         256  main.o(.bss)
    g_tModbus                                0x20012804   Data         400  bsp_modbus.o(.bss)
    uhADCxConvertedValue                     0x20012994   Data       16384  dma_timeradc_md.o(.bss)
    aSRC_0                                   0x20016994   Data         320  dma_dac.o(.bss)
    aSRC_Pi                                  0x20016ad4   Data         320  dma_dac.o(.bss)
    aSRC_Buffer                              0x20016c14   Data        8192  dma_dac.o(.bss)
    u16CacheInput                            0x20018c14   Data         320  dma_dac.o(.bss)
    __initial_sp                             0x20019158   Data           0  startup_stm32f40_41xxx.o(STACK)
    u32ADC                                   0x4001204c   Data           4  dma_timeradc_md.o(.ARM.__AT_0x4001204C)



==============================================================================

Memory Map of the image

  Image Entry point : 0x08000189

  Load Region LR_IROM1 (Base: 0x08000000, Size: 0x00003348, Max: 0x00100000, ABSOLUTE)

    Execution Region ER_IROM1 (Exec base: 0x08000000, Load base: 0x08000000, Size: 0x000032d0, Max: 0x00100000, ABSOLUTE)

    Exec Addr    Load Addr    Size         Type   Attr      Idx    E Section Name        Object

    0x08000000   0x08000000   0x00000188   Data   RO         1328    RESET               startup_stm32f40_41xxx.o
    0x08000188   0x08000188   0x00000000   Code   RO         4212  * .ARM.Collect$$$$00000000  mc_w.l(entry.o)
    0x08000188   0x08000188   0x00000004   Code   RO         4488    .ARM.Collect$$$$00000001  mc_w.l(entry2.o)
    0x0800018c   0x0800018c   0x00000004   Code   RO         4491    .ARM.Collect$$$$00000004  mc_w.l(entry5.o)
    0x08000190   0x08000190   0x00000000   Code   RO         4493    .ARM.Collect$$$$00000008  mc_w.l(entry7b.o)
    0x08000190   0x08000190   0x00000000   Code   RO         4495    .ARM.Collect$$$$0000000A  mc_w.l(entry8b.o)
    0x08000190   0x08000190   0x00000008   Code   RO         4496    .ARM.Collect$$$$0000000B  mc_w.l(entry9a.o)
    0x08000198   0x08000198   0x00000000   Code   RO         4498    .ARM.Collect$$$$0000000D  mc_w.l(entry10a.o)
    0x08000198   0x08000198   0x00000000   Code   RO         4500    .ARM.Collect$$$$0000000F  mc_w.l(entry11a.o)
    0x08000198   0x08000198   0x00000004   Code   RO         4489    .ARM.Collect$$$$00002712  mc_w.l(entry2.o)
    0x0800019c   0x0800019c   0x00000024   Code   RO         1329    .text               startup_stm32f40_41xxx.o
    0x080001c0   0x080001c0   0x00000074   Code   RO         4032    .text               arm_cortexM4lf_math.lib(arm_sin_f32.o)
    0x08000234   0x08000234   0x0000014c   Code   RO         4085    .text               arm_cortexM4lf_math.lib(arm_biquad_cascade_df1_f32.o)
    0x08000380   0x08000380   0x00000016   Code   RO         4109    .text               arm_cortexM4lf_math.lib(arm_biquad_cascade_df1_init_f32.o)
    0x08000396   0x08000396   0x00000024   Code   RO         4219    .text               mc_w.l(memseta.o)
    0x080003ba   0x080003ba   0x00000002   PAD
    0x080003bc   0x080003bc   0x00000024   Code   RO         4518    .text               mc_w.l(init.o)
    0x080003e0   0x080003e0   0x00000016   Code   RO         2648    i.ADC_Cmd           stm32f4xx_adc.o
    0x080003f6   0x080003f6   0x00000002   PAD
    0x080003f8   0x080003f8   0x00000030   Code   RO         2649    i.ADC_CommonInit    stm32f4xx_adc.o
    0x08000428   0x08000428   0x00000128   Code   RO         1240    i.ADC_Config        dma_timeradc_md.o
    0x08000550   0x08000550   0x00000016   Code   RO         2652    i.ADC_DMACmd        stm32f4xx_adc.o
    0x08000566   0x08000566   0x00000016   Code   RO         2653    i.ADC_DMARequestAfterLastTransferCmd  stm32f4xx_adc.o
    0x0800057c   0x0800057c   0x00000054   Code   RO         2668    i.ADC_Init          stm32f4xx_adc.o
    0x080005d0   0x080005d0   0x000000b8   Code   RO         2673    i.ADC_RegularChannelConfig  stm32f4xx_adc.o
    0x08000688   0x08000688   0x00000280   Code   RO            4    i.BitSync           main.o
    0x08000908   0x08000908   0x00000004   Code   RO          854    i.BusFault_Handler  stm32f4xx_it.o
    0x0800090c   0x0800090c   0x00000062   Code   RO          679    i.ConfigUartNVIC    bsp_uart_fifo.o
    0x0800096e   0x0800096e   0x00000002   PAD
    0x08000970   0x08000970   0x000000e4   Code   RO         1275    i.DAC_Ch1_SineWaveConfig  dma_dac.o
    0x08000a54   0x08000a54   0x000000e4   Code   RO         1276    i.DAC_Ch2_SineWaveConfig  dma_dac.o
    0x08000b38   0x08000b38   0x00000028   Code   RO         3190    i.DAC_Cmd           stm32f4xx_dac.o
    0x08000b60   0x08000b60   0x0000002c   Code   RO         3191    i.DAC_DMACmd        stm32f4xx_dac.o
    0x08000b8c   0x08000b8c   0x00000034   Code   RO         3198    i.DAC_Init          stm32f4xx_dac.o
    0x08000bc0   0x08000bc0   0x00000040   Code   RO         1277    i.DMA1_Stream5_IRQHandler  dma_dac.o
    0x08000c00   0x08000c00   0x00000044   Code   RO         1278    i.DMA1_Stream6_IRQHandler  dma_dac.o
    0x08000c44   0x08000c44   0x00000044   Code   RO         1241    i.DMA2_Stream0_IRQHandler  dma_timeradc_md.o
    0x08000c88   0x08000c88   0x00000016   Code   RO         2890    i.DMA_Cmd           stm32f4xx_dma.o
    0x08000c9e   0x08000c9e   0x00000002   PAD
    0x08000ca0   0x08000ca0   0x00000158   Code   RO         2891    i.DMA_DeInit        stm32f4xx_dma.o
    0x08000df8   0x08000df8   0x0000003a   Code   RO         2901    i.DMA_ITConfig      stm32f4xx_dma.o
    0x08000e32   0x08000e32   0x00000002   PAD
    0x08000e34   0x08000e34   0x00000058   Code   RO         2902    i.DMA_Init          stm32f4xx_dma.o
    0x08000e8c   0x08000e8c   0x00000002   Code   RO          855    i.DebugMon_Handler  stm32f4xx_it.o
    0x08000e8e   0x08000e8e   0x00000090   Code   RO         1783    i.GPIO_Init         stm32f4xx_gpio.o
    0x08000f1e   0x08000f1e   0x00000046   Code   RO         1784    i.GPIO_PinAFConfig  stm32f4xx_gpio.o
    0x08000f64   0x08000f64   0x00000058   Code   RO          856    i.HardFault_Handler  stm32f4xx_it.o
    0x08000fbc   0x08000fbc   0x000002e8   Code   RO          680    i.InitHardUart      bsp_uart_fifo.o
    0x080012a4   0x080012a4   0x00000018   Code   RO          366    i.IsKeyDown1        bsp_key.o
    0x080012bc   0x080012bc   0x00000016   Code   RO          367    i.IsKeyDown10       bsp_key.o
    0x080012d2   0x080012d2   0x00000002   PAD
    0x080012d4   0x080012d4   0x00000018   Code   RO          368    i.IsKeyDown2        bsp_key.o
    0x080012ec   0x080012ec   0x00000018   Code   RO          369    i.IsKeyDown3        bsp_key.o
    0x08001304   0x08001304   0x00000018   Code   RO          370    i.IsKeyDown4        bsp_key.o
    0x0800131c   0x0800131c   0x00000018   Code   RO          371    i.IsKeyDown5        bsp_key.o
    0x08001334   0x08001334   0x00000018   Code   RO          372    i.IsKeyDown6        bsp_key.o
    0x0800134c   0x0800134c   0x00000018   Code   RO          373    i.IsKeyDown7        bsp_key.o
    0x08001364   0x08001364   0x00000018   Code   RO          374    i.IsKeyDown8        bsp_key.o
    0x0800137c   0x0800137c   0x00000016   Code   RO          375    i.IsKeyDown9        bsp_key.o
    0x08001392   0x08001392   0x00000002   PAD
    0x08001394   0x08001394   0x00000048   Code   RO         1074    i.MODBUS_ReciveNew  bsp_modbus.o
    0x080013dc   0x080013dc   0x0000000c   Code   RO         1075    i.MODBUS_RxTimeOut  bsp_modbus.o
    0x080013e8   0x080013e8   0x00000004   Code   RO          857    i.MemManage_Handler  stm32f4xx_it.o
    0x080013ec   0x080013ec   0x00000002   Code   RO          858    i.NMI_Handler       stm32f4xx_it.o
    0x080013ee   0x080013ee   0x00000002   PAD
    0x080013f0   0x080013f0   0x00000078   Code   RO         1734    i.NVIC_Init         misc.o
    0x08001468   0x08001468   0x00000002   Code   RO          859    i.PendSV_Handler    stm32f4xx_it.o
    0x0800146a   0x0800146a   0x00000002   PAD
    0x0800146c   0x0800146c   0x00000020   Code   RO         1336    i.RCC_AHB1PeriphClockCmd  stm32f4xx_rcc.o
    0x0800148c   0x0800148c   0x00000020   Code   RO         1345    i.RCC_APB1PeriphClockCmd  stm32f4xx_rcc.o
    0x080014ac   0x080014ac   0x00000020   Code   RO         1348    i.RCC_APB2PeriphClockCmd  stm32f4xx_rcc.o
    0x080014cc   0x080014cc   0x000000e8   Code   RO         1357    i.RCC_GetClocksFreq  stm32f4xx_rcc.o
    0x080015b4   0x080015b4   0x00000034   Code   RO          681    i.RS485_InitTXE     bsp_uart_fifo.o
    0x080015e8   0x080015e8   0x0000000c   Code   RO          682    i.RS485_ReciveNew   bsp_uart_fifo.o
    0x080015f4   0x080015f4   0x0000000c   Code   RO          683    i.RS485_SendBefor   bsp_uart_fifo.o
    0x08001600   0x08001600   0x0000000c   Code   RO          685    i.RS485_SendOver    bsp_uart_fifo.o
    0x0800160c   0x0800160c   0x00000002   Code   RO          860    i.SVC_Handler       stm32f4xx_it.o
    0x0800160e   0x0800160e   0x00000002   PAD
    0x08001610   0x08001610   0x000000c8   Code   RO            5    i.SendOneFrameDPSK  main.o
    0x080016d8   0x080016d8   0x000000ec   Code   RO         3308    i.SetSysClock       system_stm32f4xx.o
    0x080017c4   0x080017c4   0x00000008   Code   RO          560    i.SysTick_Handler   bsp_timer.o
    0x080017cc   0x080017cc   0x00000084   Code   RO          561    i.SysTick_ISR       bsp_timer.o
    0x08001850   0x08001850   0x00000068   Code   RO         3310    i.SystemInit        system_stm32f4xx.o
    0x080018b8   0x080018b8   0x000000a0   Code   RO          562    i.TIM5_IRQHandler   bsp_timer.o
    0x08001958   0x08001958   0x00000044   Code   RO         1279    i.TIM6_Config       dma_dac.o
    0x0800199c   0x0800199c   0x00000006   Code   RO         2087    i.TIM_ClearITPendingBit  stm32f4xx_tim.o
    0x080019a2   0x080019a2   0x00000018   Code   RO         2092    i.TIM_Cmd           stm32f4xx_tim.o
    0x080019ba   0x080019ba   0x0000001e   Code   RO         2094    i.TIM_CtrlPWMOutputs  stm32f4xx_tim.o
    0x080019d8   0x080019d8   0x00000006   Code   RO         2111    i.TIM_GetCounter    stm32f4xx_tim.o
    0x080019de   0x080019de   0x00000022   Code   RO         2113    i.TIM_GetITStatus   stm32f4xx_tim.o
    0x08001a00   0x08001a00   0x00000012   Code   RO         2117    i.TIM_ITConfig      stm32f4xx_tim.o
    0x08001a12   0x08001a12   0x00000002   PAD
    0x08001a14   0x08001a14   0x000000a4   Code   RO         2126    i.TIM_OC2Init       stm32f4xx_tim.o
    0x08001ab8   0x08001ab8   0x00000012   Code   RO         2150    i.TIM_SelectOutputTrigger  stm32f4xx_tim.o
    0x08001aca   0x08001aca   0x00000004   Code   RO         2154    i.TIM_SetCompare1   stm32f4xx_tim.o
    0x08001ace   0x08001ace   0x00000004   Code   RO         2155    i.TIM_SetCompare2   stm32f4xx_tim.o
    0x08001ad2   0x08001ad2   0x00000004   Code   RO         2156    i.TIM_SetCompare3   stm32f4xx_tim.o
    0x08001ad6   0x08001ad6   0x00000004   Code   RO         2157    i.TIM_SetCompare4   stm32f4xx_tim.o
    0x08001ada   0x08001ada   0x00000002   PAD
    0x08001adc   0x08001adc   0x00000084   Code   RO         2164    i.TIM_TimeBaseInit  stm32f4xx_tim.o
    0x08001b60   0x08001b60   0x00000012   Code   RO         2165    i.TIM_TimeBaseStructInit  stm32f4xx_tim.o
    0x08001b72   0x08001b72   0x0000006a   Code   RO            6    i.Timer2_ADC_T2CC__Init  main.o
    0x08001bdc   0x08001bdc   0x00000010   Code   RO          687    i.USART1_IRQHandler  bsp_uart_fifo.o
    0x08001bec   0x08001bec   0x00000010   Code   RO          688    i.USART2_IRQHandler  bsp_uart_fifo.o
    0x08001bfc   0x08001bfc   0x00000010   Code   RO          689    i.USART3_IRQHandler  bsp_uart_fifo.o
    0x08001c0c   0x08001c0c   0x00000010   Code   RO          690    i.USART6_IRQHandler  bsp_uart_fifo.o
    0x08001c1c   0x08001c1c   0x00000012   Code   RO         1884    i.USART_ClearFlag   stm32f4xx_usart.o
    0x08001c2e   0x08001c2e   0x00000018   Code   RO         1888    i.USART_Cmd         stm32f4xx_usart.o
    0x08001c46   0x08001c46   0x00000054   Code   RO         1892    i.USART_GetITStatus  stm32f4xx_usart.o
    0x08001c9a   0x08001c9a   0x0000004a   Code   RO         1894    i.USART_ITConfig    stm32f4xx_usart.o
    0x08001ce4   0x08001ce4   0x000000d4   Code   RO         1895    i.USART_Init        stm32f4xx_usart.o
    0x08001db8   0x08001db8   0x0000000a   Code   RO         1902    i.USART_ReceiveData  stm32f4xx_usart.o
    0x08001dc2   0x08001dc2   0x00000008   Code   RO         1905    i.USART_SendData    stm32f4xx_usart.o
    0x08001dca   0x08001dca   0x000000e6   Code   RO          692    i.UartIRQ           bsp_uart_fifo.o
    0x08001eb0   0x08001eb0   0x000000fc   Code   RO          694    i.UartVarInit       bsp_uart_fifo.o
    0x08001fac   0x08001fac   0x00000004   Code   RO          861    i.UsageFault_Handler  stm32f4xx_it.o
    0x08001fb0   0x08001fb0   0x00000020   Code   RO         4294    i.__0printf$2       mc_w.l(printf2.o)
    0x08001fd0   0x08001fd0   0x0000000e   Code   RO         4530    i.__scatterload_copy  mc_w.l(handlers.o)
    0x08001fde   0x08001fde   0x00000002   Code   RO         4531    i.__scatterload_null  mc_w.l(handlers.o)
    0x08001fe0   0x08001fe0   0x0000000e   Code   RO         4532    i.__scatterload_zeroinit  mc_w.l(handlers.o)
    0x08001fee   0x08001fee   0x00000006   Code   RO          563    i.__set_PRIMASK     bsp_timer.o
    0x08001ff4   0x08001ff4   0x000000d6   Code   RO         4301    i._printf_core      mc_w.l(printf2.o)
    0x080020ca   0x080020ca   0x00000002   PAD
    0x080020cc   0x080020cc   0x00000040   Code   RO            7    i.arm_iir_f32_Lp    main.o
    0x0800210c   0x0800210c   0x000000cc   Code   RO          377    i.bsp_DetectKey     bsp_key.o
    0x080021d8   0x080021d8   0x00000014   Code   RO          942    i.bsp_Init          bsp.o
    0x080021ec   0x080021ec   0x0000000c   Code   RO          381    i.bsp_InitKey       bsp_key.o
    0x080021f8   0x080021f8   0x000000a0   Code   RO          382    i.bsp_InitKeyHard   bsp_key.o
    0x08002298   0x08002298   0x000000d4   Code   RO          383    i.bsp_InitKeyVar    bsp_key.o
    0x0800236c   0x0800236c   0x0000007c   Code   RO          512    i.bsp_InitLed       bsp_led.o
    0x080023e8   0x080023e8   0x00000098   Code   RO          569    i.bsp_InitTimer     bsp_timer.o
    0x08002480   0x08002480   0x00000014   Code   RO          696    i.bsp_InitUart      bsp_uart_fifo.o
    0x08002494   0x08002494   0x00000016   Code   RO          384    i.bsp_KeyScan       bsp_key.o
    0x080024aa   0x080024aa   0x00000002   PAD
    0x080024ac   0x080024ac   0x00000040   Code   RO          514    i.bsp_LedOff        bsp_led.o
    0x080024ec   0x080024ec   0x00000020   Code   RO          385    i.bsp_PutKey        bsp_key.o
    0x0800250c   0x0800250c   0x00000008   Code   RO          943    i.bsp_RunPer10ms    bsp.o
    0x08002514   0x08002514   0x00000002   Code   RO          944    i.bsp_RunPer1ms     bsp.o
    0x08002516   0x08002516   0x0000001c   Code   RO          570    i.bsp_SoftTimerDec  bsp_timer.o
    0x08002532   0x08002532   0x00000002   PAD
    0x08002534   0x08002534   0x000000a8   Code   RO          571    i.bsp_StartAutoTimer  bsp_timer.o
    0x080025dc   0x080025dc   0x000000c8   Code   RO          572    i.bsp_StartHardTimer  bsp_timer.o
    0x080026a4   0x080026a4   0x00000024   Code   RO          704    i.fputc             bsp_uart_fifo.o
    0x080026c8   0x080026c8   0x00000334   Code   RO            9    i.main              main.o
    0x080029fc   0x080029fc   0x00000080   Data   RO           11    .constdata          main.o
    0x08002a7c   0x08002a7c   0x00000030   Data   RO          576    .constdata          bsp_timer.o
    0x08002aac   0x08002aac   0x00000804   Data   RO         4189    .constdata          arm_cortexM4lf_math.lib(arm_common_tables.o)
    0x080032b0   0x080032b0   0x00000020   Data   RO         4528    Region$$Table       anon$$obj.o


    Execution Region RW_IRAM1 (Exec base: 0x20000000, Load base: 0x080032d0, Size: 0x00019158, Max: 0x00020000, ABSOLUTE)

    Exec Addr    Load Addr    Size         Type   Attr      Idx    E Section Name        Object

    0x20000000   0x080032d0   0x0000002c   Data   RW           12    .data               main.o
    0x2000002c   0x080032fc   0x0000001d   Data   RW          577    .data               bsp_timer.o
    0x20000049   0x08003319   0x00000001   Data   RW          706    .data               bsp_uart_fifo.o
    0x2000004a   0x0800331a   0x00000001   Data   RW         1078    .data               bsp_modbus.o
    0x2000004b   0x0800331b   0x00000001   Data   RW         1244    .data               dma_timeradc_md.o
    0x2000004c   0x0800331c   0x00000002   Data   RW         1281    .data               dma_dac.o
    0x2000004e   0x0800331e   0x00000010   Data   RW         1389    .data               stm32f4xx_rcc.o
    0x2000005e   0x0800332e   0x00000002   PAD
    0x20000060   0x08003330   0x00000014   Data   RW         3311    .data               system_stm32f4xx.o
    0x20000074   0x08003344   0x00000004   Data   RW         4502    .data               mc_w.l(stdout.o)
    0x20000078        -       0x0001060c   Zero   RW           10    .bss                main.o
    0x20010684        -       0x000000ad   Zero   RW          387    .bss                bsp_key.o
    0x20010731   0x08003348   0x00000003   PAD
    0x20010734        -       0x00000030   Zero   RW          575    .bss                bsp_timer.o
    0x20010764        -       0x000020a0   Zero   RW          705    .bss                bsp_uart_fifo.o
    0x20012804        -       0x00000190   Zero   RW         1077    .bss                bsp_modbus.o
    0x20012994        -       0x00004000   Zero   RW         1243    .bss                dma_timeradc_md.o
    0x20016994        -       0x000023c0   Zero   RW         1280    .bss                dma_dac.o
    0x20018d54   0x08003348   0x00000004   PAD
    0x20018d58        -       0x00000400   Zero   RW         1326    STACK               startup_stm32f40_41xxx.o



  Load Region LR$$.ARM.__AT_0x4001204C (Base: 0x4001204c, Size: 0x00000000, Max: 0x00000004, ABSOLUTE)

    Execution Region ER$$.ARM.__AT_0x4001204C (Exec base: 0x4001204c, Load base: 0x4001204c, Size: 0x00000004, Max: 0x00000004, ABSOLUTE, UNINIT)

    Exec Addr    Load Addr    Size         Type   Attr      Idx    E Section Name        Object

    0x4001204c        -       0x00000004   Zero   RW         1242    .ARM.__AT_0x4001204C  dma_timeradc_md.o


==============================================================================

Image component sizes


      Code (inc. data)   RO Data    RW Data    ZI Data      Debug   Object Name

        30          0          0          0          0       1604   bsp.o
       878        128          0          0        173      14161   bsp_key.o
       188         24          0          0          0       1255   bsp_led.o
        84         16          0          1        400       2307   bsp_modbus.o
       854        162         48         29         48      35685   bsp_timer.o
      1532        154          0          1       8352      10240   bsp_uart_fifo.o
       656         66          0          2       9152       4745   dma_dac.o
       364         34          0          1      16388       2652   dma_timeradc_md.o
      1830        130        128         44      67084     347275   main.o
       120         14          0          0          0       1244   misc.o
        36          8        392          0       1024        984   startup_stm32f40_41xxx.o
       382         24          0          0          0       5723   stm32f4xx_adc.o
       136         18          0          0          0       2826   stm32f4xx_dac.o
       512         26          0          0          0       4277   stm32f4xx_dma.o
       214          0          0          0          0       2115   stm32f4xx_gpio.o
       108         50          0          0          0       4416   stm32f4xx_it.o
       328         36          0         16          0       5239   stm32f4xx_rcc.o
       466         38          0          0          0      10477   stm32f4xx_tim.o
       430          8          0          0          0       6249   stm32f4xx_usart.o
       340         32          0         20          0       2121   system_stm32f4xx.o

    ----------------------------------------------------------------------
      9514        968        600        116     102628     465595   Object Totals
         0          0         32          0          0          0   (incl. Generated)
        26          0          0          2          7          0   (incl. Padding)

    ----------------------------------------------------------------------

      Code (inc. data)   RO Data    RW Data    ZI Data      Debug   Library Member Name

       332          0          0          0          0       1573   arm_biquad_cascade_df1_f32.o
        22          0          0          0          0        986   arm_biquad_cascade_df1_init_f32.o
         0          0       2052          0          0       4636   arm_common_tables.o
       116         12          0          0          0      16974   arm_sin_f32.o
         0          0          0          0          0          0   entry.o
         0          0          0          0          0          0   entry10a.o
         0          0          0          0          0          0   entry11a.o
         8          4          0          0          0          0   entry2.o
         4          0          0          0          0          0   entry5.o
         0          0          0          0          0          0   entry7b.o
         0          0          0          0          0          0   entry8b.o
         8          4          0          0          0          0   entry9a.o
        30          0          0          0          0          0   handlers.o
        36          8          0          0          0         68   init.o
        36          0          0          0          0        108   memseta.o
       246         10          0          0          0        176   printf2.o
         0          0          0          4          0          0   stdout.o

    ----------------------------------------------------------------------
       842         38       2052          4          0      24521   Library Totals
         4          0          0          0          0          0   (incl. Padding)

    ----------------------------------------------------------------------

      Code (inc. data)   RO Data    RW Data    ZI Data      Debug   Library Name

       470         12       2052          0          0      24169   arm_cortexM4lf_math.lib
       368         26          0          4          0        352   mc_w.l

    ----------------------------------------------------------------------
       842         38       2052          4          0      24521   Library Totals

    ----------------------------------------------------------------------

==============================================================================


      Code (inc. data)   RO Data    RW Data    ZI Data      Debug   

     10356       1006       2652        120     102628     479868   Grand Totals
     10356       1006       2652        120     102628     479868   ELF Image Totals
     10356       1006       2652        120          0          0   ROM Totals

==============================================================================

    Total RO  Size (Code + RO Data)                13008 (  12.70kB)
    Total RW  Size (RW Data + ZI Data)            102748 ( 100.34kB)
    Total ROM Size (Code + RO Data + RW Data)      13128 (  12.82kB)

==============================================================================

